******************************************************************************
                  TI ARM Linker PC v18.12.1                    
******************************************************************************
>> Linked Sat Jun 15 14:01:21 2019

OUTPUT FILE NAME:   <Final_v1.out>
ENTRY POINT SYMBOL: "_c_int00_noargs"  address: 00000c89


MEMORY CONFIGURATION

         name            origin    length      used     unused   attr    fill
----------------------  --------  ---------  --------  --------  ----  --------
  FLASH                 00000000   00040000  00001058  0003efa8  R  X
  SRAM                  20000000   00008000  00002a0c  000055f4  RW X


SEGMENT ALLOCATION MAP

run origin  load origin   length   init length attrs members
----------  ----------- ---------- ----------- ----- -------
00000000    00000000    00001058   00001058    r-x
  00000000    00000000    0000026c   0000026c    r-- .intvecs
  0000026c    0000026c    00000bc0   00000bc0    r-x .text
  00000e2c    00000e2c    000001ec   000001ec    r-- .const
  00001018    00001018    00000040   00000040    r-- .cinit
20000000    20000000    00002a10   00000000    rw-
  20000000    20000000    0000026c   00000000    rw- .vtable
  2000026c    2000026c    00002588   00000000    rw- .bss
  200027f8    200027f8    00000200   00000000    rw- .stack
  200029f8    200029f8    00000018   00000000    rw- .data


SECTION ALLOCATION MAP

 output                                  attributes/
section   page    origin      length       input sections
--------  ----  ----------  ----------   ----------------
.intvecs   0    00000000    0000026c     
                  00000000    0000026c     tm4c123gh6pm_startup_ccs.obj (.intvecs)

.text      0    0000026c    00000bc0     
                  0000026c    0000016c     main.obj (.text)
                  000003d8    00000132     driverlib.lib : gpio.obj (.text:GPIOPadConfigSet)
                  0000050a    00000002     --HOLE-- [fill = 0]
                  0000050c    0000012c     get_cord.obj (.text)
                  00000638    00000110     driverlib.lib : sysctl.obj (.text:SysCtlClockGet)
                  00000748    00000104     encoder_init.obj (.text)
                  0000084c    000000d8     uart_init.obj (.text)
                  00000924    0000009c     rtsv7M4_T_le_v4SPD16_eabi.lib : memcpy_t2.asm.obj (.text)
                  000009c0    0000007a                                   : memset_t2.asm.obj (.text)
                  00000a3a    00000002     --HOLE-- [fill = 0]
                  00000a3c    00000068     driverlib.lib : interrupt.obj (.text:IntEnable)
                  00000aa4    00000068     rtsv7M4_T_le_v4SPD16_eabi.lib : copy_decompress_lzss.c.obj (.text:decompress:lzss:__TI_decompress_lzss)
                  00000b0c    00000048     driverlib.lib : gpio.obj (.text:GPIOPinConfigure)
                  00000b54    00000046                   : uart.obj (.text:UARTConfigSetExpClk)
                  00000b9a    00000002     --HOLE-- [fill = 0]
                  00000b9c    00000044     rtsv7M4_T_le_v4SPD16_eabi.lib : autoinit.c.obj (.text:__TI_auto_init_nobinit_nopinit:__TI_auto_init_nobinit_nopinit)
                  00000be0    00000040     driverlib.lib : uart.obj (.text:_UARTIntNumberGet)
                  00000c20    00000034                   : interrupt.obj (.text:IntRegister)
                  00000c54    00000034                   : sysctl.obj (.text:SysCtlPeripheralEnable)
                  00000c88    00000034     rtsv7M4_T_le_v4SPD16_eabi.lib : boot_cortex_m.c.obj (.text:_c_int00_noargs:_c_int00_noargs)
                  00000cbc    0000002a     driverlib.lib : gpio.obj (.text:GPIODirModeSet)
                  00000ce6    00000002     --HOLE-- [fill = 0]
                  00000ce8    00000020                   : uart.obj (.text:UARTDisable)
                  00000d08    00000018                   : uart.obj (.text:UARTIntRegister)
                  00000d20    00000014                   : uart.obj (.text:UARTEnable)
                  00000d34    00000012                   : gpio.obj (.text:GPIOPinTypeQEI)
                  00000d46    00000012                   : gpio.obj (.text:GPIOPinTypeUART)
                  00000d58    00000010                   : interrupt.obj (.text:IntMasterEnable)
                  00000d68    00000010                   : qei.obj (.text:QEIVelocityConfigure)
                  00000d78    0000000e                   : qei.obj (.text:QEIConfigure)
                  00000d86    0000000e                   : uart.obj (.text:UARTCharGetNonBlocking)
                  00000d94    0000000e                   : uart.obj (.text:UARTCharPutNonBlocking)
                  00000da2    0000000e                   : uart.obj (.text:UARTCharsAvail)
                  00000db0    0000000e     rtsv7M4_T_le_v4SPD16_eabi.lib : copy_decompress_none.c.obj (.text:decompress:none:__TI_decompress_none)
                  00000dbe    0000000c     driverlib.lib : cpu.obj (.text:CPUcpsie)
                  00000dca    0000000c     rtsv7M4_T_le_v4SPD16_eabi.lib : copy_zero_init.c.obj (.text:decompress:ZI:__TI_zero_init)
                  00000dd6    0000000c     tm4c123gh6pm_startup_ccs.obj (.text)
                  00000de2    0000000a     driverlib.lib : qei.obj (.text:QEIDisable)
                  00000dec    0000000a                   : qei.obj (.text:QEIEnable)
                  00000df6    0000000a                   : qei.obj (.text:QEIVelocityEnable)
                  00000e00    0000000a                   : uart.obj (.text:UARTFIFOEnable)
                  00000e0a    0000000a                   : uart.obj (.text:UARTIntStatus)
                  00000e14    00000008                   : uart.obj (.text:UARTIntEnable)
                  00000e1c    00000004                   : qei.obj (.text:QEIPositionSet)
                  00000e20    00000004                   : uart.obj (.text:UARTIntClear)
                  00000e24    00000004     rtsv7M4_T_le_v4SPD16_eabi.lib : pre_init.c.obj (.text:_system_pre_init)
                  00000e28    00000004                                   : exit.c.obj (.text:abort:abort)

.const     0    00000e2c    000001ec     
                  00000e2c    00000090     driverlib.lib : gpio.obj (.const:g_pui32GPIOBaseAddrs)
                  00000ebc    00000070                   : interrupt.obj (.const)
                  00000f2c    0000006c                   : sysctl.obj (.const:g_pui32Xtals)
                  00000f98    00000040                   : uart.obj (.const:g_ppui32UARTIntMap)
                  00000fd8    00000040                   : uart.obj (.const:g_ppui32UARTIntMapSnowflake)

.cinit     0    00001018    00000040     
                  00001018    0000000c     (__TI_handler_table)
                  00001024    00000004     --HOLE-- [fill = 0]
                  00001028    00000008     (.cinit..bss.load) [load image, compression = zero_init]
                  00001030    00000008     (.cinit..data.load) [load image, compression = lzss]
                  00001038    00000008     (.cinit..vtable.load) [load image, compression = zero_init]
                  00001040    00000018     (__TI_cinit_table)

.init_array 
*          0    00000000    00000000     UNINITIALIZED

.vtable    0    20000000    0000026c     UNINITIALIZED
                  20000000    0000026c     driverlib.lib : interrupt.obj (.vtable)

.bss       0    2000026c    00002588     UNINITIALIZED
                  2000026c    00001900     (.common:store)
                  20001b6c    00000c80     (.common:cord)
                  200027ec    00000004     (.common:a)
                  200027f0    00000004     (.common:k)

.data      0    200029f8    00000018     UNINITIALIZED
                  200029f8    00000018     main.obj (.data)

.stack     0    200027f8    00000200     UNINITIALIZED
                  200027f8    00000004     rtsv7M4_T_le_v4SPD16_eabi.lib : boot_cortex_m.c.obj (.stack)
                  200027fc    000001fc     --HOLE--

MODULE SUMMARY

       Module                         code   ro data   rw data
       ------                         ----   -------   -------
    .\
       main.obj                       364    0         9624   
       tm4c123gh6pm_startup_ccs.obj   12     620       0      
       get_cord.obj                   300    0         8      
       encoder_init.obj               260    0         0      
       uart_init.obj                  216    0         0      
    +--+------------------------------+------+---------+---------+
       Total:                         1152   620       9632   
                                                              
    C:/ti/TivaWare_C_Series-2.1.4.178/driverlib/ccs/Debug/driverlib.lib
       interrupt.obj                  172    112       620    
       gpio.obj                       456    144       0      
       sysctl.obj                     324    108       0      
       uart.obj                       284    128       0      
       qei.obj                        64     0         0      
       cpu.obj                        12     0         0      
    +--+------------------------------+------+---------+---------+
       Total:                         1312   492       620    
                                                              
    C:\ti\ccs901\ccs\tools\compiler\ti-cgt-arm_18.12.1.LTS\lib\rtsv7M4_T_le_v4SPD16_eabi.lib
       memcpy_t2.asm.obj              156    0         0      
       memset_t2.asm.obj              122    0         0      
       copy_decompress_lzss.c.obj     104    0         0      
       autoinit.c.obj                 68     0         0      
       boot_cortex_m.c.obj            52     0         0      
       copy_decompress_none.c.obj     14     0         0      
       copy_zero_init.c.obj           12     0         0      
       exit.c.obj                     4      0         0      
       pre_init.c.obj                 4      0         0      
    +--+------------------------------+------+---------+---------+
       Total:                         536    0         0      
                                                              
       Stack:                         0      0         512    
       Linker Generated:              0      60        0      
    +--+------------------------------+------+---------+---------+
       Grand Total:                   3000   1172      10764  


LINKER GENERATED COPY TABLES

__TI_cinit_table @ 00001040 records: 3, size/record: 8, table size: 24
	.bss: load addr=00001028, load size=00000008 bytes, run addr=2000026c, run size=00002588 bytes, compression=zero_init
	.data: load addr=00001030, load size=00000008 bytes, run addr=200029f8, run size=00000018 bytes, compression=lzss
	.vtable: load addr=00001038, load size=00000008 bytes, run addr=20000000, run size=0000026c bytes, compression=zero_init


LINKER GENERATED HANDLER TABLE

__TI_handler_table @ 00001018 records: 3, size/record: 4, table size: 12
	index: 0, handler: __TI_zero_init
	index: 1, handler: __TI_decompress_lzss
	index: 2, handler: __TI_decompress_none


GLOBAL SYMBOLS: SORTED ALPHABETICALLY BY Name 

address   name                          
-------   ----                          
00000e29  C$$EXIT                       
00000dbf  CPUcpsie                      
00000cbd  GPIODirModeSet                
000003d9  GPIOPadConfigSet              
00000b0d  GPIOPinConfigure              
00000d35  GPIOPinTypeQEI                
00000d47  GPIOPinTypeUART               
00000a3d  IntEnable                     
00000d59  IntMasterEnable               
00000c21  IntRegister                   
00000d79  QEIConfigure                  
00000de3  QEIDisable                    
00000ded  QEIEnable                     
00000e1d  QEIPositionSet                
00000d69  QEIVelocityConfigure          
00000df7  QEIVelocityEnable             
00000dd7  ResetISR                      
00000639  SysCtlClockGet                
00000c55  SysCtlPeripheralEnable        
00000d87  UARTCharGetNonBlocking        
00000d95  UARTCharPutNonBlocking        
00000da3  UARTCharsAvail                
00000b55  UARTConfigSetExpClk           
00000ce9  UARTDisable                   
00000d21  UARTEnable                    
00000e01  UARTFIFOEnable                
00000e21  UARTIntClear                  
00000e15  UARTIntEnable                 
00000d09  UARTIntRegister               
00000e0b  UARTIntStatus                 
000002d5  Uart0_ISR                     
0000026d  Uart_ISR                      
200029f8  __STACK_END                   
00000200  __STACK_SIZE                  
200029f8  __STACK_TOP                   
00001040  __TI_CINIT_Base               
00001058  __TI_CINIT_Limit              
00001018  __TI_Handler_Table_Base       
00001024  __TI_Handler_Table_Limit      
00000b9d  __TI_auto_init_nobinit_nopinit
00000aa5  __TI_decompress_lzss          
00000db1  __TI_decompress_none          
ffffffff  __TI_pprof_out_hndl           
ffffffff  __TI_prof_data_size           
ffffffff  __TI_prof_data_start          
00000000  __TI_static_base__            
00000dcb  __TI_zero_init                
000009c1  __aeabi_memclr                
000009c1  __aeabi_memclr4               
000009c1  __aeabi_memclr8               
00000925  __aeabi_memcpy                
00000925  __aeabi_memcpy4               
00000925  __aeabi_memcpy8               
000009c3  __aeabi_memset                
000009c3  __aeabi_memset4               
000009c3  __aeabi_memset8               
ffffffff  __binit__                     
ffffffff  __c_args__                    
UNDEFED   __mpu_init                    
200027f8  __stack                       
00000c89  _c_int00_noargs               
UNDEFED   _system_post_cinit            
00000e25  _system_pre_init              
200027ec  a                             
00000e29  abort                         
ffffffff  binit                         
20001b6c  cord                          
00000749  encoder_init                  
20000000  g_pfnRAMVectors               
00000000  g_pfnVectors                  
0000050d  get_cord                      
20002a04  i                             
200027f0  k                             
200029fc  l                             
20002a08  m                             
000002f9  main                          
00000925  memcpy                        
000009c9  memset                        
20002a00  n                             
2000026c  store                         
200029f8  store_ptr                     
0000084d  uart_init                     


GLOBAL SYMBOLS: SORTED BY Symbol Address 

address   name                          
-------   ----                          
00000000  __TI_static_base__            
00000000  g_pfnVectors                  
00000200  __STACK_SIZE                  
0000026d  Uart_ISR                      
000002d5  Uart0_ISR                     
000002f9  main                          
000003d9  GPIOPadConfigSet              
0000050d  get_cord                      
00000639  SysCtlClockGet                
00000749  encoder_init                  
0000084d  uart_init                     
00000925  __aeabi_memcpy                
00000925  __aeabi_memcpy4               
00000925  __aeabi_memcpy8               
00000925  memcpy                        
000009c1  __aeabi_memclr                
000009c1  __aeabi_memclr4               
000009c1  __aeabi_memclr8               
000009c3  __aeabi_memset                
000009c3  __aeabi_memset4               
000009c3  __aeabi_memset8               
000009c9  memset                        
00000a3d  IntEnable                     
00000aa5  __TI_decompress_lzss          
00000b0d  GPIOPinConfigure              
00000b55  UARTConfigSetExpClk           
00000b9d  __TI_auto_init_nobinit_nopinit
00000c21  IntRegister                   
00000c55  SysCtlPeripheralEnable        
00000c89  _c_int00_noargs               
00000cbd  GPIODirModeSet                
00000ce9  UARTDisable                   
00000d09  UARTIntRegister               
00000d21  UARTEnable                    
00000d35  GPIOPinTypeQEI                
00000d47  GPIOPinTypeUART               
00000d59  IntMasterEnable               
00000d69  QEIVelocityConfigure          
00000d79  QEIConfigure                  
00000d87  UARTCharGetNonBlocking        
00000d95  UARTCharPutNonBlocking        
00000da3  UARTCharsAvail                
00000db1  __TI_decompress_none          
00000dbf  CPUcpsie                      
00000dcb  __TI_zero_init                
00000dd7  ResetISR                      
00000de3  QEIDisable                    
00000ded  QEIEnable                     
00000df7  QEIVelocityEnable             
00000e01  UARTFIFOEnable                
00000e0b  UARTIntStatus                 
00000e15  UARTIntEnable                 
00000e1d  QEIPositionSet                
00000e21  UARTIntClear                  
00000e25  _system_pre_init              
00000e29  C$$EXIT                       
00000e29  abort                         
00001018  __TI_Handler_Table_Base       
00001024  __TI_Handler_Table_Limit      
00001040  __TI_CINIT_Base               
00001058  __TI_CINIT_Limit              
20000000  g_pfnRAMVectors               
2000026c  store                         
20001b6c  cord                          
200027ec  a                             
200027f0  k                             
200027f8  __stack                       
200029f8  __STACK_END                   
200029f8  __STACK_TOP                   
200029f8  store_ptr                     
200029fc  l                             
20002a00  n                             
20002a04  i                             
20002a08  m                             
ffffffff  __TI_pprof_out_hndl           
ffffffff  __TI_prof_data_size           
ffffffff  __TI_prof_data_start          
ffffffff  __binit__                     
ffffffff  __c_args__                    
ffffffff  binit                         
UNDEFED   __mpu_init                    
UNDEFED   _system_post_cinit            

[82 symbols]
