******************************************************************************
                  TI ARM Linker PC v18.12.1                    
******************************************************************************
>> Linked Tue Jun 11 11:50:03 2019

OUTPUT FILE NAME:   <Final_v1.out>
ENTRY POINT SYMBOL: "_c_int00_noargs"  address: 00000f79


MEMORY CONFIGURATION

         name            origin    length      used     unused   attr    fill
----------------------  --------  ---------  --------  --------  ----  --------
  FLASH                 00000000   00040000  00001478  0003eb88  R  X
  SRAM                  20000000   00008000  0000381d  000047e3  RW X


SEGMENT ALLOCATION MAP

run origin  load origin   length   init length attrs members
----------  ----------- ---------- ----------- ----- -------
00000000    00000000    00001480   00001480    r-x
  00000000    00000000    0000026c   0000026c    r-- .intvecs
  00000270    00000270    00000f40   00000f40    r-x .text
  000011b0    000011b0    0000028c   0000028c    r-- .const
  00001440    00001440    00000040   00000040    r-- .cinit
20000000    20000000    00003820   00000000    rw-
  20000000    20000000    0000026c   00000000    rw- .vtable
  2000026c    2000026c    00003391   00000000    rw- .bss
  20003600    20003600    00000200   00000000    rw- .stack
  20003800    20003800    00000020   00000000    rw- .data


SECTION ALLOCATION MAP

 output                                  attributes/
section   page    origin      length       input sections
--------  ----  ----------  ----------   ----------------
.intvecs   0    00000000    0000026c     
                  00000000    0000026c     tm4c123gh6pm_startup_ccs.obj (.intvecs)

.text      0    00000270    00000f40     
                  00000270    00000234     main.obj (.text)
                  000004a4    00000136     rtsv7M4_T_le_v4SPD16_eabi.lib : fd_div_t2.asm.obj (.text)
                  000005da    00000132     driverlib.lib : gpio.obj (.text:GPIOPadConfigSet)
                  0000070c    00000004                   : qei.obj (.text:QEIPositionGet)
                  00000710    00000118     encoder_init.obj (.text)
                  00000828    00000110     driverlib.lib : sysctl.obj (.text:SysCtlClockGet)
                  00000938    000000fc     rtsv7M4_T_le_v4SPD16_eabi.lib : fd_mul_t2.asm.obj (.text)
                  00000a34    0000009c                                   : memcpy_t2.asm.obj (.text)
                  00000ad0    0000007a                                   : memset_t2.asm.obj (.text)
                  00000b4a    0000006e                                   : fd_tos_t2.asm.obj (.text)
                  00000bb8    00000068     driverlib.lib : interrupt.obj (.text:IntEnable)
                  00000c20    00000068     rtsv7M4_T_le_v4SPD16_eabi.lib : copy_decompress_lzss.c.obj (.text:decompress:lzss:__TI_decompress_lzss)
                  00000c88    00000068     uart_init.obj (.text)
                  00000cf0    00000060     driverlib.lib : timer.obj (.text:TimerConfigure)
                  00000d50    00000060     timer_init.obj (.text)
                  00000db0    0000004c     driverlib.lib : timer.obj (.text:_TimerIntNumberGet)
                  00000dfc    00000048                   : gpio.obj (.text:GPIOPinConfigure)
                  00000e44    00000046                   : uart.obj (.text:UARTConfigSetExpClk)
                  00000e8a    00000002     --HOLE-- [fill = 0]
                  00000e8c    00000044     rtsv7M4_T_le_v4SPD16_eabi.lib : autoinit.c.obj (.text:__TI_auto_init_nobinit_nopinit:__TI_auto_init_nobinit_nopinit)
                  00000ed0    00000040     driverlib.lib : uart.obj (.text:_UARTIntNumberGet)
                  00000f10    00000034                   : interrupt.obj (.text:IntRegister)
                  00000f44    00000034                   : sysctl.obj (.text:SysCtlPeripheralEnable)
                  00000f78    00000034     rtsv7M4_T_le_v4SPD16_eabi.lib : boot_cortex_m.c.obj (.text:_c_int00_noargs:_c_int00_noargs)
                  00000fac    0000002e                                   : i_tofd_t2.asm.obj (.text)
                  00000fda    0000002a     driverlib.lib : gpio.obj (.text:GPIODirModeSet)
                  00001004    00000020                   : uart.obj (.text:UARTDisable)
                  00001024    00000004                   : qei.obj (.text:QEIPositionSet)
                  00001028    0000001a     tm4c123gh6pm_startup_ccs.obj (.text)
                  00001042    00000018     driverlib.lib : gpio.obj (.text:GPIOPinTypeGPIOOutput)
                  0000105a    00000002     --HOLE-- [fill = 0]
                  0000105c    00000018                   : timer.obj (.text:TimerDisable)
                  00001074    00000018                   : timer.obj (.text:TimerIntRegister)
                  0000108c    00000018                   : uart.obj (.text:UARTIntRegister)
                  000010a4    00000014                   : uart.obj (.text:UARTEnable)
                  000010b8    00000012                   : gpio.obj (.text:GPIOPinTypeQEI)
                  000010ca    00000012                   : gpio.obj (.text:GPIOPinTypeUART)
                  000010dc    00000012                   : timer.obj (.text:TimerLoadSet)
                  000010ee    00000010                   : interrupt.obj (.text:IntMasterEnable)
                  000010fe    00000010                   : qei.obj (.text:QEIVelocityConfigure)
                  0000110e    0000000e                   : qei.obj (.text:QEIConfigure)
                  0000111c    0000000e                   : qei.obj (.text:QEIDirectionGet)
                  0000112a    0000000e                   : timer.obj (.text:TimerEnable)
                  00001138    0000000e                   : uart.obj (.text:UARTCharGetNonBlocking)
                  00001146    0000000e     rtsv7M4_T_le_v4SPD16_eabi.lib : copy_decompress_none.c.obj (.text:decompress:none:__TI_decompress_none)
                  00001154    0000000c     driverlib.lib : cpu.obj (.text:CPUcpsie)
                  00001160    0000000c     rtsv7M4_T_le_v4SPD16_eabi.lib : copy_zero_init.c.obj (.text:decompress:ZI:__TI_zero_init)
                  0000116c    0000000a     driverlib.lib : qei.obj (.text:QEIDisable)
                  00001176    0000000a                   : qei.obj (.text:QEIEnable)
                  00001180    0000000a                   : qei.obj (.text:QEIVelocityEnable)
                  0000118a    00000008                   : timer.obj (.text:TimerIntEnable)
                  00001192    00000008                   : uart.obj (.text:UARTIntEnable)
                  0000119a    00000006                   : gpio.obj (.text:GPIOPinWrite)
                  000011a0    00000004                   : qei.obj (.text:QEIVelocityGet)
                  000011a4    00000004                   : timer.obj (.text:TimerIntClear)
                  000011a8    00000004     rtsv7M4_T_le_v4SPD16_eabi.lib : pre_init.c.obj (.text:_system_pre_init)
                  000011ac    00000004                                   : exit.c.obj (.text:abort:abort)

.const     0    000011b0    0000028c     
                  000011b0    00000090     driverlib.lib : gpio.obj (.const:g_pui32GPIOBaseAddrs)
                  00001240    00000070                   : interrupt.obj (.const)
                  000012b0    0000006c                   : sysctl.obj (.const:g_pui32Xtals)
                  0000131c    00000060                   : timer.obj (.const:g_ppui32TimerIntMap)
                  0000137c    00000040                   : timer.obj (.const:g_ppui32TimerIntMapSnowflake)
                  000013bc    00000040                   : uart.obj (.const:g_ppui32UARTIntMap)
                  000013fc    00000040                   : uart.obj (.const:g_ppui32UARTIntMapSnowflake)

.cinit     0    00001440    00000040     
                  00001440    0000000c     (__TI_handler_table)
                  0000144c    00000004     --HOLE-- [fill = 0]
                  00001450    00000008     (.cinit..bss.load) [load image, compression = zero_init]
                  00001458    00000008     (.cinit..data.load) [load image, compression = lzss]
                  00001460    00000008     (.cinit..vtable.load) [load image, compression = zero_init]
                  00001468    00000018     (__TI_cinit_table)

.init_array 
*          0    00000000    00000000     UNINITIALIZED

.vtable    0    20000000    0000026c     UNINITIALIZED
                  20000000    0000026c     driverlib.lib : interrupt.obj (.vtable)

.bss       0    2000026c    00003391     UNINITIALIZED
                  2000026c    000012c0     (.common:wh1)
                  2000152c    000012c0     (.common:wh2)
                  200027ec    00000640     (.common:x)
                  20002e2c    00000640     (.common:y)
                  2000346c    00000190     (.common:timestamp)
                  200035fc    00000001     (.common:state1)

.data      0    20003800    00000020     UNINITIALIZED
                  20003800    00000020     main.obj (.data)

.stack     0    20003600    00000200     UNINITIALIZED
                  20003600    00000004     rtsv7M4_T_le_v4SPD16_eabi.lib : boot_cortex_m.c.obj (.stack)
                  20003604    000001fc     --HOLE--

MODULE SUMMARY

       Module                         code   ro data   rw data
       ------                         ----   -------   -------
    .\
       main.obj                       564    0         13233  
       tm4c123gh6pm_startup_ccs.obj   26     620       0      
       encoder_init.obj               280    0         0      
       uart_init.obj                  104    0         0      
       timer_init.obj                 96     0         0      
    +--+------------------------------+------+---------+---------+
       Total:                         1070   620       13233  
                                                              
    D:/TivaWare_C_Series-2.1.4.178/driverlib/ccs/Debug/driverlib.lib
       interrupt.obj                  172    112       620    
       gpio.obj                       486    144       0      
       sysctl.obj                     324    108       0      
       timer.obj                      264    160       0      
       uart.obj                       232    128       0      
       qei.obj                        86     0         0      
       cpu.obj                        12     0         0      
    +--+------------------------------+------+---------+---------+
       Total:                         1576   652       620    
                                                              
    D:\CSS\ccs\tools\compiler\ti-cgt-arm_18.12.1.LTS\lib\rtsv7M4_T_le_v4SPD16_eabi.lib
       fd_div_t2.asm.obj              310    0         0      
       fd_mul_t2.asm.obj              252    0         0      
       memcpy_t2.asm.obj              156    0         0      
       memset_t2.asm.obj              122    0         0      
       fd_tos_t2.asm.obj              110    0         0      
       copy_decompress_lzss.c.obj     104    0         0      
       autoinit.c.obj                 68     0         0      
       boot_cortex_m.c.obj            52     0         0      
       i_tofd_t2.asm.obj              46     0         0      
       copy_decompress_none.c.obj     14     0         0      
       copy_zero_init.c.obj           12     0         0      
       exit.c.obj                     4      0         0      
       pre_init.c.obj                 4      0         0      
    +--+------------------------------+------+---------+---------+
       Total:                         1254   0         0      
                                                              
       Stack:                         0      0         512    
       Linker Generated:              0      60        0      
    +--+------------------------------+------+---------+---------+
       Grand Total:                   3900   1332      14365  


LINKER GENERATED COPY TABLES

__TI_cinit_table @ 00001468 records: 3, size/record: 8, table size: 24
	.bss: load addr=00001450, load size=00000008 bytes, run addr=2000026c, run size=00003391 bytes, compression=zero_init
	.data: load addr=00001458, load size=00000008 bytes, run addr=20003800, run size=00000020 bytes, compression=lzss
	.vtable: load addr=00001460, load size=00000008 bytes, run addr=20000000, run size=0000026c bytes, compression=zero_init


LINKER GENERATED HANDLER TABLE

__TI_handler_table @ 00001440 records: 3, size/record: 4, table size: 12
	index: 0, handler: __TI_zero_init
	index: 1, handler: __TI_decompress_lzss
	index: 2, handler: __TI_decompress_none


GLOBAL SYMBOLS: SORTED ALPHABETICALLY BY Name 

address   name                          
-------   ----                          
000011ad  C$$EXIT                       
00001155  CPUcpsie                      
00000fdb  GPIODirModeSet                
000005db  GPIOPadConfigSet              
00000dfd  GPIOPinConfigure              
00001043  GPIOPinTypeGPIOOutput         
000010b9  GPIOPinTypeQEI                
000010cb  GPIOPinTypeUART               
0000119b  GPIOPinWrite                  
00000bb9  IntEnable                     
000010ef  IntMasterEnable               
00000f11  IntRegister                   
0000110f  QEIConfigure                  
0000111d  QEIDirectionGet               
0000116d  QEIDisable                    
00001177  QEIEnable                     
0000070d  QEIPositionGet                
00001025  QEIPositionSet                
000010ff  QEIVelocityConfigure          
00001181  QEIVelocityEnable             
000011a1  QEIVelocityGet                
00001029  ResetISR                      
00000829  SysCtlClockGet                
00000f45  SysCtlPeripheralEnable        
00000271  Tim_ISR                       
00000cf1  TimerConfigure                
0000105d  TimerDisable                  
0000112b  TimerEnable                   
000011a5  TimerIntClear                 
0000118b  TimerIntEnable                
00001075  TimerIntRegister              
000010dd  TimerLoadSet                  
00000d51  Timer_init                    
00001139  UARTCharGetNonBlocking        
00000e45  UARTConfigSetExpClk           
00001005  UARTDisable                   
000010a5  UARTEnable                    
00001193  UARTIntEnable                 
0000108d  UARTIntRegister               
00000321  Uart_ISR                      
20003800  __STACK_END                   
00000200  __STACK_SIZE                  
20003800  __STACK_TOP                   
00001468  __TI_CINIT_Base               
00001480  __TI_CINIT_Limit              
00001440  __TI_Handler_Table_Base       
0000144c  __TI_Handler_Table_Limit      
00000e8d  __TI_auto_init_nobinit_nopinit
00000c21  __TI_decompress_lzss          
00001147  __TI_decompress_none          
ffffffff  __TI_pprof_out_hndl           
ffffffff  __TI_prof_data_size           
ffffffff  __TI_prof_data_start          
00000000  __TI_static_base__            
00001161  __TI_zero_init                
00000b4b  __aeabi_d2f                   
000004a5  __aeabi_ddiv                  
00000939  __aeabi_dmul                  
00000fad  __aeabi_i2d                   
00000ad1  __aeabi_memclr                
00000ad1  __aeabi_memclr4               
00000ad1  __aeabi_memclr8               
00000a35  __aeabi_memcpy                
00000a35  __aeabi_memcpy4               
00000a35  __aeabi_memcpy8               
00000ad3  __aeabi_memset                
00000ad3  __aeabi_memset4               
00000ad3  __aeabi_memset8               
ffffffff  __binit__                     
ffffffff  __c_args__                    
UNDEFED   __mpu_init                    
20003600  __stack                       
00000f79  _c_int00_noargs               
UNDEFED   _system_post_cinit            
000011a9  _system_pre_init              
000011ad  abort                         
ffffffff  binit                         
20003810  disp                          
20003808  dtheta                        
00000711  encoder_init                  
20000000  g_pfnRAMVectors               
00000000  g_pfnVectors                  
20003800  lL                            
20003804  lR                            
00000331  main                          
00000a35  memcpy                        
00000ad9  memset                        
20003818  read_ptr                      
2000381c  send_ptr                      
200035fc  state1                        
20003814  store_ptr                     
2000380c  theta                         
2000346c  timestamp                     
00000c89  uart_init                     
2000026c  wh1                           
2000152c  wh2                           
200027ec  x                             
20002e2c  y                             


GLOBAL SYMBOLS: SORTED BY Symbol Address 

address   name                          
-------   ----                          
00000000  __TI_static_base__            
00000000  g_pfnVectors                  
00000200  __STACK_SIZE                  
00000271  Tim_ISR                       
00000321  Uart_ISR                      
00000331  main                          
000004a5  __aeabi_ddiv                  
000005db  GPIOPadConfigSet              
0000070d  QEIPositionGet                
00000711  encoder_init                  
00000829  SysCtlClockGet                
00000939  __aeabi_dmul                  
00000a35  __aeabi_memcpy                
00000a35  __aeabi_memcpy4               
00000a35  __aeabi_memcpy8               
00000a35  memcpy                        
00000ad1  __aeabi_memclr                
00000ad1  __aeabi_memclr4               
00000ad1  __aeabi_memclr8               
00000ad3  __aeabi_memset                
00000ad3  __aeabi_memset4               
00000ad3  __aeabi_memset8               
00000ad9  memset                        
00000b4b  __aeabi_d2f                   
00000bb9  IntEnable                     
00000c21  __TI_decompress_lzss          
00000c89  uart_init                     
00000cf1  TimerConfigure                
00000d51  Timer_init                    
00000dfd  GPIOPinConfigure              
00000e45  UARTConfigSetExpClk           
00000e8d  __TI_auto_init_nobinit_nopinit
00000f11  IntRegister                   
00000f45  SysCtlPeripheralEnable        
00000f79  _c_int00_noargs               
00000fad  __aeabi_i2d                   
00000fdb  GPIODirModeSet                
00001005  UARTDisable                   
00001025  QEIPositionSet                
00001029  ResetISR                      
00001043  GPIOPinTypeGPIOOutput         
0000105d  TimerDisable                  
00001075  TimerIntRegister              
0000108d  UARTIntRegister               
000010a5  UARTEnable                    
000010b9  GPIOPinTypeQEI                
000010cb  GPIOPinTypeUART               
000010dd  TimerLoadSet                  
000010ef  IntMasterEnable               
000010ff  QEIVelocityConfigure          
0000110f  QEIConfigure                  
0000111d  QEIDirectionGet               
0000112b  TimerEnable                   
00001139  UARTCharGetNonBlocking        
00001147  __TI_decompress_none          
00001155  CPUcpsie                      
00001161  __TI_zero_init                
0000116d  QEIDisable                    
00001177  QEIEnable                     
00001181  QEIVelocityEnable             
0000118b  TimerIntEnable                
00001193  UARTIntEnable                 
0000119b  GPIOPinWrite                  
000011a1  QEIVelocityGet                
000011a5  TimerIntClear                 
000011a9  _system_pre_init              
000011ad  C$$EXIT                       
000011ad  abort                         
00001440  __TI_Handler_Table_Base       
0000144c  __TI_Handler_Table_Limit      
00001468  __TI_CINIT_Base               
00001480  __TI_CINIT_Limit              
20000000  g_pfnRAMVectors               
2000026c  wh1                           
2000152c  wh2                           
200027ec  x                             
20002e2c  y                             
2000346c  timestamp                     
200035fc  state1                        
20003600  __stack                       
20003800  __STACK_END                   
20003800  __STACK_TOP                   
20003800  lL                            
20003804  lR                            
20003808  dtheta                        
2000380c  theta                         
20003810  disp                          
20003814  store_ptr                     
20003818  read_ptr                      
2000381c  send_ptr                      
ffffffff  __TI_pprof_out_hndl           
ffffffff  __TI_prof_data_size           
ffffffff  __TI_prof_data_start          
ffffffff  __binit__                     
ffffffff  __c_args__                    
ffffffff  binit                         
UNDEFED   __mpu_init                    
UNDEFED   _system_post_cinit            

[98 symbols]
