<?xml version="1.0" encoding="ISO-8859-1" ?>
<link_info>
   <banner>TI ARM Linker PC v18.12.1.LTS</banner>
   <copyright>Copyright (c) 1996-2018 Texas Instruments Incorporated</copyright>
   <link_time>0x5d2dd10e</link_time>
   <link_errors>0x0</link_errors>
   <output_file>Final_v1.out</output_file>
   <entry_point>
      <name>_c_int00_noargs</name>
      <address>0x33c1</address>
   </entry_point>
   <input_file_list>
      <input_file id="fl-2">
         <path>.\</path>
         <kind>object</kind>
         <file>encoder_init.obj</file>
         <name>encoder_init.obj</name>
      </input_file>
      <input_file id="fl-3">
         <path>.\</path>
         <kind>object</kind>
         <file>fr_api.obj</file>
         <name>fr_api.obj</name>
      </input_file>
      <input_file id="fl-4">
         <path>.\</path>
         <kind>object</kind>
         <file>main.obj</file>
         <name>main.obj</name>
      </input_file>
      <input_file id="fl-5">
         <path>.\</path>
         <kind>object</kind>
         <file>pwm_init.obj</file>
         <name>pwm_init.obj</name>
      </input_file>
      <input_file id="fl-6">
         <path>.\</path>
         <kind>object</kind>
         <file>send_float.obj</file>
         <name>send_float.obj</name>
      </input_file>
      <input_file id="fl-7">
         <path>.\</path>
         <kind>object</kind>
         <file>timer_init.obj</file>
         <name>timer_init.obj</name>
      </input_file>
      <input_file id="fl-8">
         <path>.\</path>
         <kind>object</kind>
         <file>tm4c123gh6pm_startup_ccs.obj</file>
         <name>tm4c123gh6pm_startup_ccs.obj</name>
      </input_file>
      <input_file id="fl-9">
         <path>.\</path>
         <kind>object</kind>
         <file>uart_init.obj</file>
         <name>uart_init.obj</name>
      </input_file>
      <input_file id="fl-e">
         <kind>object</kind>
         <file>&lt;internal&gt;</file>
         <name>&lt;internal&gt;</name>
      </input_file>
      <input_file id="fl-c4">
         <path>D:\CSS\ccs\tools\compiler\ti-cgt-arm_18.12.1.LTS\lib\</path>
         <kind>archive</kind>
         <file>rtsv7M4_T_le_v4SPD16_eabi.lib</file>
         <name>s_cos.c.obj</name>
      </input_file>
      <input_file id="fl-c5">
         <path>D:\CSS\ccs\tools\compiler\ti-cgt-arm_18.12.1.LTS\lib\</path>
         <kind>archive</kind>
         <file>rtsv7M4_T_le_v4SPD16_eabi.lib</file>
         <name>s_sin.c.obj</name>
      </input_file>
      <input_file id="fl-c6">
         <path>D:\CSS\ccs\tools\compiler\ti-cgt-arm_18.12.1.LTS\lib\</path>
         <kind>archive</kind>
         <file>rtsv7M4_T_le_v4SPD16_eabi.lib</file>
         <name>fd_add_t2.asm.obj</name>
      </input_file>
      <input_file id="fl-c7">
         <path>D:\CSS\ccs\tools\compiler\ti-cgt-arm_18.12.1.LTS\lib\</path>
         <kind>archive</kind>
         <file>rtsv7M4_T_le_v4SPD16_eabi.lib</file>
         <name>fd_cmp_t2.asm.obj</name>
      </input_file>
      <input_file id="fl-c8">
         <path>D:\CSS\ccs\tools\compiler\ti-cgt-arm_18.12.1.LTS\lib\</path>
         <kind>archive</kind>
         <file>rtsv7M4_T_le_v4SPD16_eabi.lib</file>
         <name>fd_div_t2.asm.obj</name>
      </input_file>
      <input_file id="fl-c9">
         <path>D:\CSS\ccs\tools\compiler\ti-cgt-arm_18.12.1.LTS\lib\</path>
         <kind>archive</kind>
         <file>rtsv7M4_T_le_v4SPD16_eabi.lib</file>
         <name>fd_mul_t2.asm.obj</name>
      </input_file>
      <input_file id="fl-ca">
         <path>D:\CSS\ccs\tools\compiler\ti-cgt-arm_18.12.1.LTS\lib\</path>
         <kind>archive</kind>
         <file>rtsv7M4_T_le_v4SPD16_eabi.lib</file>
         <name>fd_toi_t2.asm.obj</name>
      </input_file>
      <input_file id="fl-cb">
         <path>D:\CSS\ccs\tools\compiler\ti-cgt-arm_18.12.1.LTS\lib\</path>
         <kind>archive</kind>
         <file>rtsv7M4_T_le_v4SPD16_eabi.lib</file>
         <name>fd_tos_t2.asm.obj</name>
      </input_file>
      <input_file id="fl-cc">
         <path>D:\CSS\ccs\tools\compiler\ti-cgt-arm_18.12.1.LTS\lib\</path>
         <kind>archive</kind>
         <file>rtsv7M4_T_le_v4SPD16_eabi.lib</file>
         <name>fs_tod_t2.asm.obj</name>
      </input_file>
      <input_file id="fl-cd">
         <path>D:\CSS\ccs\tools\compiler\ti-cgt-arm_18.12.1.LTS\lib\</path>
         <kind>archive</kind>
         <file>rtsv7M4_T_le_v4SPD16_eabi.lib</file>
         <name>i_tofd_t2.asm.obj</name>
      </input_file>
      <input_file id="fl-ce">
         <path>D:\CSS\ccs\tools\compiler\ti-cgt-arm_18.12.1.LTS\lib\</path>
         <kind>archive</kind>
         <file>rtsv7M4_T_le_v4SPD16_eabi.lib</file>
         <name>memset_t2.asm.obj</name>
      </input_file>
      <input_file id="fl-cf">
         <path>D:\CSS\ccs\tools\compiler\ti-cgt-arm_18.12.1.LTS\lib\</path>
         <kind>archive</kind>
         <file>rtsv7M4_T_le_v4SPD16_eabi.lib</file>
         <name>copy_zero_init.c.obj</name>
      </input_file>
      <input_file id="fl-d0">
         <path>D:\CSS\ccs\tools\compiler\ti-cgt-arm_18.12.1.LTS\lib\</path>
         <kind>archive</kind>
         <file>rtsv7M4_T_le_v4SPD16_eabi.lib</file>
         <name>copy_decompress_none.c.obj</name>
      </input_file>
      <input_file id="fl-d1">
         <path>D:\CSS\ccs\tools\compiler\ti-cgt-arm_18.12.1.LTS\lib\</path>
         <kind>archive</kind>
         <file>rtsv7M4_T_le_v4SPD16_eabi.lib</file>
         <name>copy_decompress_lzss.c.obj</name>
      </input_file>
      <input_file id="fl-d2">
         <path>D:\CSS\ccs\tools\compiler\ti-cgt-arm_18.12.1.LTS\lib\</path>
         <kind>archive</kind>
         <file>rtsv7M4_T_le_v4SPD16_eabi.lib</file>
         <name>boot_cortex_m.c.obj</name>
      </input_file>
      <input_file id="fl-d3">
         <path>D:\CSS\ccs\tools\compiler\ti-cgt-arm_18.12.1.LTS\lib\</path>
         <kind>archive</kind>
         <file>rtsv7M4_T_le_v4SPD16_eabi.lib</file>
         <name>k_rem_pio2.c.obj</name>
      </input_file>
      <input_file id="fl-d4">
         <path>D:\CSS\ccs\tools\compiler\ti-cgt-arm_18.12.1.LTS\lib\</path>
         <kind>archive</kind>
         <file>rtsv7M4_T_le_v4SPD16_eabi.lib</file>
         <name>k_cos.c.obj</name>
      </input_file>
      <input_file id="fl-d5">
         <path>D:\CSS\ccs\tools\compiler\ti-cgt-arm_18.12.1.LTS\lib\</path>
         <kind>archive</kind>
         <file>rtsv7M4_T_le_v4SPD16_eabi.lib</file>
         <name>k_sin.c.obj</name>
      </input_file>
      <input_file id="fl-d6">
         <path>D:\CSS\ccs\tools\compiler\ti-cgt-arm_18.12.1.LTS\lib\</path>
         <kind>archive</kind>
         <file>rtsv7M4_T_le_v4SPD16_eabi.lib</file>
         <name>s_floor.c.obj</name>
      </input_file>
      <input_file id="fl-d7">
         <path>D:\CSS\ccs\tools\compiler\ti-cgt-arm_18.12.1.LTS\lib\</path>
         <kind>archive</kind>
         <file>rtsv7M4_T_le_v4SPD16_eabi.lib</file>
         <name>s_scalbn.c.obj</name>
      </input_file>
      <input_file id="fl-d8">
         <path>D:\CSS\ccs\tools\compiler\ti-cgt-arm_18.12.1.LTS\lib\</path>
         <kind>archive</kind>
         <file>rtsv7M4_T_le_v4SPD16_eabi.lib</file>
         <name>s_copysign.c.obj</name>
      </input_file>
      <input_file id="fl-d9">
         <path>D:\CSS\ccs\tools\compiler\ti-cgt-arm_18.12.1.LTS\lib\</path>
         <kind>archive</kind>
         <file>rtsv7M4_T_le_v4SPD16_eabi.lib</file>
         <name>memcpy_t2.asm.obj</name>
      </input_file>
      <input_file id="fl-da">
         <path>D:\CSS\ccs\tools\compiler\ti-cgt-arm_18.12.1.LTS\lib\</path>
         <kind>archive</kind>
         <file>rtsv7M4_T_le_v4SPD16_eabi.lib</file>
         <name>autoinit.c.obj</name>
      </input_file>
      <input_file id="fl-db">
         <path>D:\CSS\ccs\tools\compiler\ti-cgt-arm_18.12.1.LTS\lib\</path>
         <kind>archive</kind>
         <file>rtsv7M4_T_le_v4SPD16_eabi.lib</file>
         <name>pre_init.c.obj</name>
      </input_file>
      <input_file id="fl-dc">
         <path>D:\CSS\ccs\tools\compiler\ti-cgt-arm_18.12.1.LTS\lib\</path>
         <kind>archive</kind>
         <file>rtsv7M4_T_le_v4SPD16_eabi.lib</file>
         <name>cpy_tbl.c.obj</name>
      </input_file>
      <input_file id="fl-dd">
         <path>D:\CSS\ccs\tools\compiler\ti-cgt-arm_18.12.1.LTS\lib\</path>
         <kind>archive</kind>
         <file>rtsv7M4_T_le_v4SPD16_eabi.lib</file>
         <name>exit.c.obj</name>
      </input_file>
      <input_file id="fl-de">
         <path>D:\CSS\ccs\tools\compiler\ti-cgt-arm_18.12.1.LTS\lib\</path>
         <kind>archive</kind>
         <file>rtsv7M4_T_le_v4SPD16_eabi.lib</file>
         <name>_lock.c.obj</name>
      </input_file>
      <input_file id="fl-df">
         <path>D:\CSS\ccs\tools\compiler\ti-cgt-arm_18.12.1.LTS\lib\</path>
         <kind>archive</kind>
         <file>rtsv7M4_T_le_v4SPD16_eabi.lib</file>
         <name>args_main.c.obj</name>
      </input_file>
      <input_file id="fl-e0">
         <path>D:\CSS\ccs\tools\compiler\ti-cgt-arm_18.12.1.LTS\lib\</path>
         <kind>archive</kind>
         <file>rtsv7M4_T_le_v4SPD16_eabi.lib</file>
         <name>errno.c.obj</name>
      </input_file>
      <input_file id="fl-e1">
         <path>D:\TivaWare_C_Series-2.1.4.178\driverlib\ccs\Debug\</path>
         <kind>archive</kind>
         <file>driverlib.lib</file>
         <name>gpio.obj</name>
      </input_file>
      <input_file id="fl-e2">
         <path>D:\TivaWare_C_Series-2.1.4.178\driverlib\ccs\Debug\</path>
         <kind>archive</kind>
         <file>driverlib.lib</file>
         <name>interrupt.obj</name>
      </input_file>
      <input_file id="fl-e3">
         <path>D:\TivaWare_C_Series-2.1.4.178\driverlib\ccs\Debug\</path>
         <kind>archive</kind>
         <file>driverlib.lib</file>
         <name>pwm.obj</name>
      </input_file>
      <input_file id="fl-e4">
         <path>D:\TivaWare_C_Series-2.1.4.178\driverlib\ccs\Debug\</path>
         <kind>archive</kind>
         <file>driverlib.lib</file>
         <name>qei.obj</name>
      </input_file>
      <input_file id="fl-e5">
         <path>D:\TivaWare_C_Series-2.1.4.178\driverlib\ccs\Debug\</path>
         <kind>archive</kind>
         <file>driverlib.lib</file>
         <name>sysctl.obj</name>
      </input_file>
      <input_file id="fl-e6">
         <path>D:\TivaWare_C_Series-2.1.4.178\driverlib\ccs\Debug\</path>
         <kind>archive</kind>
         <file>driverlib.lib</file>
         <name>timer.obj</name>
      </input_file>
      <input_file id="fl-e7">
         <path>D:\TivaWare_C_Series-2.1.4.178\driverlib\ccs\Debug\</path>
         <kind>archive</kind>
         <file>driverlib.lib</file>
         <name>uart.obj</name>
      </input_file>
      <input_file id="fl-e8">
         <path>D:\TivaWare_C_Series-2.1.4.178\driverlib\ccs\Debug\</path>
         <kind>archive</kind>
         <file>driverlib.lib</file>
         <name>cpu.obj</name>
      </input_file>
   </input_file_list>
   <object_component_list>
      <object_component id="oc-f">
         <name>.intvecs</name>
         <load_address>0x0</load_address>
         <run_address>0x0</run_address>
         <size>0x26c</size>
         <input_file_ref idref="fl-8"/>
      </object_component>
      <object_component id="oc-28f">
         <name>.text:__kernel_rem_pio2</name>
         <load_address>0x26c</load_address>
         <run_address>0x26c</run_address>
         <size>0x738</size>
         <input_file_ref idref="fl-d3"/>
      </object_component>
      <object_component id="oc-98">
         <name>.text</name>
         <load_address>0x9a4</load_address>
         <run_address>0x9a4</run_address>
         <size>0x698</size>
         <input_file_ref idref="fl-4"/>
      </object_component>
      <object_component id="oc-14f">
         <name>.text:cos</name>
         <load_address>0x103c</load_address>
         <run_address>0x103c</run_address>
         <size>0x5dc</size>
         <input_file_ref idref="fl-c4"/>
      </object_component>
      <object_component id="oc-142">
         <name>.text:sin</name>
         <load_address>0x1618</load_address>
         <run_address>0x1618</run_address>
         <size>0x5c4</size>
         <input_file_ref idref="fl-c5"/>
      </object_component>
      <object_component id="oc-1b4">
         <name>.text</name>
         <load_address>0x1bdc</load_address>
         <run_address>0x1bdc</run_address>
         <size>0x258</size>
         <input_file_ref idref="fl-3"/>
      </object_component>
      <object_component id="oc-148">
         <name>.text</name>
         <load_address>0x1e34</load_address>
         <run_address>0x1e34</run_address>
         <size>0x1b6</size>
         <input_file_ref idref="fl-c6"/>
      </object_component>
      <object_component id="oc-284">
         <name>.text:__kernel_sin</name>
         <load_address>0x1fec</load_address>
         <run_address>0x1fec</run_address>
         <size>0x174</size>
         <input_file_ref idref="fl-d5"/>
      </object_component>
      <object_component id="oc-295">
         <name>.text:__kernel_cos</name>
         <load_address>0x2160</load_address>
         <run_address>0x2160</run_address>
         <size>0x16c</size>
         <input_file_ref idref="fl-d4"/>
      </object_component>
      <object_component id="oc-133">
         <name>.text</name>
         <load_address>0x22cc</load_address>
         <run_address>0x22cc</run_address>
         <size>0x136</size>
         <input_file_ref idref="fl-c8"/>
      </object_component>
      <object_component id="oc-2e0">
         <name>.text:GPIOPadConfigSet</name>
         <load_address>0x2402</load_address>
         <run_address>0x2402</run_address>
         <size>0x132</size>
         <input_file_ref idref="fl-e1"/>
      </object_component>
      <object_component id="oc-f3">
         <name>.text</name>
         <load_address>0x2534</load_address>
         <run_address>0x2534</run_address>
         <size>0x120</size>
         <input_file_ref idref="fl-6"/>
      </object_component>
      <object_component id="oc-117">
         <name>.text</name>
         <load_address>0x2654</load_address>
         <run_address>0x2654</run_address>
         <size>0x118</size>
         <input_file_ref idref="fl-2"/>
      </object_component>
      <object_component id="oc-211">
         <name>.text:SysCtlClockGet</name>
         <load_address>0x276c</load_address>
         <run_address>0x276c</run_address>
         <size>0x110</size>
         <input_file_ref idref="fl-e5"/>
      </object_component>
      <object_component id="oc-339">
         <name>.text:scalbn</name>
         <load_address>0x287c</load_address>
         <run_address>0x287c</run_address>
         <size>0x110</size>
         <input_file_ref idref="fl-d7"/>
      </object_component>
      <object_component id="oc-12e">
         <name>.text</name>
         <load_address>0x298c</load_address>
         <run_address>0x298c</run_address>
         <size>0xfc</size>
         <input_file_ref idref="fl-c9"/>
      </object_component>
      <object_component id="oc-33f">
         <name>.text:floor</name>
         <load_address>0x2a88</load_address>
         <run_address>0x2a88</run_address>
         <size>0xf8</size>
         <input_file_ref idref="fl-d6"/>
      </object_component>
      <object_component id="oc-111">
         <name>.text</name>
         <load_address>0x2b80</load_address>
         <run_address>0x2b80</run_address>
         <size>0xcc</size>
         <input_file_ref idref="fl-5"/>
      </object_component>
      <object_component id="oc-123">
         <name>.text</name>
         <load_address>0x2c4c</load_address>
         <run_address>0x2c4c</run_address>
         <size>0xbc</size>
         <input_file_ref idref="fl-7"/>
      </object_component>
      <object_component id="oc-11d">
         <name>.text</name>
         <load_address>0x2d08</load_address>
         <run_address>0x2d08</run_address>
         <size>0xb0</size>
         <input_file_ref idref="fl-9"/>
      </object_component>
      <object_component id="oc-38">
         <name>.text</name>
         <load_address>0x2db8</load_address>
         <run_address>0x2db8</run_address>
         <size>0x9c</size>
         <input_file_ref idref="fl-d9"/>
      </object_component>
      <object_component id="oc-28a">
         <name>.text:__aeabi_cdcmple</name>
         <load_address>0x2e54</load_address>
         <run_address>0x2e54</run_address>
         <size>0x86</size>
         <input_file_ref idref="fl-c7"/>
      </object_component>
      <object_component id="oc-345">
         <name>.text:__aeabi_cdrcmple</name>
         <load_address>0x2eda</load_address>
         <run_address>0x2eda</run_address>
         <size>0x86</size>
         <input_file_ref idref="fl-c7"/>
      </object_component>
      <object_component id="oc-8c">
         <name>.text</name>
         <load_address>0x2f60</load_address>
         <run_address>0x2f60</run_address>
         <size>0x7a</size>
         <input_file_ref idref="fl-ce"/>
      </object_component>
      <object_component id="oc-138">
         <name>.text</name>
         <load_address>0x2fda</load_address>
         <run_address>0x2fda</run_address>
         <size>0x6e</size>
         <input_file_ref idref="fl-cb"/>
      </object_component>
      <object_component id="oc-261">
         <name>.text:IntEnable</name>
         <load_address>0x3048</load_address>
         <run_address>0x3048</run_address>
         <size>0x68</size>
         <input_file_ref idref="fl-e2"/>
      </object_component>
      <object_component id="oc-12">
         <name>.text:decompress:lzss:__TI_decompress_lzss</name>
         <load_address>0x30b0</load_address>
         <run_address>0x30b0</run_address>
         <size>0x68</size>
         <input_file_ref idref="fl-d1"/>
      </object_component>
      <object_component id="oc-255">
         <name>.text:TimerConfigure</name>
         <load_address>0x3118</load_address>
         <run_address>0x3118</run_address>
         <size>0x60</size>
         <input_file_ref idref="fl-e6"/>
      </object_component>
      <object_component id="oc-32c">
         <name>.text:_TimerIntNumberGet</name>
         <load_address>0x3178</load_address>
         <run_address>0x3178</run_address>
         <size>0x4c</size>
         <input_file_ref idref="fl-e6"/>
      </object_component>
      <object_component id="oc-1d4">
         <name>.text:GPIOPinConfigure</name>
         <load_address>0x31c4</load_address>
         <run_address>0x31c4</run_address>
         <size>0x48</size>
         <input_file_ref idref="fl-e1"/>
      </object_component>
      <object_component id="oc-27f">
         <name>.text</name>
         <load_address>0x320c</load_address>
         <run_address>0x320c</run_address>
         <size>0x48</size>
         <input_file_ref idref="fl-ca"/>
      </object_component>
      <object_component id="oc-230">
         <name>.text:UARTConfigSetExpClk</name>
         <load_address>0x3254</load_address>
         <run_address>0x3254</run_address>
         <size>0x46</size>
         <input_file_ref idref="fl-e7"/>
      </object_component>
      <object_component id="oc-167">
         <name>.text:__TI_auto_init_nobinit_nopinit:__TI_auto_init_nobinit_nopinit</name>
         <load_address>0x329c</load_address>
         <run_address>0x329c</run_address>
         <size>0x44</size>
         <input_file_ref idref="fl-da"/>
      </object_component>
      <object_component id="oc-31e">
         <name>.text:_UARTIntNumberGet</name>
         <load_address>0x32e0</load_address>
         <run_address>0x32e0</run_address>
         <size>0x40</size>
         <input_file_ref idref="fl-e7"/>
      </object_component>
      <object_component id="oc-13d">
         <name>.text</name>
         <load_address>0x3320</load_address>
         <run_address>0x3320</run_address>
         <size>0x38</size>
         <input_file_ref idref="fl-cc"/>
      </object_component>
      <object_component id="oc-242">
         <name>.text:IntRegister</name>
         <load_address>0x3358</load_address>
         <run_address>0x3358</run_address>
         <size>0x34</size>
         <input_file_ref idref="fl-e2"/>
      </object_component>
      <object_component id="oc-1c2">
         <name>.text:SysCtlPeripheralEnable</name>
         <load_address>0x338c</load_address>
         <run_address>0x338c</run_address>
         <size>0x34</size>
         <input_file_ref idref="fl-e5"/>
      </object_component>
      <object_component id="oc-56">
         <name>.text:_c_int00_noargs:_c_int00_noargs</name>
         <load_address>0x33c0</load_address>
         <run_address>0x33c0</run_address>
         <size>0x34</size>
         <input_file_ref idref="fl-d2"/>
      </object_component>
      <object_component id="oc-129">
         <name>.text</name>
         <load_address>0x33f4</load_address>
         <run_address>0x33f4</run_address>
         <size>0x2e</size>
         <input_file_ref idref="fl-cd"/>
      </object_component>
      <object_component id="oc-2e6">
         <name>.text:GPIODirModeSet</name>
         <load_address>0x3422</load_address>
         <run_address>0x3422</run_address>
         <size>0x2a</size>
         <input_file_ref idref="fl-e1"/>
      </object_component>
      <object_component id="oc-1e6">
         <name>.text:PWMGenConfigure</name>
         <load_address>0x344c</load_address>
         <run_address>0x344c</run_address>
         <size>0x22</size>
         <input_file_ref idref="fl-e3"/>
      </object_component>
      <object_component id="oc-304">
         <name>.text:UARTDisable</name>
         <load_address>0x3470</load_address>
         <run_address>0x3470</run_address>
         <size>0x20</size>
         <input_file_ref idref="fl-e7"/>
      </object_component>
      <object_component id="oc-d8">
         <name>.text:PWMPulseWidthSet</name>
         <load_address>0x3490</load_address>
         <run_address>0x3490</run_address>
         <size>0x1e</size>
         <input_file_ref idref="fl-e3"/>
      </object_component>
      <object_component id="oc-3b5">
         <name>.text:copysign</name>
         <load_address>0x34ae</load_address>
         <run_address>0x34ae</run_address>
         <size>0x1a</size>
         <input_file_ref idref="fl-d8"/>
      </object_component>
      <object_component id="oc-1c8">
         <name>.text:GPIOPinTypeGPIOOutput</name>
         <load_address>0x34c8</load_address>
         <run_address>0x34c8</run_address>
         <size>0x18</size>
         <input_file_ref idref="fl-e1"/>
      </object_component>
      <object_component id="oc-24f">
         <name>.text:TimerDisable</name>
         <load_address>0x34e0</load_address>
         <run_address>0x34e0</run_address>
         <size>0x18</size>
         <input_file_ref idref="fl-e6"/>
      </object_component>
      <object_component id="oc-267">
         <name>.text:TimerIntRegister</name>
         <load_address>0x34f8</load_address>
         <run_address>0x34f8</run_address>
         <size>0x18</size>
         <input_file_ref idref="fl-e6"/>
      </object_component>
      <object_component id="oc-248">
         <name>.text:UARTIntRegister</name>
         <load_address>0x3510</load_address>
         <run_address>0x3510</run_address>
         <size>0x18</size>
         <input_file_ref idref="fl-e7"/>
      </object_component>
      <object_component id="oc-1ce">
         <name>.text:SysCtlPWMClockSet</name>
         <load_address>0x3528</load_address>
         <run_address>0x3528</run_address>
         <size>0x14</size>
         <input_file_ref idref="fl-e5"/>
      </object_component>
      <object_component id="oc-30a">
         <name>.text:UARTEnable</name>
         <load_address>0x353c</load_address>
         <run_address>0x353c</run_address>
         <size>0x14</size>
         <input_file_ref idref="fl-e7"/>
      </object_component>
      <object_component id="oc-1da">
         <name>.text:GPIOPinTypePWM</name>
         <load_address>0x3550</load_address>
         <run_address>0x3550</run_address>
         <size>0x12</size>
         <input_file_ref idref="fl-e1"/>
      </object_component>
      <object_component id="oc-1ff">
         <name>.text:GPIOPinTypeQEI</name>
         <load_address>0x3562</load_address>
         <run_address>0x3562</run_address>
         <size>0x12</size>
         <input_file_ref idref="fl-e1"/>
      </object_component>
      <object_component id="oc-22a">
         <name>.text:GPIOPinTypeUART</name>
         <load_address>0x3574</load_address>
         <run_address>0x3574</run_address>
         <size>0x12</size>
         <input_file_ref idref="fl-e1"/>
      </object_component>
      <object_component id="oc-1f8">
         <name>.text:PWMOutputState</name>
         <load_address>0x3586</load_address>
         <run_address>0x3586</run_address>
         <size>0x12</size>
         <input_file_ref idref="fl-e3"/>
      </object_component>
      <object_component id="oc-25b">
         <name>.text:TimerLoadSet</name>
         <load_address>0x3598</load_address>
         <run_address>0x3598</run_address>
         <size>0x12</size>
         <input_file_ref idref="fl-e6"/>
      </object_component>
      <object_component id="oc-236">
         <name>.text:IntMasterEnable</name>
         <load_address>0x35aa</load_address>
         <run_address>0x35aa</run_address>
         <size>0x10</size>
         <input_file_ref idref="fl-e2"/>
      </object_component>
      <object_component id="oc-1ec">
         <name>.text:PWMGenPeriodSet</name>
         <load_address>0x35ba</load_address>
         <run_address>0x35ba</run_address>
         <size>0x10</size>
         <input_file_ref idref="fl-e3"/>
      </object_component>
      <object_component id="oc-217">
         <name>.text:QEIVelocityConfigure</name>
         <load_address>0x35ca</load_address>
         <run_address>0x35ca</run_address>
         <size>0x10</size>
         <input_file_ref idref="fl-e4"/>
      </object_component>
      <object_component id="oc-20b">
         <name>.text:QEIConfigure</name>
         <load_address>0x35da</load_address>
         <run_address>0x35da</run_address>
         <size>0xe</size>
         <input_file_ref idref="fl-e4"/>
      </object_component>
      <object_component id="oc-273">
         <name>.text:TimerEnable</name>
         <load_address>0x35e8</load_address>
         <run_address>0x35e8</run_address>
         <size>0xe</size>
         <input_file_ref idref="fl-e6"/>
      </object_component>
      <object_component id="oc-18">
         <name>.text:decompress:none:__TI_decompress_none</name>
         <load_address>0x35f6</load_address>
         <run_address>0x35f6</run_address>
         <size>0xe</size>
         <input_file_ref idref="fl-d0"/>
      </object_component>
      <object_component id="oc-311">
         <name>.text:CPUcpsie</name>
         <load_address>0x3604</load_address>
         <run_address>0x3604</run_address>
         <size>0xc</size>
         <input_file_ref idref="fl-e8"/>
      </object_component>
      <object_component id="oc-1e0">
         <name>.text:PWMGenDisable</name>
         <load_address>0x3610</load_address>
         <run_address>0x3610</run_address>
         <size>0xc</size>
         <input_file_ref idref="fl-e3"/>
      </object_component>
      <object_component id="oc-1f2">
         <name>.text:PWMGenEnable</name>
         <load_address>0x361c</load_address>
         <run_address>0x361c</run_address>
         <size>0xc</size>
         <input_file_ref idref="fl-e3"/>
      </object_component>
      <object_component id="oc-4a">
         <name>.text:decompress:ZI:__TI_zero_init</name>
         <load_address>0x3628</load_address>
         <run_address>0x3628</run_address>
         <size>0xc</size>
         <input_file_ref idref="fl-cf"/>
      </object_component>
      <object_component id="oc-24">
         <name>.text</name>
         <load_address>0x3634</load_address>
         <run_address>0x3634</run_address>
         <size>0xc</size>
         <input_file_ref idref="fl-8"/>
      </object_component>
      <object_component id="oc-205">
         <name>.text:QEIDisable</name>
         <load_address>0x3640</load_address>
         <run_address>0x3640</run_address>
         <size>0xa</size>
         <input_file_ref idref="fl-e4"/>
      </object_component>
      <object_component id="oc-223">
         <name>.text:QEIEnable</name>
         <load_address>0x364a</load_address>
         <run_address>0x364a</run_address>
         <size>0xa</size>
         <input_file_ref idref="fl-e4"/>
      </object_component>
      <object_component id="oc-21d">
         <name>.text:QEIVelocityEnable</name>
         <load_address>0x3654</load_address>
         <run_address>0x3654</run_address>
         <size>0xa</size>
         <input_file_ref idref="fl-e4"/>
      </object_component>
      <object_component id="oc-e7">
         <name>.text:UARTCharGet</name>
         <load_address>0x365e</load_address>
         <run_address>0x365e</run_address>
         <size>0xa</size>
         <input_file_ref idref="fl-e7"/>
      </object_component>
      <object_component id="oc-ed">
         <name>.text:UARTCharPut</name>
         <load_address>0x3668</load_address>
         <run_address>0x3668</run_address>
         <size>0xa</size>
         <input_file_ref idref="fl-e7"/>
      </object_component>
      <object_component id="oc-26d">
         <name>.text:TimerIntEnable</name>
         <load_address>0x3672</load_address>
         <run_address>0x3672</run_address>
         <size>0x8</size>
         <input_file_ref idref="fl-e6"/>
      </object_component>
      <object_component id="oc-23c">
         <name>.text:UARTIntEnable</name>
         <load_address>0x367a</load_address>
         <run_address>0x367a</run_address>
         <size>0x8</size>
         <input_file_ref idref="fl-e7"/>
      </object_component>
      <object_component id="oc-3af">
         <name>.text:__aeabi_errno_addr</name>
         <load_address>0x3684</load_address>
         <run_address>0x3684</run_address>
         <size>0x8</size>
         <input_file_ref idref="fl-e0"/>
      </object_component>
      <object_component id="oc-c0">
         <name>.text:QEIPositionGet</name>
         <load_address>0x368c</load_address>
         <run_address>0x368c</run_address>
         <size>0x4</size>
         <input_file_ref idref="fl-e4"/>
      </object_component>
      <object_component id="oc-c6">
         <name>.text:QEIPositionSet</name>
         <load_address>0x3690</load_address>
         <run_address>0x3690</run_address>
         <size>0x4</size>
         <input_file_ref idref="fl-e4"/>
      </object_component>
      <object_component id="oc-d2">
         <name>.text:QEIVelocityGet</name>
         <load_address>0x3694</load_address>
         <run_address>0x3694</run_address>
         <size>0x4</size>
         <input_file_ref idref="fl-e4"/>
      </object_component>
      <object_component id="oc-cc">
         <name>.text:TimerIntClear</name>
         <load_address>0x3698</load_address>
         <run_address>0x3698</run_address>
         <size>0x4</size>
         <input_file_ref idref="fl-e6"/>
      </object_component>
      <object_component id="oc-f9">
         <name>.text:UARTIntClear</name>
         <load_address>0x369c</load_address>
         <run_address>0x369c</run_address>
         <size>0x4</size>
         <input_file_ref idref="fl-e7"/>
      </object_component>
      <object_component id="oc-92">
         <name>.text:_system_pre_init</name>
         <load_address>0x36a0</load_address>
         <run_address>0x36a0</run_address>
         <size>0x4</size>
         <input_file_ref idref="fl-db"/>
      </object_component>
      <object_component id="oc-15b">
         <name>.text:abort:abort</name>
         <load_address>0x36a4</load_address>
         <run_address>0x36a4</run_address>
         <size>0x4</size>
         <input_file_ref idref="fl-dd"/>
      </object_component>
      <object_component id="oc-34a">
         <name>.const:$O1$$</name>
         <load_address>0x36a8</load_address>
         <run_address>0x36a8</run_address>
         <size>0x158</size>
         <input_file_ref idref="fl-d3"/>
      </object_component>
      <object_component id="oc-2ef">
         <name>.const:g_pui32GPIOBaseAddrs</name>
         <load_address>0x3800</load_address>
         <run_address>0x3800</run_address>
         <size>0x90</size>
         <input_file_ref idref="fl-e1"/>
      </object_component>
      <object_component id="oc-328">
         <name>.const</name>
         <load_address>0x3890</load_address>
         <run_address>0x3890</run_address>
         <size>0x70</size>
         <input_file_ref idref="fl-e2"/>
      </object_component>
      <object_component id="oc-2fc">
         <name>.const:g_pui32Xtals</name>
         <load_address>0x3900</load_address>
         <run_address>0x3900</run_address>
         <size>0x6c</size>
         <input_file_ref idref="fl-e5"/>
      </object_component>
      <object_component id="oc-3a6">
         <name>.const:g_ppui32TimerIntMap</name>
         <load_address>0x396c</load_address>
         <run_address>0x396c</run_address>
         <size>0x60</size>
         <input_file_ref idref="fl-e6"/>
      </object_component>
      <object_component id="oc-3a9">
         <name>.const:g_ppui32TimerIntMapSnowflake</name>
         <load_address>0x39cc</load_address>
         <run_address>0x39cc</run_address>
         <size>0x40</size>
         <input_file_ref idref="fl-e6"/>
      </object_component>
      <object_component id="oc-39d">
         <name>.const:g_ppui32UARTIntMap</name>
         <load_address>0x3a0c</load_address>
         <run_address>0x3a0c</run_address>
         <size>0x40</size>
         <input_file_ref idref="fl-e7"/>
      </object_component>
      <object_component id="oc-3a0">
         <name>.const:g_ppui32UARTIntMapSnowflake</name>
         <load_address>0x3a4c</load_address>
         <run_address>0x3a4c</run_address>
         <size>0x40</size>
         <input_file_ref idref="fl-e7"/>
      </object_component>
      <object_component id="oc-2cd">
         <name>.const:.string:$P$T0$1</name>
         <load_address>0x3a8c</load_address>
         <run_address>0x3a8c</run_address>
         <size>0x8</size>
         <input_file_ref idref="fl-3"/>
      </object_component>
      <object_component id="oc-41a">
         <name>.cinit..data.load</name>
         <load_address>0x3a98</load_address>
         <run_address>0x3a98</run_address>
         <size>0x22</size>
      </object_component>
      <object_component id="oc-417">
         <name>__TI_handler_table</name>
         <load_address>0x3abc</load_address>
         <run_address>0x3abc</run_address>
         <size>0xc</size>
      </object_component>
      <object_component id="oc-41b">
         <name>.cinit..bss.load</name>
         <load_address>0x3ac8</load_address>
         <run_address>0x3ac8</run_address>
         <size>0x8</size>
      </object_component>
      <object_component id="oc-419">
         <name>.cinit..vtable.load</name>
         <load_address>0x3ad0</load_address>
         <run_address>0x3ad0</run_address>
         <size>0x8</size>
      </object_component>
      <object_component id="oc-418">
         <name>__TI_cinit_table</name>
         <load_address>0x3ad8</load_address>
         <run_address>0x3ad8</run_address>
         <size>0x18</size>
      </object_component>
      <object_component id="oc-319">
         <name>.vtable</name>
         <uninitialized>true</uninitialized>
         <run_address>0x20000000</run_address>
         <size>0x26c</size>
         <input_file_ref idref="fl-e2"/>
      </object_component>
      <object_component id="oc-2d0">
         <name>.data</name>
         <load_address>0x20005638</load_address>
         <run_address>0x20005638</run_address>
         <size>0x8</size>
         <input_file_ref idref="fl-3"/>
      </object_component>
      <object_component id="oc-e1">
         <name>.data</name>
         <load_address>0x200055f0</load_address>
         <run_address>0x200055f0</run_address>
         <size>0x48</size>
         <input_file_ref idref="fl-4"/>
      </object_component>
      <object_component id="oc-1bd">
         <name>.data</name>
         <load_address>0x20005644</load_address>
         <run_address>0x20005644</run_address>
         <size>0x4</size>
         <input_file_ref idref="fl-6"/>
      </object_component>
      <object_component id="oc-3e2">
         <name>.data</name>
         <load_address>0x20005640</load_address>
         <run_address>0x20005640</run_address>
         <size>0x4</size>
         <input_file_ref idref="fl-e0"/>
      </object_component>
      <object_component id="oc-100">
         <name>.common:v1</name>
         <uninitialized>true</uninitialized>
         <run_address>0x200053e4</run_address>
         <size>0x4</size>
      </object_component>
      <object_component id="oc-101">
         <name>.common:v2</name>
         <uninitialized>true</uninitialized>
         <run_address>0x200053e8</run_address>
         <size>0x4</size>
      </object_component>
      <object_component id="oc-102">
         <name>.common:e1</name>
         <uninitialized>true</uninitialized>
         <run_address>0x200053bc</run_address>
         <size>0x4</size>
      </object_component>
      <object_component id="oc-107">
         <name>.common:e2</name>
         <uninitialized>true</uninitialized>
         <run_address>0x200053c0</run_address>
         <size>0x4</size>
      </object_component>
      <object_component id="oc-103">
         <name>.common:sum5</name>
         <uninitialized>true</uninitialized>
         <run_address>0x200053c8</run_address>
         <size>0x4</size>
      </object_component>
      <object_component id="oc-108">
         <name>.common:sum2</name>
         <uninitialized>true</uninitialized>
         <run_address>0x200053c4</run_address>
         <size>0x4</size>
      </object_component>
      <object_component id="oc-104">
         <name>.common:d1</name>
         <uninitialized>true</uninitialized>
         <run_address>0x200053ac</run_address>
         <size>0x4</size>
      </object_component>
      <object_component id="oc-109">
         <name>.common:d2</name>
         <uninitialized>true</uninitialized>
         <run_address>0x200053b0</run_address>
         <size>0x4</size>
      </object_component>
      <object_component id="oc-105">
         <name>.common:dc1</name>
         <uninitialized>true</uninitialized>
         <run_address>0x200053b4</run_address>
         <size>0x4</size>
      </object_component>
      <object_component id="oc-10a">
         <name>.common:dc2</name>
         <uninitialized>true</uninitialized>
         <run_address>0x200053b8</run_address>
         <size>0x4</size>
      </object_component>
      <object_component id="oc-10e">
         <name>.common:a</name>
         <uninitialized>true</uninitialized>
         <run_address>0x200053ec</run_address>
         <size>0x1</size>
      </object_component>
      <object_component id="oc-14d">
         <name>.common:x</name>
         <uninitialized>true</uninitialized>
         <run_address>0x2000472c</run_address>
         <size>0x640</size>
      </object_component>
      <object_component id="oc-14e">
         <name>.common:y</name>
         <uninitialized>true</uninitialized>
         <run_address>0x20004d6c</run_address>
         <size>0x640</size>
      </object_component>
      <object_component id="oc-e6">
         <name>.common:timestamp</name>
         <uninitialized>true</uninitialized>
         <run_address>0x200040ec</run_address>
         <size>0x640</size>
      </object_component>
      <object_component id="oc-de">
         <name>.common:wh1</name>
         <uninitialized>true</uninitialized>
         <run_address>0x20001b6c</run_address>
         <size>0x12c0</size>
      </object_component>
      <object_component id="oc-e4">
         <name>.common:wh2</name>
         <uninitialized>true</uninitialized>
         <run_address>0x20002e2c</run_address>
         <size>0x12c0</size>
      </object_component>
      <object_component id="oc-e5">
         <name>.common:state1</name>
         <uninitialized>true</uninitialized>
         <run_address>0x200053ee</run_address>
         <size>0x1</size>
      </object_component>
      <object_component id="oc-106">
         <name>.common:t1</name>
         <uninitialized>true</uninitialized>
         <run_address>0x200053cc</run_address>
         <size>0x4</size>
      </object_component>
      <object_component id="oc-10b">
         <name>.common:t2</name>
         <uninitialized>true</uninitialized>
         <run_address>0x200053d0</run_address>
         <size>0x4</size>
      </object_component>
      <object_component id="oc-10d">
         <name>.common:t3</name>
         <uninitialized>true</uninitialized>
         <run_address>0x200053d4</run_address>
         <size>0x4</size>
      </object_component>
      <object_component id="oc-10f">
         <name>.common:t5</name>
         <uninitialized>true</uninitialized>
         <run_address>0x200053d8</run_address>
         <size>0x4</size>
      </object_component>
      <object_component id="oc-ff">
         <name>.common:t6</name>
         <uninitialized>true</uninitialized>
         <run_address>0x200053dc</run_address>
         <size>0x4</size>
      </object_component>
      <object_component id="oc-10c">
         <name>.common:t7</name>
         <uninitialized>true</uninitialized>
         <run_address>0x200053e0</run_address>
         <size>0x4</size>
      </object_component>
      <object_component id="oc-110">
         <name>.common:g1</name>
         <uninitialized>true</uninitialized>
         <run_address>0x200053ed</run_address>
         <size>0x1</size>
      </object_component>
      <object_component id="oc-1ba">
         <name>.common:store</name>
         <uninitialized>true</uninitialized>
         <run_address>0x2000026c</run_address>
         <size>0x1900</size>
      </object_component>
      <object_component id="oc-21">
         <name>.stack</name>
         <uninitialized>true</uninitialized>
         <run_address>0x200053f0</run_address>
         <size>0x4</size>
         <input_file_ref idref="fl-d2"/>
      </object_component>
      <object_component id="oc-41c">
         <name>.stack</name>
         <uninitialized>true</uninitialized>
         <run_address>0x200053f0</run_address>
         <size>0x0</size>
      </object_component>
      <object_component id="oc-af">
         <name>.debug_info</name>
         <load_address>0x0</load_address>
         <run_address>0x0</run_address>
         <size>0x4b0</size>
         <input_file_ref idref="fl-2"/>
      </object_component>
      <object_component id="oc-118">
         <name>.debug_info</name>
         <load_address>0x4b0</load_address>
         <run_address>0x4b0</run_address>
         <size>0x35f</size>
         <input_file_ref idref="fl-2"/>
      </object_component>
      <object_component id="oc-6d">
         <name>.debug_info</name>
         <load_address>0x80f</load_address>
         <run_address>0x80f</run_address>
         <size>0x26b</size>
         <input_file_ref idref="fl-2"/>
      </object_component>
      <object_component id="oc-1aa">
         <name>.debug_info</name>
         <load_address>0xa7a</load_address>
         <run_address>0xa7a</run_address>
         <size>0x75</size>
         <input_file_ref idref="fl-2"/>
      </object_component>
      <object_component id="oc-33">
         <name>.debug_info</name>
         <load_address>0xaef</load_address>
         <run_address>0xaef</run_address>
         <size>0x84</size>
         <input_file_ref idref="fl-2"/>
      </object_component>
      <object_component id="oc-aa">
         <name>.debug_info</name>
         <load_address>0xb73</load_address>
         <run_address>0xb73</run_address>
         <size>0x297</size>
         <input_file_ref idref="fl-2"/>
      </object_component>
      <object_component id="oc-72">
         <name>.debug_info</name>
         <load_address>0xe0a</load_address>
         <run_address>0xe0a</run_address>
         <size>0xbb</size>
         <input_file_ref idref="fl-2"/>
      </object_component>
      <object_component id="oc-2d9">
         <name>.debug_info</name>
         <load_address>0xec5</load_address>
         <run_address>0xec5</run_address>
         <size>0x30e</size>
         <input_file_ref idref="fl-3"/>
      </object_component>
      <object_component id="oc-2d1">
         <name>.debug_info</name>
         <load_address>0x11d3</load_address>
         <run_address>0x11d3</run_address>
         <size>0xc7</size>
         <input_file_ref idref="fl-3"/>
      </object_component>
      <object_component id="oc-2ce">
         <name>.debug_info</name>
         <load_address>0x129a</load_address>
         <run_address>0x129a</run_address>
         <size>0xbf</size>
         <input_file_ref idref="fl-3"/>
      </object_component>
      <object_component id="oc-1b5">
         <name>.debug_info</name>
         <load_address>0x1359</load_address>
         <run_address>0x1359</run_address>
         <size>0x28b</size>
         <input_file_ref idref="fl-3"/>
      </object_component>
      <object_component id="oc-2d4">
         <name>.debug_info</name>
         <load_address>0x15e4</load_address>
         <run_address>0x15e4</run_address>
         <size>0x5e</size>
         <input_file_ref idref="fl-3"/>
      </object_component>
      <object_component id="oc-df">
         <name>.debug_info</name>
         <load_address>0x1642</load_address>
         <run_address>0x1642</run_address>
         <size>0x79d</size>
         <input_file_ref idref="fl-4"/>
      </object_component>
      <object_component id="oc-e2">
         <name>.debug_info</name>
         <load_address>0x1ddf</load_address>
         <run_address>0x1ddf</run_address>
         <size>0x257</size>
         <input_file_ref idref="fl-4"/>
      </object_component>
      <object_component id="oc-99">
         <name>.debug_info</name>
         <load_address>0x2036</load_address>
         <run_address>0x2036</run_address>
         <size>0x546</size>
         <input_file_ref idref="fl-4"/>
      </object_component>
      <object_component id="oc-156">
         <name>.debug_info</name>
         <load_address>0x257c</load_address>
         <run_address>0x257c</run_address>
         <size>0x8b</size>
         <input_file_ref idref="fl-4"/>
      </object_component>
      <object_component id="oc-115">
         <name>.debug_info</name>
         <load_address>0x2607</load_address>
         <run_address>0x2607</run_address>
         <size>0x2c2</size>
         <input_file_ref idref="fl-5"/>
      </object_component>
      <object_component id="oc-1bb">
         <name>.debug_info</name>
         <load_address>0x28c9</load_address>
         <run_address>0x28c9</run_address>
         <size>0x2f9</size>
         <input_file_ref idref="fl-6"/>
      </object_component>
      <object_component id="oc-1be">
         <name>.debug_info</name>
         <load_address>0x2bc2</load_address>
         <run_address>0x2bc2</run_address>
         <size>0xb8</size>
         <input_file_ref idref="fl-6"/>
      </object_component>
      <object_component id="oc-f5">
         <name>.debug_info</name>
         <load_address>0x2c7a</load_address>
         <run_address>0x2c7a</run_address>
         <size>0x125</size>
         <input_file_ref idref="fl-6"/>
      </object_component>
      <object_component id="oc-126">
         <name>.debug_info</name>
         <load_address>0x2d9f</load_address>
         <run_address>0x2d9f</run_address>
         <size>0x278</size>
         <input_file_ref idref="fl-7"/>
      </object_component>
      <object_component id="oc-2c">
         <name>.debug_info</name>
         <load_address>0x3017</load_address>
         <run_address>0x3017</run_address>
         <size>0x29d</size>
         <input_file_ref idref="fl-8"/>
      </object_component>
      <object_component id="oc-10">
         <name>.debug_info</name>
         <load_address>0x32b4</load_address>
         <run_address>0x32b4</run_address>
         <size>0xdc</size>
         <input_file_ref idref="fl-8"/>
      </object_component>
      <object_component id="oc-27">
         <name>.debug_info</name>
         <load_address>0x3390</load_address>
         <run_address>0x3390</run_address>
         <size>0x258</size>
         <input_file_ref idref="fl-8"/>
      </object_component>
      <object_component id="oc-11f">
         <name>.debug_info</name>
         <load_address>0x35e8</load_address>
         <run_address>0x35e8</run_address>
         <size>0x2a7</size>
         <input_file_ref idref="fl-9"/>
      </object_component>
      <object_component id="oc-2a4">
         <name>.debug_info</name>
         <load_address>0x388f</load_address>
         <run_address>0x388f</run_address>
         <size>0x36a</size>
         <input_file_ref idref="fl-c4"/>
      </object_component>
      <object_component id="oc-152">
         <name>.debug_info</name>
         <load_address>0x3bf9</load_address>
         <run_address>0x3bf9</run_address>
         <size>0x79f</size>
         <input_file_ref idref="fl-c4"/>
      </object_component>
      <object_component id="oc-359">
         <name>.debug_info</name>
         <load_address>0x4398</load_address>
         <run_address>0x4398</run_address>
         <size>0x46</size>
         <input_file_ref idref="fl-c4"/>
      </object_component>
      <object_component id="oc-29d">
         <name>.debug_info</name>
         <load_address>0x43de</load_address>
         <run_address>0x43de</run_address>
         <size>0x39</size>
         <input_file_ref idref="fl-c4"/>
      </object_component>
      <object_component id="oc-29c">
         <name>.debug_info</name>
         <load_address>0x4417</load_address>
         <run_address>0x4417</run_address>
         <size>0x36a</size>
         <input_file_ref idref="fl-c5"/>
      </object_component>
      <object_component id="oc-145">
         <name>.debug_info</name>
         <load_address>0x4781</load_address>
         <run_address>0x4781</run_address>
         <size>0x79a</size>
         <input_file_ref idref="fl-c5"/>
      </object_component>
      <object_component id="oc-14a">
         <name>.debug_info</name>
         <load_address>0x4f1b</load_address>
         <run_address>0x4f1b</run_address>
         <size>0x150</size>
         <input_file_ref idref="fl-c6"/>
      </object_component>
      <object_component id="oc-28b">
         <name>.debug_info</name>
         <load_address>0x506b</load_address>
         <run_address>0x506b</run_address>
         <size>0x12c</size>
         <input_file_ref idref="fl-c7"/>
      </object_component>
      <object_component id="oc-346">
         <name>.debug_info</name>
         <load_address>0x5197</load_address>
         <run_address>0x5197</run_address>
         <size>0x12e</size>
         <input_file_ref idref="fl-c7"/>
      </object_component>
      <object_component id="oc-134">
         <name>.debug_info</name>
         <load_address>0x52c5</load_address>
         <run_address>0x52c5</run_address>
         <size>0x13e</size>
         <input_file_ref idref="fl-c8"/>
      </object_component>
      <object_component id="oc-12f">
         <name>.debug_info</name>
         <load_address>0x5403</load_address>
         <run_address>0x5403</run_address>
         <size>0x13e</size>
         <input_file_ref idref="fl-c9"/>
      </object_component>
      <object_component id="oc-282">
         <name>.debug_info</name>
         <load_address>0x5541</load_address>
         <run_address>0x5541</run_address>
         <size>0x132</size>
         <input_file_ref idref="fl-ca"/>
      </object_component>
      <object_component id="oc-139">
         <name>.debug_info</name>
         <load_address>0x5673</load_address>
         <run_address>0x5673</run_address>
         <size>0x142</size>
         <input_file_ref idref="fl-cb"/>
      </object_component>
      <object_component id="oc-13f">
         <name>.debug_info</name>
         <load_address>0x57b5</load_address>
         <run_address>0x57b5</run_address>
         <size>0x130</size>
         <input_file_ref idref="fl-cc"/>
      </object_component>
      <object_component id="oc-12a">
         <name>.debug_info</name>
         <load_address>0x58e5</load_address>
         <run_address>0x58e5</run_address>
         <size>0x130</size>
         <input_file_ref idref="fl-cd"/>
      </object_component>
      <object_component id="oc-8e">
         <name>.debug_info</name>
         <load_address>0x5a15</load_address>
         <run_address>0x5a15</run_address>
         <size>0x14b</size>
         <input_file_ref idref="fl-ce"/>
      </object_component>
      <object_component id="oc-8b">
         <name>.debug_info</name>
         <load_address>0x5b60</load_address>
         <run_address>0x5b60</run_address>
         <size>0x2d8</size>
         <input_file_ref idref="fl-cf"/>
      </object_component>
      <object_component id="oc-4e">
         <name>.debug_info</name>
         <load_address>0x5e38</load_address>
         <run_address>0x5e38</run_address>
         <size>0x1b9</size>
         <input_file_ref idref="fl-cf"/>
      </object_component>
      <object_component id="oc-86">
         <name>.debug_info</name>
         <load_address>0x5ff1</load_address>
         <run_address>0x5ff1</run_address>
         <size>0x46</size>
         <input_file_ref idref="fl-cf"/>
      </object_component>
      <object_component id="oc-b7">
         <name>.debug_info</name>
         <load_address>0x6037</load_address>
         <run_address>0x6037</run_address>
         <size>0x2c</size>
         <input_file_ref idref="fl-cf"/>
      </object_component>
      <object_component id="oc-43">
         <name>.debug_info</name>
         <load_address>0x6063</load_address>
         <run_address>0x6063</run_address>
         <size>0x2ac</size>
         <input_file_ref idref="fl-d0"/>
      </object_component>
      <object_component id="oc-1a">
         <name>.debug_info</name>
         <load_address>0x630f</load_address>
         <run_address>0x630f</run_address>
         <size>0x1ee</size>
         <input_file_ref idref="fl-d0"/>
      </object_component>
      <object_component id="oc-3e">
         <name>.debug_info</name>
         <load_address>0x64fd</load_address>
         <run_address>0x64fd</run_address>
         <size>0x46</size>
         <input_file_ref idref="fl-d0"/>
      </object_component>
      <object_component id="oc-7e">
         <name>.debug_info</name>
         <load_address>0x6543</load_address>
         <run_address>0x6543</run_address>
         <size>0x2c</size>
         <input_file_ref idref="fl-d0"/>
      </object_component>
      <object_component id="oc-7c">
         <name>.debug_info</name>
         <load_address>0x656f</load_address>
         <run_address>0x656f</run_address>
         <size>0x2a2</size>
         <input_file_ref idref="fl-d1"/>
      </object_component>
      <object_component id="oc-16">
         <name>.debug_info</name>
         <load_address>0x6811</load_address>
         <run_address>0x6811</run_address>
         <size>0x254</size>
         <input_file_ref idref="fl-d1"/>
      </object_component>
      <object_component id="oc-2e">
         <name>.debug_info</name>
         <load_address>0x6a65</load_address>
         <run_address>0x6a65</run_address>
         <size>0x60</size>
         <input_file_ref idref="fl-d1"/>
      </object_component>
      <object_component id="oc-b0">
         <name>.debug_info</name>
         <load_address>0x6ac5</load_address>
         <run_address>0x6ac5</run_address>
         <size>0x46</size>
         <input_file_ref idref="fl-d1"/>
      </object_component>
      <object_component id="oc-77">
         <name>.debug_info</name>
         <load_address>0x6b0b</load_address>
         <run_address>0x6b0b</run_address>
         <size>0x39</size>
         <input_file_ref idref="fl-d1"/>
      </object_component>
      <object_component id="oc-22">
         <name>.debug_info</name>
         <load_address>0x6b44</load_address>
         <run_address>0x6b44</run_address>
         <size>0x10f</size>
         <input_file_ref idref="fl-d2"/>
      </object_component>
      <object_component id="oc-5a">
         <name>.debug_info</name>
         <load_address>0x6c53</load_address>
         <run_address>0x6c53</run_address>
         <size>0x1ad</size>
         <input_file_ref idref="fl-d2"/>
      </object_component>
      <object_component id="oc-34e">
         <name>.debug_info</name>
         <load_address>0x6e00</load_address>
         <run_address>0x6e00</run_address>
         <size>0x3ae</size>
         <input_file_ref idref="fl-d3"/>
      </object_component>
      <object_component id="oc-34b">
         <name>.debug_info</name>
         <load_address>0x71ae</load_address>
         <run_address>0x71ae</run_address>
         <size>0x13e</size>
         <input_file_ref idref="fl-d3"/>
      </object_component>
      <object_component id="oc-293">
         <name>.debug_info</name>
         <load_address>0x72ec</load_address>
         <run_address>0x72ec</run_address>
         <size>0x733</size>
         <input_file_ref idref="fl-d3"/>
      </object_component>
      <object_component id="oc-3c4">
         <name>.debug_info</name>
         <load_address>0x7a1f</load_address>
         <run_address>0x7a1f</run_address>
         <size>0x39</size>
         <input_file_ref idref="fl-d3"/>
      </object_component>
      <object_component id="oc-350">
         <name>.debug_info</name>
         <load_address>0x7a58</load_address>
         <run_address>0x7a58</run_address>
         <size>0x2c</size>
         <input_file_ref idref="fl-d3"/>
      </object_component>
      <object_component id="oc-356">
         <name>.debug_info</name>
         <load_address>0x7a84</load_address>
         <run_address>0x7a84</run_address>
         <size>0x291</size>
         <input_file_ref idref="fl-d4"/>
      </object_component>
      <object_component id="oc-297">
         <name>.debug_info</name>
         <load_address>0x7d15</load_address>
         <run_address>0x7d15</run_address>
         <size>0x32b</size>
         <input_file_ref idref="fl-d4"/>
      </object_component>
      <object_component id="oc-337">
         <name>.debug_info</name>
         <load_address>0x8040</load_address>
         <run_address>0x8040</run_address>
         <size>0x296</size>
         <input_file_ref idref="fl-d5"/>
      </object_component>
      <object_component id="oc-285">
         <name>.debug_info</name>
         <load_address>0x82d6</load_address>
         <run_address>0x82d6</run_address>
         <size>0x384</size>
         <input_file_ref idref="fl-d5"/>
      </object_component>
      <object_component id="oc-3be">
         <name>.debug_info</name>
         <load_address>0x865a</load_address>
         <run_address>0x865a</run_address>
         <size>0x293</size>
         <input_file_ref idref="fl-d6"/>
      </object_component>
      <object_component id="oc-340">
         <name>.debug_info</name>
         <load_address>0x88ed</load_address>
         <run_address>0x88ed</run_address>
         <size>0x22e</size>
         <input_file_ref idref="fl-d6"/>
      </object_component>
      <object_component id="oc-3bc">
         <name>.debug_info</name>
         <load_address>0x8b1b</load_address>
         <run_address>0x8b1b</run_address>
         <size>0x301</size>
         <input_file_ref idref="fl-d7"/>
      </object_component>
      <object_component id="oc-33a">
         <name>.debug_info</name>
         <load_address>0x8e1c</load_address>
         <run_address>0x8e1c</run_address>
         <size>0x229</size>
         <input_file_ref idref="fl-d7"/>
      </object_component>
      <object_component id="oc-3b6">
         <name>.debug_info</name>
         <load_address>0x9045</load_address>
         <run_address>0x9045</run_address>
         <size>0x165</size>
         <input_file_ref idref="fl-d8"/>
      </object_component>
      <object_component id="oc-3a">
         <name>.debug_info</name>
         <load_address>0x91aa</load_address>
         <run_address>0x91aa</run_address>
         <size>0x11d</size>
         <input_file_ref idref="fl-d9"/>
      </object_component>
      <object_component id="oc-2b0">
         <name>.debug_info</name>
         <load_address>0x92c7</load_address>
         <run_address>0x92c7</run_address>
         <size>0x4b7</size>
         <input_file_ref idref="fl-da"/>
      </object_component>
      <object_component id="oc-168">
         <name>.debug_info</name>
         <load_address>0x977e</load_address>
         <run_address>0x977e</run_address>
         <size>0x1aa</size>
         <input_file_ref idref="fl-da"/>
      </object_component>
      <object_component id="oc-370">
         <name>.debug_info</name>
         <load_address>0x9928</load_address>
         <run_address>0x9928</run_address>
         <size>0x39</size>
         <input_file_ref idref="fl-da"/>
      </object_component>
      <object_component id="oc-3ce">
         <name>.debug_info</name>
         <load_address>0x9961</load_address>
         <run_address>0x9961</run_address>
         <size>0x39</size>
         <input_file_ref idref="fl-da"/>
      </object_component>
      <object_component id="oc-375">
         <name>.debug_info</name>
         <load_address>0x999a</load_address>
         <run_address>0x999a</run_address>
         <size>0x39</size>
         <input_file_ref idref="fl-da"/>
      </object_component>
      <object_component id="oc-37a">
         <name>.debug_info</name>
         <load_address>0x99d3</load_address>
         <run_address>0x99d3</run_address>
         <size>0xcd</size>
         <input_file_ref idref="fl-da"/>
      </object_component>
      <object_component id="oc-93">
         <name>.debug_info</name>
         <load_address>0x9aa0</load_address>
         <run_address>0x9aa0</run_address>
         <size>0x157</size>
         <input_file_ref idref="fl-db"/>
      </object_component>
      <object_component id="oc-15e">
         <name>.debug_info</name>
         <load_address>0x9bf7</load_address>
         <run_address>0x9bf7</run_address>
         <size>0x126</size>
         <input_file_ref idref="fl-dd"/>
      </object_component>
      <object_component id="oc-3e6">
         <name>.debug_info</name>
         <load_address>0x9d1d</load_address>
         <run_address>0x9d1d</run_address>
         <size>0x28d</size>
         <input_file_ref idref="fl-e0"/>
      </object_component>
      <object_component id="oc-3e3">
         <name>.debug_info</name>
         <load_address>0x9faa</load_address>
         <run_address>0x9faa</run_address>
         <size>0x112</size>
         <input_file_ref idref="fl-e0"/>
      </object_component>
      <object_component id="oc-3b2">
         <name>.debug_info</name>
         <load_address>0xa0bc</load_address>
         <run_address>0xa0bc</run_address>
         <size>0x152</size>
         <input_file_ref idref="fl-e0"/>
      </object_component>
      <object_component id="oc-2ed">
         <name>.debug_info</name>
         <load_address>0xa20e</load_address>
         <run_address>0xa20e</run_address>
         <size>0x240</size>
         <input_file_ref idref="fl-e1"/>
      </object_component>
      <object_component id="oc-2f0">
         <name>.debug_info</name>
         <load_address>0xa44e</load_address>
         <run_address>0xa44e</run_address>
         <size>0x15b</size>
         <input_file_ref idref="fl-e1"/>
      </object_component>
      <object_component id="oc-2e8">
         <name>.debug_info</name>
         <load_address>0xa5a9</load_address>
         <run_address>0xa5a9</run_address>
         <size>0x2b3</size>
         <input_file_ref idref="fl-e1"/>
      </object_component>
      <object_component id="oc-2e2">
         <name>.debug_info</name>
         <load_address>0xa85c</load_address>
         <run_address>0xa85c</run_address>
         <size>0x316</size>
         <input_file_ref idref="fl-e1"/>
      </object_component>
      <object_component id="oc-22c">
         <name>.debug_info</name>
         <load_address>0xab72</load_address>
         <run_address>0xab72</run_address>
         <size>0x27b</size>
         <input_file_ref idref="fl-e1"/>
      </object_component>
      <object_component id="oc-201">
         <name>.debug_info</name>
         <load_address>0xaded</load_address>
         <run_address>0xaded</run_address>
         <size>0x279</size>
         <input_file_ref idref="fl-e1"/>
      </object_component>
      <object_component id="oc-1dc">
         <name>.debug_info</name>
         <load_address>0xb066</load_address>
         <run_address>0xb066</run_address>
         <size>0x279</size>
         <input_file_ref idref="fl-e1"/>
      </object_component>
      <object_component id="oc-1c9">
         <name>.debug_info</name>
         <load_address>0xb2df</load_address>
         <run_address>0xb2df</run_address>
         <size>0x2b7</size>
         <input_file_ref idref="fl-e1"/>
      </object_component>
      <object_component id="oc-1d5">
         <name>.debug_info</name>
         <load_address>0xb596</load_address>
         <run_address>0xb596</run_address>
         <size>0x280</size>
         <input_file_ref idref="fl-e1"/>
      </object_component>
      <object_component id="oc-19c">
         <name>.debug_info</name>
         <load_address>0xb816</load_address>
         <run_address>0xb816</run_address>
         <size>0x18b</size>
         <input_file_ref idref="fl-e1"/>
      </object_component>
      <object_component id="oc-31d">
         <name>.debug_info</name>
         <load_address>0xb9a1</load_address>
         <run_address>0xb9a1</run_address>
         <size>0x20e</size>
         <input_file_ref idref="fl-e2"/>
      </object_component>
      <object_component id="oc-329">
         <name>.debug_info</name>
         <load_address>0xbbaf</load_address>
         <run_address>0xbbaf</run_address>
         <size>0x210</size>
         <input_file_ref idref="fl-e2"/>
      </object_component>
      <object_component id="oc-31a">
         <name>.debug_info</name>
         <load_address>0xbdbf</load_address>
         <run_address>0xbdbf</run_address>
         <size>0x157</size>
         <input_file_ref idref="fl-e2"/>
      </object_component>
      <object_component id="oc-243">
         <name>.debug_info</name>
         <load_address>0xbf16</load_address>
         <run_address>0xbf16</run_address>
         <size>0x2c1</size>
         <input_file_ref idref="fl-e2"/>
      </object_component>
      <object_component id="oc-237">
         <name>.debug_info</name>
         <load_address>0xc1d7</load_address>
         <run_address>0xc1d7</run_address>
         <size>0x23e</size>
         <input_file_ref idref="fl-e2"/>
      </object_component>
      <object_component id="oc-262">
         <name>.debug_info</name>
         <load_address>0xc415</load_address>
         <run_address>0xc415</run_address>
         <size>0x268</size>
         <input_file_ref idref="fl-e2"/>
      </object_component>
      <object_component id="oc-1a7">
         <name>.debug_info</name>
         <load_address>0xc67d</load_address>
         <run_address>0xc67d</run_address>
         <size>0x1ed</size>
         <input_file_ref idref="fl-e3"/>
      </object_component>
      <object_component id="oc-d9">
         <name>.debug_info</name>
         <load_address>0xc86a</load_address>
         <run_address>0xc86a</run_address>
         <size>0x2f6</size>
         <input_file_ref idref="fl-e3"/>
      </object_component>
      <object_component id="oc-1fa">
         <name>.debug_info</name>
         <load_address>0xcb60</load_address>
         <run_address>0xcb60</run_address>
         <size>0x2c4</size>
         <input_file_ref idref="fl-e3"/>
      </object_component>
      <object_component id="oc-1ed">
         <name>.debug_info</name>
         <load_address>0xce24</load_address>
         <run_address>0xce24</run_address>
         <size>0x2b6</size>
         <input_file_ref idref="fl-e3"/>
      </object_component>
      <object_component id="oc-1f3">
         <name>.debug_info</name>
         <load_address>0xd0da</load_address>
         <run_address>0xd0da</run_address>
         <size>0x276</size>
         <input_file_ref idref="fl-e3"/>
      </object_component>
      <object_component id="oc-1e1">
         <name>.debug_info</name>
         <load_address>0xd350</load_address>
         <run_address>0xd350</run_address>
         <size>0x278</size>
         <input_file_ref idref="fl-e3"/>
      </object_component>
      <object_component id="oc-1e7">
         <name>.debug_info</name>
         <load_address>0xd5c8</load_address>
         <run_address>0xd5c8</run_address>
         <size>0x2b3</size>
         <input_file_ref idref="fl-e3"/>
      </object_component>
      <object_component id="oc-1a1">
         <name>.debug_info</name>
         <load_address>0xd87b</load_address>
         <run_address>0xd87b</run_address>
         <size>0x1e8</size>
         <input_file_ref idref="fl-e4"/>
      </object_component>
      <object_component id="oc-d3">
         <name>.debug_info</name>
         <load_address>0xda63</load_address>
         <run_address>0xda63</run_address>
         <size>0x250</size>
         <input_file_ref idref="fl-e4"/>
      </object_component>
      <object_component id="oc-21e">
         <name>.debug_info</name>
         <load_address>0xdcb3</load_address>
         <run_address>0xdcb3</run_address>
         <size>0x252</size>
         <input_file_ref idref="fl-e4"/>
      </object_component>
      <object_component id="oc-218">
         <name>.debug_info</name>
         <load_address>0xdf05</load_address>
         <run_address>0xdf05</run_address>
         <size>0x2cc</size>
         <input_file_ref idref="fl-e4"/>
      </object_component>
      <object_component id="oc-c7">
         <name>.debug_info</name>
         <load_address>0xe1d1</load_address>
         <run_address>0xe1d1</run_address>
         <size>0x28b</size>
         <input_file_ref idref="fl-e4"/>
      </object_component>
      <object_component id="oc-c1">
         <name>.debug_info</name>
         <load_address>0xe45c</load_address>
         <run_address>0xe45c</run_address>
         <size>0x24d</size>
         <input_file_ref idref="fl-e4"/>
      </object_component>
      <object_component id="oc-224">
         <name>.debug_info</name>
         <load_address>0xe6a9</load_address>
         <run_address>0xe6a9</run_address>
         <size>0x23f</size>
         <input_file_ref idref="fl-e4"/>
      </object_component>
      <object_component id="oc-206">
         <name>.debug_info</name>
         <load_address>0xe8e8</load_address>
         <run_address>0xe8e8</run_address>
         <size>0x241</size>
         <input_file_ref idref="fl-e4"/>
      </object_component>
      <object_component id="oc-20c">
         <name>.debug_info</name>
         <load_address>0xeb29</load_address>
         <run_address>0xeb29</run_address>
         <size>0x2cd</size>
         <input_file_ref idref="fl-e4"/>
      </object_component>
      <object_component id="oc-2df">
         <name>.debug_info</name>
         <load_address>0xedf6</load_address>
         <run_address>0xedf6</run_address>
         <size>0x298</size>
         <input_file_ref idref="fl-e5"/>
      </object_component>
      <object_component id="oc-2fd">
         <name>.debug_info</name>
         <load_address>0xf08e</load_address>
         <run_address>0xf08e</run_address>
         <size>0x14d</size>
         <input_file_ref idref="fl-e5"/>
      </object_component>
      <object_component id="oc-1c3">
         <name>.debug_info</name>
         <load_address>0xf1db</load_address>
         <run_address>0xf1db</run_address>
         <size>0x27d</size>
         <input_file_ref idref="fl-e5"/>
      </object_component>
      <object_component id="oc-1cf">
         <name>.debug_info</name>
         <load_address>0xf458</load_address>
         <run_address>0xf458</run_address>
         <size>0x263</size>
         <input_file_ref idref="fl-e5"/>
      </object_component>
      <object_component id="oc-212">
         <name>.debug_info</name>
         <load_address>0xf6bb</load_address>
         <run_address>0xf6bb</run_address>
         <size>0x2b5</size>
         <input_file_ref idref="fl-e5"/>
      </object_component>
      <object_component id="oc-389">
         <name>.debug_info</name>
         <load_address>0xf970</load_address>
         <run_address>0xf970</run_address>
         <size>0x5f</size>
         <input_file_ref idref="fl-e5"/>
      </object_component>
      <object_component id="oc-1a4">
         <name>.debug_info</name>
         <load_address>0xf9cf</load_address>
         <run_address>0xf9cf</run_address>
         <size>0x223</size>
         <input_file_ref idref="fl-e6"/>
      </object_component>
      <object_component id="oc-3a7">
         <name>.debug_info</name>
         <load_address>0xfbf2</load_address>
         <run_address>0xfbf2</run_address>
         <size>0x15a</size>
         <input_file_ref idref="fl-e6"/>
      </object_component>
      <object_component id="oc-3aa">
         <name>.debug_info</name>
         <load_address>0xfd4c</load_address>
         <run_address>0xfd4c</run_address>
         <size>0x16c</size>
         <input_file_ref idref="fl-e6"/>
      </object_component>
      <object_component id="oc-25c">
         <name>.debug_info</name>
         <load_address>0xfeb8</load_address>
         <run_address>0xfeb8</run_address>
         <size>0x2ba</size>
         <input_file_ref idref="fl-e6"/>
      </object_component>
      <object_component id="oc-32e">
         <name>.debug_info</name>
         <load_address>0x10172</load_address>
         <run_address>0x10172</run_address>
         <size>0x2eb</size>
         <input_file_ref idref="fl-e6"/>
      </object_component>
      <object_component id="oc-268">
         <name>.debug_info</name>
         <load_address>0x1045d</load_address>
         <run_address>0x1045d</run_address>
         <size>0x2e4</size>
         <input_file_ref idref="fl-e6"/>
      </object_component>
      <object_component id="oc-26e">
         <name>.debug_info</name>
         <load_address>0x10741</load_address>
         <run_address>0x10741</run_address>
         <size>0x294</size>
         <input_file_ref idref="fl-e6"/>
      </object_component>
      <object_component id="oc-cd">
         <name>.debug_info</name>
         <load_address>0x109d5</load_address>
         <run_address>0x109d5</run_address>
         <size>0x292</size>
         <input_file_ref idref="fl-e6"/>
      </object_component>
      <object_component id="oc-274">
         <name>.debug_info</name>
         <load_address>0x10c67</load_address>
         <run_address>0x10c67</run_address>
         <size>0x27f</size>
         <input_file_ref idref="fl-e6"/>
      </object_component>
      <object_component id="oc-250">
         <name>.debug_info</name>
         <load_address>0x10ee6</load_address>
         <run_address>0x10ee6</run_address>
         <size>0x281</size>
         <input_file_ref idref="fl-e6"/>
      </object_component>
      <object_component id="oc-256">
         <name>.debug_info</name>
         <load_address>0x11167</load_address>
         <run_address>0x11167</run_address>
         <size>0x28c</size>
         <input_file_ref idref="fl-e6"/>
      </object_component>
      <object_component id="oc-1b2">
         <name>.debug_info</name>
         <load_address>0x113f3</load_address>
         <run_address>0x113f3</run_address>
         <size>0x227</size>
         <input_file_ref idref="fl-e7"/>
      </object_component>
      <object_component id="oc-39e">
         <name>.debug_info</name>
         <load_address>0x1161a</load_address>
         <run_address>0x1161a</run_address>
         <size>0x157</size>
         <input_file_ref idref="fl-e7"/>
      </object_component>
      <object_component id="oc-3a1">
         <name>.debug_info</name>
         <load_address>0x11771</load_address>
         <run_address>0x11771</run_address>
         <size>0x169</size>
         <input_file_ref idref="fl-e7"/>
      </object_component>
      <object_component id="oc-31f">
         <name>.debug_info</name>
         <load_address>0x118da</load_address>
         <run_address>0x118da</run_address>
         <size>0x27e</size>
         <input_file_ref idref="fl-e7"/>
      </object_component>
      <object_component id="oc-249">
         <name>.debug_info</name>
         <load_address>0x11b58</load_address>
         <run_address>0x11b58</run_address>
         <size>0x2c3</size>
         <input_file_ref idref="fl-e7"/>
      </object_component>
      <object_component id="oc-23d">
         <name>.debug_info</name>
         <load_address>0x11e1b</load_address>
         <run_address>0x11e1b</run_address>
         <size>0x28f</size>
         <input_file_ref idref="fl-e7"/>
      </object_component>
      <object_component id="oc-fa">
         <name>.debug_info</name>
         <load_address>0x120aa</load_address>
         <run_address>0x120aa</run_address>
         <size>0x28d</size>
         <input_file_ref idref="fl-e7"/>
      </object_component>
      <object_component id="oc-30b">
         <name>.debug_info</name>
         <load_address>0x12337</load_address>
         <run_address>0x12337</run_address>
         <size>0x247</size>
         <input_file_ref idref="fl-e7"/>
      </object_component>
      <object_component id="oc-305">
         <name>.debug_info</name>
         <load_address>0x1257e</load_address>
         <run_address>0x1257e</run_address>
         <size>0x249</size>
         <input_file_ref idref="fl-e7"/>
      </object_component>
      <object_component id="oc-231">
         <name>.debug_info</name>
         <load_address>0x127c7</load_address>
         <run_address>0x127c7</run_address>
         <size>0x326</size>
         <input_file_ref idref="fl-e7"/>
      </object_component>
      <object_component id="oc-ee">
         <name>.debug_info</name>
         <load_address>0x12aed</load_address>
         <run_address>0x12aed</run_address>
         <size>0x273</size>
         <input_file_ref idref="fl-e7"/>
      </object_component>
      <object_component id="oc-e8">
         <name>.debug_info</name>
         <load_address>0x12d60</load_address>
         <run_address>0x12d60</run_address>
         <size>0x24d</size>
         <input_file_ref idref="fl-e7"/>
      </object_component>
      <object_component id="oc-314">
         <name>.debug_info</name>
         <load_address>0x12fad</load_address>
         <run_address>0x12fad</run_address>
         <size>0x212</size>
         <input_file_ref idref="fl-e8"/>
      </object_component>
      <object_component id="oc-41d">
         <name>.debug_info</name>
         <load_address>0x131bf</load_address>
         <run_address>0x131bf</run_address>
         <size>0x8f</size>
      </object_component>
      <object_component id="oc-19a">
         <name>.debug_line</name>
         <load_address>0x0</load_address>
         <run_address>0x0</run_address>
         <size>0xba</size>
         <input_file_ref idref="fl-2"/>
      </object_component>
      <object_component id="oc-11b">
         <name>.debug_line</name>
         <load_address>0xba</load_address>
         <run_address>0xba</run_address>
         <size>0x66</size>
         <input_file_ref idref="fl-2"/>
      </object_component>
      <object_component id="oc-70">
         <name>.debug_line</name>
         <load_address>0x120</load_address>
         <run_address>0x120</run_address>
         <size>0x69</size>
         <input_file_ref idref="fl-2"/>
[...]
         <name>t2</name>
         <value>0x200053d0</value>
      </symbol>
      <symbol id="sm-12a">
         <name>t3</name>
         <value>0x200053d4</value>
      </symbol>
      <symbol id="sm-12b">
         <name>t5</name>
         <value>0x200053d8</value>
      </symbol>
      <symbol id="sm-12c">
         <name>t6</name>
         <value>0x200053dc</value>
      </symbol>
      <symbol id="sm-12d">
         <name>t7</name>
         <value>0x200053e0</value>
      </symbol>
      <symbol id="sm-12e">
         <name>g1</name>
         <value>0x200053ed</value>
      </symbol>
      <symbol id="sm-12f">
         <name>Uart_ISR</name>
         <value>0xbb1</value>
         <object_component_ref idref="oc-98"/>
      </symbol>
      <symbol id="sm-130">
         <name>kp2</name>
         <value>0x2000560c</value>
         <object_component_ref idref="oc-e1"/>
      </symbol>
      <symbol id="sm-131">
         <name>kp1</name>
         <value>0x20005604</value>
         <object_component_ref idref="oc-e1"/>
      </symbol>
      <symbol id="sm-132">
         <name>store_ptr</name>
         <value>0x2000562c</value>
         <object_component_ref idref="oc-e1"/>
      </symbol>
      <symbol id="sm-133">
         <name>ki2</name>
         <value>0x20005610</value>
         <object_component_ref idref="oc-e1"/>
      </symbol>
      <symbol id="sm-134">
         <name>ki1</name>
         <value>0x20005608</value>
         <object_component_ref idref="oc-e1"/>
      </symbol>
      <symbol id="sm-135">
         <name>t</name>
         <value>0x20005600</value>
         <object_component_ref idref="oc-e1"/>
      </symbol>
      <symbol id="sm-136">
         <name>t8</name>
         <value>0x20005614</value>
         <object_component_ref idref="oc-e1"/>
      </symbol>
      <symbol id="sm-137">
         <name>theta</name>
         <value>0x20005624</value>
         <object_component_ref idref="oc-e1"/>
      </symbol>
      <symbol id="sm-138">
         <name>r2</name>
         <value>0x200055fc</value>
         <object_component_ref idref="oc-e1"/>
      </symbol>
      <symbol id="sm-139">
         <name>r1</name>
         <value>0x200055f8</value>
         <object_component_ref idref="oc-e1"/>
      </symbol>
      <symbol id="sm-13a">
         <name>dtheta</name>
         <value>0x20005620</value>
         <object_component_ref idref="oc-e1"/>
      </symbol>
      <symbol id="sm-13b">
         <name>send_ptr</name>
         <value>0x20005634</value>
         <object_component_ref idref="oc-e1"/>
      </symbol>
      <symbol id="sm-13c">
         <name>main</name>
         <value>0xdad</value>
         <object_component_ref idref="oc-98"/>
      </symbol>
      <symbol id="sm-13d">
         <name>m2</name>
         <value>0x200055f4</value>
         <object_component_ref idref="oc-e1"/>
      </symbol>
      <symbol id="sm-13e">
         <name>m1</name>
         <value>0x200055f0</value>
         <object_component_ref idref="oc-e1"/>
      </symbol>
      <symbol id="sm-13f">
         <name>lR</name>
         <value>0x2000561c</value>
         <object_component_ref idref="oc-e1"/>
      </symbol>
      <symbol id="sm-140">
         <name>lL</name>
         <value>0x20005618</value>
         <object_component_ref idref="oc-e1"/>
      </symbol>
      <symbol id="sm-141">
         <name>disp</name>
         <value>0x20005628</value>
         <object_component_ref idref="oc-e1"/>
      </symbol>
      <symbol id="sm-142">
         <name>PID_ISR</name>
         <value>0xa19</value>
         <object_component_ref idref="oc-98"/>
      </symbol>
      <symbol id="sm-143">
         <name>read_ptr</name>
         <value>0x20005630</value>
         <object_component_ref idref="oc-e1"/>
      </symbol>
      <symbol id="sm-144">
         <name>Tim_ISR</name>
         <value>0x9a5</value>
         <object_component_ref idref="oc-98"/>
      </symbol>
      <symbol id="sm-159">
         <name>pwm_init</name>
         <value>0x2b81</value>
         <object_component_ref idref="oc-111"/>
      </symbol>
      <symbol id="sm-17b">
         <name>store</name>
         <value>0x2000026c</value>
      </symbol>
      <symbol id="sm-17c">
         <name>m</name>
         <value>0x20005644</value>
         <object_component_ref idref="oc-1bd"/>
      </symbol>
      <symbol id="sm-17d">
         <name>send_float</name>
         <value>0x2535</value>
         <object_component_ref idref="oc-f3"/>
      </symbol>
      <symbol id="sm-190">
         <name>Timer_init</name>
         <value>0x2c4d</value>
         <object_component_ref idref="oc-123"/>
      </symbol>
      <symbol id="sm-1ac">
         <name>ResetISR</name>
         <value>0x3635</value>
         <object_component_ref idref="oc-24"/>
      </symbol>
      <symbol id="sm-1ad">
         <name>g_pfnVectors</name>
         <value>0x0</value>
         <object_component_ref idref="oc-f"/>
      </symbol>
      <symbol id="sm-1c2">
         <name>uart_init</name>
         <value>0x2d09</value>
         <object_component_ref idref="oc-11d"/>
      </symbol>
      <symbol id="sm-21d">
         <name>cosl</name>
         <value>0x103d</value>
         <object_component_ref idref="oc-14f"/>
      </symbol>
      <symbol id="sm-21e">
         <name>cos</name>
         <value>0x103d</value>
         <object_component_ref idref="oc-14f"/>
      </symbol>
      <symbol id="sm-26a">
         <name>sin</name>
         <value>0x1619</value>
         <object_component_ref idref="oc-142"/>
      </symbol>
      <symbol id="sm-26b">
         <name>sinl</name>
         <value>0x1619</value>
         <object_component_ref idref="oc-142"/>
      </symbol>
      <symbol id="sm-282">
         <name>__aeabi_dsub</name>
         <value>0x1e35</value>
         <object_component_ref idref="oc-148"/>
      </symbol>
      <symbol id="sm-283">
         <name>__aeabi_dadd</name>
         <value>0x1e3f</value>
         <object_component_ref idref="oc-148"/>
      </symbol>
      <symbol id="sm-2a5">
         <name>__aeabi_cdcmpeq</name>
         <value>0x2e55</value>
         <object_component_ref idref="oc-28a"/>
      </symbol>
      <symbol id="sm-2a6">
         <name>__aeabi_cdcmple</name>
         <value>0x2e55</value>
         <object_component_ref idref="oc-28a"/>
      </symbol>
      <symbol id="sm-2a7">
         <name>__aeabi_cdrcmple</name>
         <value>0x2edb</value>
         <object_component_ref idref="oc-345"/>
      </symbol>
      <symbol id="sm-2bb">
         <name>__aeabi_ddiv</name>
         <value>0x22cd</value>
         <object_component_ref idref="oc-133"/>
      </symbol>
      <symbol id="sm-2c6">
         <name>__aeabi_dmul</name>
         <value>0x298d</value>
         <object_component_ref idref="oc-12e"/>
      </symbol>
      <symbol id="sm-2d0">
         <name>__aeabi_d2iz</name>
         <value>0x320d</value>
         <object_component_ref idref="oc-27f"/>
      </symbol>
      <symbol id="sm-2dc">
         <name>__aeabi_d2f</name>
         <value>0x2fdb</value>
         <object_component_ref idref="oc-138"/>
      </symbol>
      <symbol id="sm-2e7">
         <name>__aeabi_f2d</name>
         <value>0x3321</value>
         <object_component_ref idref="oc-13d"/>
      </symbol>
      <symbol id="sm-2f1">
         <name>__aeabi_i2d</name>
         <value>0x33f5</value>
         <object_component_ref idref="oc-129"/>
      </symbol>
      <symbol id="sm-300">
         <name>__aeabi_memset</name>
         <value>0x2f63</value>
         <object_component_ref idref="oc-8c"/>
      </symbol>
      <symbol id="sm-301">
         <name>memset</name>
         <value>0x2f69</value>
         <object_component_ref idref="oc-8c"/>
      </symbol>
      <symbol id="sm-302">
         <name>__aeabi_memset8</name>
         <value>0x2f63</value>
         <object_component_ref idref="oc-8c"/>
      </symbol>
      <symbol id="sm-303">
         <name>__aeabi_memset4</name>
         <value>0x2f63</value>
         <object_component_ref idref="oc-8c"/>
      </symbol>
      <symbol id="sm-304">
         <name>__aeabi_memclr8</name>
         <value>0x2f61</value>
         <object_component_ref idref="oc-8c"/>
      </symbol>
      <symbol id="sm-305">
         <name>__aeabi_memclr4</name>
         <value>0x2f61</value>
         <object_component_ref idref="oc-8c"/>
      </symbol>
      <symbol id="sm-306">
         <name>__aeabi_memclr</name>
         <value>0x2f61</value>
         <object_component_ref idref="oc-8c"/>
      </symbol>
      <symbol id="sm-31d">
         <name>__TI_zero_init</name>
         <value>0x3629</value>
         <object_component_ref idref="oc-4a"/>
      </symbol>
      <symbol id="sm-334">
         <name>__TI_decompress_none</name>
         <value>0x35f7</value>
         <object_component_ref idref="oc-18"/>
      </symbol>
      <symbol id="sm-357">
         <name>__TI_decompress_lzss</name>
         <value>0x30b1</value>
         <object_component_ref idref="oc-12"/>
      </symbol>
      <symbol id="sm-36a">
         <name>__stack</name>
         <value>0x200053f0</value>
         <object_component_ref idref="oc-21"/>
      </symbol>
      <symbol id="sm-36b">
         <name>_c_int00_noargs</name>
         <value>0x33c1</value>
         <object_component_ref idref="oc-56"/>
      </symbol>
      <symbol id="sm-3db">
         <name>__kernel_rem_pio2</name>
         <value>0x26d</value>
         <object_component_ref idref="oc-28f"/>
      </symbol>
      <symbol id="sm-3f1">
         <name>__kernel_cos</name>
         <value>0x2161</value>
         <object_component_ref idref="oc-295"/>
      </symbol>
      <symbol id="sm-408">
         <name>__kernel_sin</name>
         <value>0x1fed</value>
         <object_component_ref idref="oc-284"/>
      </symbol>
      <symbol id="sm-425">
         <name>floorl</name>
         <value>0x2a89</value>
         <object_component_ref idref="oc-33f"/>
      </symbol>
      <symbol id="sm-426">
         <name>floor</name>
         <value>0x2a89</value>
         <object_component_ref idref="oc-33f"/>
      </symbol>
      <symbol id="sm-443">
         <name>scalbn</name>
         <value>0x287d</value>
         <object_component_ref idref="oc-339"/>
      </symbol>
      <symbol id="sm-444">
         <name>scalbnl</name>
         <value>0x287d</value>
         <object_component_ref idref="oc-339"/>
      </symbol>
      <symbol id="sm-445">
         <name>ldexpl</name>
         <value>0x287d</value>
         <object_component_ref idref="oc-339"/>
      </symbol>
      <symbol id="sm-446">
         <name>ldexp</name>
         <value>0x287d</value>
         <object_component_ref idref="oc-339"/>
      </symbol>
      <symbol id="sm-450">
         <name>copysign</name>
         <value>0x34af</value>
         <object_component_ref idref="oc-3b5"/>
      </symbol>
      <symbol id="sm-451">
         <name>copysignl</name>
         <value>0x34af</value>
         <object_component_ref idref="oc-3b5"/>
      </symbol>
      <symbol id="sm-46c">
         <name>memcpy</name>
         <value>0x2db9</value>
         <object_component_ref idref="oc-38"/>
      </symbol>
      <symbol id="sm-46d">
         <name>__aeabi_memcpy</name>
         <value>0x2db9</value>
         <object_component_ref idref="oc-38"/>
      </symbol>
      <symbol id="sm-46e">
         <name>__aeabi_memcpy8</name>
         <value>0x2db9</value>
         <object_component_ref idref="oc-38"/>
      </symbol>
      <symbol id="sm-46f">
         <name>__aeabi_memcpy4</name>
         <value>0x2db9</value>
         <object_component_ref idref="oc-38"/>
      </symbol>
      <symbol id="sm-497">
         <name>__TI_auto_init_nobinit_nopinit</name>
         <value>0x329d</value>
         <object_component_ref idref="oc-167"/>
      </symbol>
      <symbol id="sm-4a1">
         <name>_system_pre_init</name>
         <value>0x36a1</value>
         <object_component_ref idref="oc-92"/>
      </symbol>
      <symbol id="sm-4ad">
         <name>C$$EXIT</name>
         <value>0x36a5</value>
         <object_component_ref idref="oc-15b"/>
      </symbol>
      <symbol id="sm-4ae">
         <name>abort</name>
         <value>0x36a5</value>
         <object_component_ref idref="oc-15b"/>
      </symbol>
      <symbol id="sm-4c6">
         <name>__aeabi_errno_addr</name>
         <value>0x3685</value>
         <object_component_ref idref="oc-3af"/>
      </symbol>
      <symbol id="sm-4c7">
         <name>errno</name>
         <value>0x20005640</value>
         <object_component_ref idref="oc-3e2"/>
      </symbol>
      <symbol id="sm-516">
         <name>GPIOPinTypePWM</name>
         <value>0x3551</value>
         <object_component_ref idref="oc-1da"/>
      </symbol>
      <symbol id="sm-517">
         <name>GPIOPinConfigure</name>
         <value>0x31c5</value>
         <object_component_ref idref="oc-1d4"/>
      </symbol>
      <symbol id="sm-518">
         <name>GPIOPinTypeUART</name>
         <value>0x3575</value>
         <object_component_ref idref="oc-22a"/>
      </symbol>
      <symbol id="sm-519">
         <name>GPIOPinTypeGPIOOutput</name>
         <value>0x34c9</value>
         <object_component_ref idref="oc-1c8"/>
      </symbol>
      <symbol id="sm-51a">
         <name>GPIODirModeSet</name>
         <value>0x3423</value>
         <object_component_ref idref="oc-2e6"/>
      </symbol>
      <symbol id="sm-51b">
         <name>GPIOPinTypeQEI</name>
         <value>0x3563</value>
         <object_component_ref idref="oc-1ff"/>
      </symbol>
      <symbol id="sm-51c">
         <name>GPIOPadConfigSet</name>
         <value>0x2403</value>
         <object_component_ref idref="oc-2e0"/>
      </symbol>
      <symbol id="sm-55e">
         <name>IntEnable</name>
         <value>0x3049</value>
         <object_component_ref idref="oc-261"/>
      </symbol>
      <symbol id="sm-55f">
         <name>IntRegister</name>
         <value>0x3359</value>
         <object_component_ref idref="oc-242"/>
      </symbol>
      <symbol id="sm-560">
         <name>g_pfnRAMVectors</name>
         <value>0x20000000</value>
         <object_component_ref idref="oc-319"/>
      </symbol>
      <symbol id="sm-561">
         <name>IntMasterEnable</name>
         <value>0x35ab</value>
         <object_component_ref idref="oc-236"/>
      </symbol>
      <symbol id="sm-596">
         <name>PWMGenPeriodSet</name>
         <value>0x35bb</value>
         <object_component_ref idref="oc-1ec"/>
      </symbol>
      <symbol id="sm-597">
         <name>PWMGenDisable</name>
         <value>0x3611</value>
         <object_component_ref idref="oc-1e0"/>
      </symbol>
      <symbol id="sm-598">
         <name>PWMPulseWidthSet</name>
         <value>0x3491</value>
         <object_component_ref idref="oc-d8"/>
      </symbol>
      <symbol id="sm-599">
         <name>PWMOutputState</name>
         <value>0x3587</value>
         <object_component_ref idref="oc-1f8"/>
      </symbol>
      <symbol id="sm-59a">
         <name>PWMGenEnable</name>
         <value>0x361d</value>
         <object_component_ref idref="oc-1f2"/>
      </symbol>
      <symbol id="sm-59b">
         <name>PWMGenConfigure</name>
         <value>0x344d</value>
         <object_component_ref idref="oc-1e6"/>
      </symbol>
      <symbol id="sm-5e0">
         <name>QEIPositionGet</name>
         <value>0x368d</value>
         <object_component_ref idref="oc-c0"/>
      </symbol>
      <symbol id="sm-5e1">
         <name>QEIVelocityGet</name>
         <value>0x3695</value>
         <object_component_ref idref="oc-d2"/>
      </symbol>
      <symbol id="sm-5e2">
         <name>QEIVelocityConfigure</name>
         <value>0x35cb</value>
         <object_component_ref idref="oc-217"/>
      </symbol>
      <symbol id="sm-5e3">
         <name>QEIDisable</name>
         <value>0x3641</value>
         <object_component_ref idref="oc-205"/>
      </symbol>
      <symbol id="sm-5e4">
         <name>QEIEnable</name>
         <value>0x364b</value>
         <object_component_ref idref="oc-223"/>
      </symbol>
      <symbol id="sm-5e5">
         <name>QEIPositionSet</name>
         <value>0x3691</value>
         <object_component_ref idref="oc-c6"/>
      </symbol>
      <symbol id="sm-5e6">
         <name>QEIVelocityEnable</name>
         <value>0x3655</value>
         <object_component_ref idref="oc-21d"/>
      </symbol>
      <symbol id="sm-5e7">
         <name>QEIConfigure</name>
         <value>0x35db</value>
         <object_component_ref idref="oc-20b"/>
      </symbol>
      <symbol id="sm-62b">
         <name>SysCtlPeripheralEnable</name>
         <value>0x338d</value>
         <object_component_ref idref="oc-1c2"/>
      </symbol>
      <symbol id="sm-62c">
         <name>SysCtlClockGet</name>
         <value>0x276d</value>
         <object_component_ref idref="oc-211"/>
      </symbol>
      <symbol id="sm-62d">
         <name>SysCtlPWMClockSet</name>
         <value>0x3529</value>
         <object_component_ref idref="oc-1ce"/>
      </symbol>
      <symbol id="sm-692">
         <name>TimerLoadSet</name>
         <value>0x3599</value>
         <object_component_ref idref="oc-25b"/>
      </symbol>
      <symbol id="sm-693">
         <name>TimerDisable</name>
         <value>0x34e1</value>
         <object_component_ref idref="oc-24f"/>
      </symbol>
      <symbol id="sm-694">
         <name>TimerIntRegister</name>
         <value>0x34f9</value>
         <object_component_ref idref="oc-267"/>
      </symbol>
      <symbol id="sm-695">
         <name>TimerEnable</name>
         <value>0x35e9</value>
         <object_component_ref idref="oc-273"/>
      </symbol>
      <symbol id="sm-696">
         <name>TimerIntEnable</name>
         <value>0x3673</value>
         <object_component_ref idref="oc-26d"/>
      </symbol>
      <symbol id="sm-697">
         <name>TimerConfigure</name>
         <value>0x3119</value>
         <object_component_ref idref="oc-255"/>
      </symbol>
      <symbol id="sm-698">
         <name>TimerIntClear</name>
         <value>0x3699</value>
         <object_component_ref idref="oc-cc"/>
      </symbol>
      <symbol id="sm-702">
         <name>UARTConfigSetExpClk</name>
         <value>0x3255</value>
         <object_component_ref idref="oc-230"/>
      </symbol>
      <symbol id="sm-703">
         <name>UARTDisable</name>
         <value>0x3471</value>
         <object_component_ref idref="oc-304"/>
      </symbol>
      <symbol id="sm-704">
         <name>UARTIntEnable</name>
         <value>0x367b</value>
         <object_component_ref idref="oc-23c"/>
      </symbol>
      <symbol id="sm-705">
         <name>UARTCharPut</name>
         <value>0x3669</value>
         <object_component_ref idref="oc-ed"/>
      </symbol>
      <symbol id="sm-706">
         <name>UARTEnable</name>
         <value>0x353d</value>
         <object_component_ref idref="oc-30a"/>
      </symbol>
      <symbol id="sm-707">
         <name>UARTIntClear</name>
         <value>0x369d</value>
         <object_component_ref idref="oc-f9"/>
      </symbol>
      <symbol id="sm-708">
         <name>UARTCharGet</name>
         <value>0x365f</value>
         <object_component_ref idref="oc-e7"/>
      </symbol>
      <symbol id="sm-709">
         <name>UARTIntRegister</name>
         <value>0x3511</value>
         <object_component_ref idref="oc-248"/>
      </symbol>
      <symbol id="sm-713">
         <name>CPUcpsie</name>
         <value>0x3605</value>
         <object_component_ref idref="oc-311"/>
      </symbol>
      <symbol id="sm-714">
         <name>__TI_static_base__</name>
         <value>0x0</value>
      </symbol>
      <symbol id="sm-717">
         <name>__mpu_init</name>
         <value>0x0</value>
      </symbol>
      <symbol id="sm-718">
         <name>_system_post_cinit</name>
         <value>0x0</value>
      </symbol>
   </symbol_table>
   <title>Link successful</title>
</link_info>
