******************************************************************************
                  TI ARM Linker PC v18.12.1                    
******************************************************************************
>> Linked Tue Jul 16 18:58:46 2019

OUTPUT FILE NAME:   <Final_v1.out>
ENTRY POINT SYMBOL: "_c_int00_noargs"  address: 000033c1


MEMORY CONFIGURATION

         name            origin    length      used     unused   attr    fill
----------------------  --------  ---------  --------  --------  ----  --------
  FLASH                 00000000   00040000  00003aec  0003c514  R  X
  SRAM                  20000000   00008000  00005647  000029b9  RW X


SEGMENT ALLOCATION MAP

run origin  load origin   length   init length attrs members
----------  ----------- ---------- ----------- ----- -------
00000000    00000000    00003af0   00003af0    r-x
  00000000    00000000    0000026c   0000026c    r-- .intvecs
  0000026c    0000026c    0000343c   0000343c    r-x .text
  000036a8    000036a8    000003ec   000003ec    r-- .const
  00003a98    00003a98    00000058   00000058    r-- .cinit
20000000    20000000    00005648   00000000    rw-
  20000000    20000000    0000026c   00000000    rw- .vtable
  2000026c    2000026c    00005183   00000000    rw- .bss
  200053f0    200053f0    00000200   00000000    rw- .stack
  200055f0    200055f0    00000058   00000000    rw- .data


SECTION ALLOCATION MAP

 output                                  attributes/
section   page    origin      length       input sections
--------  ----  ----------  ----------   ----------------
.intvecs   0    00000000    0000026c     
                  00000000    0000026c     tm4c123gh6pm_startup_ccs.obj (.intvecs)

.text      0    0000026c    0000343c     
                  0000026c    00000738     rtsv7M4_T_le_v4SPD16_eabi.lib : k_rem_pio2.c.obj (.text:__kernel_rem_pio2)
                  000009a4    00000698     main.obj (.text)
                  0000103c    000005dc     rtsv7M4_T_le_v4SPD16_eabi.lib : s_cos.c.obj (.text:cos)
                  00001618    000005c4                                   : s_sin.c.obj (.text:sin)
                  00001bdc    00000258     fr_api.obj (.text)
                  00001e34    000001b6     rtsv7M4_T_le_v4SPD16_eabi.lib : fd_add_t2.asm.obj (.text)
                  00001fea    00000002     --HOLE-- [fill = 0]
                  00001fec    00000174                                   : k_sin.c.obj (.text:__kernel_sin)
                  00002160    0000016c                                   : k_cos.c.obj (.text:__kernel_cos)
                  000022cc    00000136                                   : fd_div_t2.asm.obj (.text)
                  00002402    00000132     driverlib.lib : gpio.obj (.text:GPIOPadConfigSet)
                  00002534    00000120     send_float.obj (.text)
                  00002654    00000118     encoder_init.obj (.text)
                  0000276c    00000110     driverlib.lib : sysctl.obj (.text:SysCtlClockGet)
                  0000287c    00000110     rtsv7M4_T_le_v4SPD16_eabi.lib : s_scalbn.c.obj (.text:scalbn)
                  0000298c    000000fc                                   : fd_mul_t2.asm.obj (.text)
                  00002a88    000000f8                                   : s_floor.c.obj (.text:floor)
                  00002b80    000000cc     pwm_init.obj (.text)
                  00002c4c    000000bc     timer_init.obj (.text)
                  00002d08    000000b0     uart_init.obj (.text)
                  00002db8    0000009c     rtsv7M4_T_le_v4SPD16_eabi.lib : memcpy_t2.asm.obj (.text)
                  00002e54    00000086                                   : fd_cmp_t2.asm.obj (.text:__aeabi_cdcmple)
                  00002eda    00000086                                   : fd_cmp_t2.asm.obj (.text:__aeabi_cdrcmple)
                  00002f60    0000007a                                   : memset_t2.asm.obj (.text)
                  00002fda    0000006e                                   : fd_tos_t2.asm.obj (.text)
                  00003048    00000068     driverlib.lib : interrupt.obj (.text:IntEnable)
                  000030b0    00000068     rtsv7M4_T_le_v4SPD16_eabi.lib : copy_decompress_lzss.c.obj (.text:decompress:lzss:__TI_decompress_lzss)
                  00003118    00000060     driverlib.lib : timer.obj (.text:TimerConfigure)
                  00003178    0000004c                   : timer.obj (.text:_TimerIntNumberGet)
                  000031c4    00000048                   : gpio.obj (.text:GPIOPinConfigure)
                  0000320c    00000048     rtsv7M4_T_le_v4SPD16_eabi.lib : fd_toi_t2.asm.obj (.text)
                  00003254    00000046     driverlib.lib : uart.obj (.text:UARTConfigSetExpClk)
                  0000329a    00000002     --HOLE-- [fill = 0]
                  0000329c    00000044     rtsv7M4_T_le_v4SPD16_eabi.lib : autoinit.c.obj (.text:__TI_auto_init_nobinit_nopinit:__TI_auto_init_nobinit_nopinit)
                  000032e0    00000040     driverlib.lib : uart.obj (.text:_UARTIntNumberGet)
                  00003320    00000038     rtsv7M4_T_le_v4SPD16_eabi.lib : fs_tod_t2.asm.obj (.text)
                  00003358    00000034     driverlib.lib : interrupt.obj (.text:IntRegister)
                  0000338c    00000034                   : sysctl.obj (.text:SysCtlPeripheralEnable)
                  000033c0    00000034     rtsv7M4_T_le_v4SPD16_eabi.lib : boot_cortex_m.c.obj (.text:_c_int00_noargs:_c_int00_noargs)
                  000033f4    0000002e                                   : i_tofd_t2.asm.obj (.text)
                  00003422    0000002a     driverlib.lib : gpio.obj (.text:GPIODirModeSet)
                  0000344c    00000022                   : pwm.obj (.text:PWMGenConfigure)
                  0000346e    00000002     --HOLE-- [fill = 0]
                  00003470    00000020                   : uart.obj (.text:UARTDisable)
                  00003490    0000001e                   : pwm.obj (.text:PWMPulseWidthSet)
                  000034ae    0000001a     rtsv7M4_T_le_v4SPD16_eabi.lib : s_copysign.c.obj (.text:copysign)
                  000034c8    00000018     driverlib.lib : gpio.obj (.text:GPIOPinTypeGPIOOutput)
                  000034e0    00000018                   : timer.obj (.text:TimerDisable)
                  000034f8    00000018                   : timer.obj (.text:TimerIntRegister)
                  00003510    00000018                   : uart.obj (.text:UARTIntRegister)
                  00003528    00000014                   : sysctl.obj (.text:SysCtlPWMClockSet)
                  0000353c    00000014                   : uart.obj (.text:UARTEnable)
                  00003550    00000012                   : gpio.obj (.text:GPIOPinTypePWM)
                  00003562    00000012                   : gpio.obj (.text:GPIOPinTypeQEI)
                  00003574    00000012                   : gpio.obj (.text:GPIOPinTypeUART)
                  00003586    00000012                   : pwm.obj (.text:PWMOutputState)
                  00003598    00000012                   : timer.obj (.text:TimerLoadSet)
                  000035aa    00000010                   : interrupt.obj (.text:IntMasterEnable)
                  000035ba    00000010                   : pwm.obj (.text:PWMGenPeriodSet)
                  000035ca    00000010                   : qei.obj (.text:QEIVelocityConfigure)
                  000035da    0000000e                   : qei.obj (.text:QEIConfigure)
                  000035e8    0000000e                   : timer.obj (.text:TimerEnable)
                  000035f6    0000000e     rtsv7M4_T_le_v4SPD16_eabi.lib : copy_decompress_none.c.obj (.text:decompress:none:__TI_decompress_none)
                  00003604    0000000c     driverlib.lib : cpu.obj (.text:CPUcpsie)
                  00003610    0000000c                   : pwm.obj (.text:PWMGenDisable)
                  0000361c    0000000c                   : pwm.obj (.text:PWMGenEnable)
                  00003628    0000000c     rtsv7M4_T_le_v4SPD16_eabi.lib : copy_zero_init.c.obj (.text:decompress:ZI:__TI_zero_init)
                  00003634    0000000c     tm4c123gh6pm_startup_ccs.obj (.text)
                  00003640    0000000a     driverlib.lib : qei.obj (.text:QEIDisable)
                  0000364a    0000000a                   : qei.obj (.text:QEIEnable)
                  00003654    0000000a                   : qei.obj (.text:QEIVelocityEnable)
                  0000365e    0000000a                   : uart.obj (.text:UARTCharGet)
                  00003668    0000000a                   : uart.obj (.text:UARTCharPut)
                  00003672    00000008                   : timer.obj (.text:TimerIntEnable)
                  0000367a    00000008                   : uart.obj (.text:UARTIntEnable)
                  00003682    00000002     --HOLE-- [fill = 0]
                  00003684    00000008     rtsv7M4_T_le_v4SPD16_eabi.lib : errno.c.obj (.text:__aeabi_errno_addr)
                  0000368c    00000004     driverlib.lib : qei.obj (.text:QEIPositionGet)
                  00003690    00000004                   : qei.obj (.text:QEIPositionSet)
                  00003694    00000004                   : qei.obj (.text:QEIVelocityGet)
                  00003698    00000004                   : timer.obj (.text:TimerIntClear)
                  0000369c    00000004                   : uart.obj (.text:UARTIntClear)
                  000036a0    00000004     rtsv7M4_T_le_v4SPD16_eabi.lib : pre_init.c.obj (.text:_system_pre_init)
                  000036a4    00000004                                   : exit.c.obj (.text:abort:abort)

.const     0    000036a8    000003ec     
                  000036a8    00000158     rtsv7M4_T_le_v4SPD16_eabi.lib : k_rem_pio2.c.obj (.const:$O1$$)
                  00003800    00000090     driverlib.lib : gpio.obj (.const:g_pui32GPIOBaseAddrs)
                  00003890    00000070                   : interrupt.obj (.const)
                  00003900    0000006c                   : sysctl.obj (.const:g_pui32Xtals)
                  0000396c    00000060                   : timer.obj (.const:g_ppui32TimerIntMap)
                  000039cc    00000040                   : timer.obj (.const:g_ppui32TimerIntMapSnowflake)
                  00003a0c    00000040                   : uart.obj (.const:g_ppui32UARTIntMap)
                  00003a4c    00000040                   : uart.obj (.const:g_ppui32UARTIntMapSnowflake)
                  00003a8c    00000008     fr_api.obj (.const:.string:$P$T0$1)

.cinit     0    00003a98    00000058     
                  00003a98    00000022     (.cinit..data.load) [load image, compression = lzss]
                  00003aba    00000002     --HOLE-- [fill = 0]
                  00003abc    0000000c     (__TI_handler_table)
                  00003ac8    00000008     (.cinit..bss.load) [load image, compression = zero_init]
                  00003ad0    00000008     (.cinit..vtable.load) [load image, compression = zero_init]
                  00003ad8    00000018     (__TI_cinit_table)

.init_array 
*          0    00000000    00000000     UNINITIALIZED

.vtable    0    20000000    0000026c     UNINITIALIZED
                  20000000    0000026c     driverlib.lib : interrupt.obj (.vtable)

.bss       0    2000026c    00005183     UNINITIALIZED
                  2000026c    00001900     (.common:store)
                  20001b6c    000012c0     (.common:wh1)
                  20002e2c    000012c0     (.common:wh2)
                  200040ec    00000640     (.common:timestamp)
                  2000472c    00000640     (.common:x)
                  20004d6c    00000640     (.common:y)
                  200053ac    00000004     (.common:d1)
                  200053b0    00000004     (.common:d2)
                  200053b4    00000004     (.common:dc1)
                  200053b8    00000004     (.common:dc2)
                  200053bc    00000004     (.common:e1)
                  200053c0    00000004     (.common:e2)
                  200053c4    00000004     (.common:sum2)
                  200053c8    00000004     (.common:sum5)
                  200053cc    00000004     (.common:t1)
                  200053d0    00000004     (.common:t2)
                  200053d4    00000004     (.common:t3)
                  200053d8    00000004     (.common:t5)
                  200053dc    00000004     (.common:t6)
                  200053e0    00000004     (.common:t7)
                  200053e4    00000004     (.common:v1)
                  200053e8    00000004     (.common:v2)
                  200053ec    00000001     (.common:a)
                  200053ed    00000001     (.common:g1)
                  200053ee    00000001     (.common:state1)

.data      0    200055f0    00000058     UNINITIALIZED
                  200055f0    00000048     main.obj (.data)
                  20005638    00000008     fr_api.obj (.data)
                  20005640    00000004     rtsv7M4_T_le_v4SPD16_eabi.lib : errno.c.obj (.data)
                  20005644    00000004     send_float.obj (.data)

.stack     0    200053f0    00000200     UNINITIALIZED
                  200053f0    00000004     rtsv7M4_T_le_v4SPD16_eabi.lib : boot_cortex_m.c.obj (.stack)
                  200053f4    000001fc     --HOLE--

MODULE SUMMARY

       Module                         code    ro data   rw data
       ------                         ----    -------   -------
    .\
       main.obj                       1688    0         14539  
       send_float.obj                 288     0         6404   
       tm4c123gh6pm_startup_ccs.obj   12      620       0      
       fr_api.obj                     600     8         8      
       encoder_init.obj               280     0         0      
       pwm_init.obj                   204     0         0      
       timer_init.obj                 188     0         0      
       uart_init.obj                  176     0         0      
    +--+------------------------------+-------+---------+---------+
       Total:                         3436    628       20951  
                                                               
    D:/TivaWare_C_Series-2.1.4.178/driverlib/ccs/Debug/driverlib.lib
       interrupt.obj                  172     112       620    
       gpio.obj                       498     144       0      
       sysctl.obj                     344     108       0      
       timer.obj                      264     160       0      
       uart.obj                       242     128       0      
       pwm.obj                        122     0         0      
       qei.obj                        72      0         0      
       cpu.obj                        12      0         0      
    +--+------------------------------+-------+---------+---------+
       Total:                         1726    652       620    
                                                               
    D:\CSS\ccs\tools\compiler\ti-cgt-arm_18.12.1.LTS\lib\rtsv7M4_T_le_v4SPD16_eabi.lib
       k_rem_pio2.c.obj               1848    344       0      
       s_cos.c.obj                    1500    0         0      
       s_sin.c.obj                    1476    0         0      
       fd_add_t2.asm.obj              438     0         0      
       k_sin.c.obj                    372     0         0      
       k_cos.c.obj                    364     0         0      
       fd_div_t2.asm.obj              310     0         0      
       s_scalbn.c.obj                 272     0         0      
       fd_cmp_t2.asm.obj              268     0         0      
       fd_mul_t2.asm.obj              252     0         0      
       s_floor.c.obj                  248     0         0      
       memcpy_t2.asm.obj              156     0         0      
       memset_t2.asm.obj              122     0         0      
       fd_tos_t2.asm.obj              110     0         0      
       copy_decompress_lzss.c.obj     104     0         0      
       fd_toi_t2.asm.obj              72      0         0      
       autoinit.c.obj                 68      0         0      
       fs_tod_t2.asm.obj              56      0         0      
       boot_cortex_m.c.obj            52      0         0      
       i_tofd_t2.asm.obj              46      0         0      
       s_copysign.c.obj               26      0         0      
       copy_decompress_none.c.obj     14      0         0      
       copy_zero_init.c.obj           12      0         0      
       errno.c.obj                    8       0         4      
       exit.c.obj                     4       0         0      
       pre_init.c.obj                 4       0         0      
    +--+------------------------------+-------+---------+---------+
       Total:                         8202    344       4      
                                                               
       Stack:                         0       0         512    
       Linker Generated:              0       86        0      
    +--+------------------------------+-------+---------+---------+
       Grand Total:                   13364   1710      22087  


LINKER GENERATED COPY TABLES

__TI_cinit_table @ 00003ad8 records: 3, size/record: 8, table size: 24
	.data: load addr=00003a98, load size=00000022 bytes, run addr=200055f0, run size=00000058 bytes, compression=lzss
	.bss: load addr=00003ac8, load size=00000008 bytes, run addr=2000026c, run size=00005183 bytes, compression=zero_init
	.vtable: load addr=00003ad0, load size=00000008 bytes, run addr=20000000, run size=0000026c bytes, compression=zero_init


LINKER GENERATED HANDLER TABLE

__TI_handler_table @ 00003abc records: 3, size/record: 4, table size: 12
	index: 0, handler: __TI_zero_init
	index: 1, handler: __TI_decompress_lzss
	index: 2, handler: __TI_decompress_none


GLOBAL SYMBOLS: SORTED ALPHABETICALLY BY Name 

address   name                          
-------   ----                          
000036a5  C$$EXIT                       
00003605  CPUcpsie                      
00003423  GPIODirModeSet                
00002403  GPIOPadConfigSet              
000031c5  GPIOPinConfigure              
000034c9  GPIOPinTypeGPIOOutput         
00003551  GPIOPinTypePWM                
00003563  GPIOPinTypeQEI                
00003575  GPIOPinTypeUART               
00003049  IntEnable                     
000035ab  IntMasterEnable               
00003359  IntRegister                   
00000a19  PID_ISR                       
0000344d  PWMGenConfigure               
00003611  PWMGenDisable                 
0000361d  PWMGenEnable                  
000035bb  PWMGenPeriodSet               
00003587  PWMOutputState                
00003491  PWMPulseWidthSet              
000035db  QEIConfigure                  
00003641  QEIDisable                    
0000364b  QEIEnable                     
0000368d  QEIPositionGet                
00003691  QEIPositionSet                
000035cb  QEIVelocityConfigure          
00003655  QEIVelocityEnable             
00003695  QEIVelocityGet                
00003635  ResetISR                      
0000276d  SysCtlClockGet                
00003529  SysCtlPWMClockSet             
0000338d  SysCtlPeripheralEnable        
000009a5  Tim_ISR                       
00003119  TimerConfigure                
000034e1  TimerDisable                  
000035e9  TimerEnable                   
00003699  TimerIntClear                 
00003673  TimerIntEnable                
000034f9  TimerIntRegister              
00003599  TimerLoadSet                  
00002c4d  Timer_init                    
0000365f  UARTCharGet                   
00003669  UARTCharPut                   
00003255  UARTConfigSetExpClk           
00003471  UARTDisable                   
0000353d  UARTEnable                    
0000369d  UARTIntClear                  
0000367b  UARTIntEnable                 
00003511  UARTIntRegister               
00000bb1  Uart_ISR                      
200055f0  __STACK_END                   
00000200  __STACK_SIZE                  
200055f0  __STACK_TOP                   
00003ad8  __TI_CINIT_Base               
00003af0  __TI_CINIT_Limit              
00003abc  __TI_Handler_Table_Base       
00003ac8  __TI_Handler_Table_Limit      
0000329d  __TI_auto_init_nobinit_nopinit
000030b1  __TI_decompress_lzss          
000035f7  __TI_decompress_none          
ffffffff  __TI_pprof_out_hndl           
ffffffff  __TI_prof_data_size           
ffffffff  __TI_prof_data_start          
00000000  __TI_static_base__            
00003629  __TI_zero_init                
00002e55  __aeabi_cdcmpeq               
00002e55  __aeabi_cdcmple               
00002edb  __aeabi_cdrcmple              
00002fdb  __aeabi_d2f                   
0000320d  __aeabi_d2iz                  
00001e3f  __aeabi_dadd                  
000022cd  __aeabi_ddiv                  
0000298d  __aeabi_dmul                  
00001e35  __aeabi_dsub                  
00003685  __aeabi_errno_addr            
00003321  __aeabi_f2d                   
000033f5  __aeabi_i2d                   
00002f61  __aeabi_memclr                
00002f61  __aeabi_memclr4               
00002f61  __aeabi_memclr8               
00002db9  __aeabi_memcpy                
00002db9  __aeabi_memcpy4               
00002db9  __aeabi_memcpy8               
00002f63  __aeabi_memset                
00002f63  __aeabi_memset4               
00002f63  __aeabi_memset8               
ffffffff  __binit__                     
ffffffff  __c_args__                    
00002161  __kernel_cos                  
0000026d  __kernel_rem_pio2             
00001fed  __kernel_sin                  
UNDEFED   __mpu_init                    
200053f0  __stack                       
000033c1  _c_int00_noargs               
UNDEFED   _system_post_cinit            
000036a1  _system_pre_init              
200053ec  a                             
000036a5  abort                         
ffffffff  binit                         
000034af  copysign                      
000034af  copysignl                     
0000103d  cos                           
0000103d  cosl                          
200053ac  d1                            
200053b0  d2                            
200053b4  dc1                           
200053b8  dc2                           
20005628  disp                          
20005620  dtheta                        
200053bc  e1                            
200053c0  e2                            
00002655  encoder_init                  
20005640  errno                         
00002a89  floor                         
00002a89  floorl                        
00001bdd  fr_api                        
200053ed  g1                            
20000000  g_pfnRAMVectors               
00000000  g_pfnVectors                  
20005608  ki1                           
20005610  ki2                           
20005604  kp1                           
2000560c  kp2                           
20005618  lL                            
2000561c  lR                            
0000287d  ldexp                         
0000287d  ldexpl                        
20005644  m                             
200055f0  m1                            
200055f4  m2                            
00000dad  main                          
00002db9  memcpy                        
00002f69  memset                        
00002b81  pwm_init                      
2000563c  r                             
200055f8  r1                            
200055fc  r2                            
20005630  read_ptr                      
20005638  s                             
0000287d  scalbn                        
0000287d  scalbnl                       
00002535  send_float                    
20005634  send_ptr                      
00001619  sin                           
00001619  sinl                          
200053ee  state1                        
2000026c  store                         
2000562c  store_ptr                     
200053c4  sum2                          
200053c8  sum5                          
20005600  t                             
200053cc  t1                            
200053d0  t2                            
200053d4  t3                            
200053d8  t5                            
200053dc  t6                            
200053e0  t7                            
20005614  t8                            
20005624  theta                         
200040ec  timestamp                     
00002d09  uart_init                     
200053e4  v1                            
200053e8  v2                            
20001b6c  wh1                           
20002e2c  wh2                           
2000472c  x                             
20004d6c  y                             


GLOBAL SYMBOLS: SORTED BY Symbol Address 

address   name                          
-------   ----                          
00000000  __TI_static_base__            
00000000  g_pfnVectors                  
00000200  __STACK_SIZE                  
0000026d  __kernel_rem_pio2             
000009a5  Tim_ISR                       
00000a19  PID_ISR                       
00000bb1  Uart_ISR                      
00000dad  main                          
0000103d  cos                           
0000103d  cosl                          
00001619  sin                           
00001619  sinl                          
00001bdd  fr_api                        
00001e35  __aeabi_dsub                  
00001e3f  __aeabi_dadd                  
00001fed  __kernel_sin                  
00002161  __kernel_cos                  
000022cd  __aeabi_ddiv                  
00002403  GPIOPadConfigSet              
00002535  send_float                    
00002655  encoder_init                  
0000276d  SysCtlClockGet                
0000287d  ldexp                         
0000287d  ldexpl                        
0000287d  scalbn                        
0000287d  scalbnl                       
0000298d  __aeabi_dmul                  
00002a89  floor                         
00002a89  floorl                        
00002b81  pwm_init                      
00002c4d  Timer_init                    
00002d09  uart_init                     
00002db9  __aeabi_memcpy                
00002db9  __aeabi_memcpy4               
00002db9  __aeabi_memcpy8               
00002db9  memcpy                        
00002e55  __aeabi_cdcmpeq               
00002e55  __aeabi_cdcmple               
00002edb  __aeabi_cdrcmple              
00002f61  __aeabi_memclr                
00002f61  __aeabi_memclr4               
00002f61  __aeabi_memclr8               
00002f63  __aeabi_memset                
00002f63  __aeabi_memset4               
00002f63  __aeabi_memset8               
00002f69  memset                        
00002fdb  __aeabi_d2f                   
00003049  IntEnable                     
000030b1  __TI_decompress_lzss          
00003119  TimerConfigure                
000031c5  GPIOPinConfigure              
0000320d  __aeabi_d2iz                  
00003255  UARTConfigSetExpClk           
0000329d  __TI_auto_init_nobinit_nopinit
00003321  __aeabi_f2d                   
00003359  IntRegister                   
0000338d  SysCtlPeripheralEnable        
000033c1  _c_int00_noargs               
000033f5  __aeabi_i2d                   
00003423  GPIODirModeSet                
0000344d  PWMGenConfigure               
00003471  UARTDisable                   
00003491  PWMPulseWidthSet              
000034af  copysign                      
000034af  copysignl                     
000034c9  GPIOPinTypeGPIOOutput         
000034e1  TimerDisable                  
000034f9  TimerIntRegister              
00003511  UARTIntRegister               
00003529  SysCtlPWMClockSet             
0000353d  UARTEnable                    
00003551  GPIOPinTypePWM                
00003563  GPIOPinTypeQEI                
00003575  GPIOPinTypeUART               
00003587  PWMOutputState                
00003599  TimerLoadSet                  
000035ab  IntMasterEnable               
000035bb  PWMGenPeriodSet               
000035cb  QEIVelocityConfigure          
000035db  QEIConfigure                  
000035e9  TimerEnable                   
000035f7  __TI_decompress_none          
00003605  CPUcpsie                      
00003611  PWMGenDisable                 
0000361d  PWMGenEnable                  
00003629  __TI_zero_init                
00003635  ResetISR                      
00003641  QEIDisable                    
0000364b  QEIEnable                     
00003655  QEIVelocityEnable             
0000365f  UARTCharGet                   
00003669  UARTCharPut                   
00003673  TimerIntEnable                
0000367b  UARTIntEnable                 
00003685  __aeabi_errno_addr            
0000368d  QEIPositionGet                
00003691  QEIPositionSet                
00003695  QEIVelocityGet                
00003699  TimerIntClear                 
0000369d  UARTIntClear                  
000036a1  _system_pre_init              
000036a5  C$$EXIT                       
000036a5  abort                         
00003abc  __TI_Handler_Table_Base       
00003ac8  __TI_Handler_Table_Limit      
00003ad8  __TI_CINIT_Base               
00003af0  __TI_CINIT_Limit              
20000000  g_pfnRAMVectors               
2000026c  store                         
20001b6c  wh1                           
20002e2c  wh2                           
200040ec  timestamp                     
2000472c  x                             
20004d6c  y                             
200053ac  d1                            
200053b0  d2                            
200053b4  dc1                           
200053b8  dc2                           
200053bc  e1                            
200053c0  e2                            
200053c4  sum2                          
200053c8  sum5                          
200053cc  t1                            
200053d0  t2                            
200053d4  t3                            
200053d8  t5                            
200053dc  t6                            
200053e0  t7                            
200053e4  v1                            
200053e8  v2                            
200053ec  a                             
200053ed  g1                            
200053ee  state1                        
200053f0  __stack                       
200055f0  __STACK_END                   
200055f0  __STACK_TOP                   
200055f0  m1                            
200055f4  m2                            
200055f8  r1                            
200055fc  r2                            
20005600  t                             
20005604  kp1                           
20005608  ki1                           
2000560c  kp2                           
20005610  ki2                           
20005614  t8                            
20005618  lL                            
2000561c  lR                            
20005620  dtheta                        
20005624  theta                         
20005628  disp                          
2000562c  store_ptr                     
20005630  read_ptr                      
20005634  send_ptr                      
20005638  s                             
2000563c  r                             
20005640  errno                         
20005644  m                             
ffffffff  __TI_pprof_out_hndl           
ffffffff  __TI_prof_data_size           
ffffffff  __TI_prof_data_start          
ffffffff  __binit__                     
ffffffff  __c_args__                    
ffffffff  binit                         
UNDEFED   __mpu_init                    
UNDEFED   _system_post_cinit            

[166 symbols]
