<?xml version="1.0" encoding="ISO-8859-1" ?>
<link_info>
   <banner>TI ARM Linker PC v18.12.1.LTS</banner>
   <copyright>Copyright (c) 1996-2018 Texas Instruments Incorporated</copyright>
   <link_time>0x5d07877a</link_time>
   <link_errors>0x0</link_errors>
   <output_file>Final_v1.out</output_file>
   <entry_point>
      <name>_c_int00_noargs</name>
      <address>0x3021</address>
   </entry_point>
   <input_file_list>
      <input_file id="fl-2">
         <path>.\</path>
         <kind>object</kind>
         <file>encoder_init.obj</file>
         <name>encoder_init.obj</name>
      </input_file>
      <input_file id="fl-3">
         <path>.\</path>
         <kind>object</kind>
         <file>fr_api.obj</file>
         <name>fr_api.obj</name>
      </input_file>
      <input_file id="fl-4">
         <path>.\</path>
         <kind>object</kind>
         <file>main.obj</file>
         <name>main.obj</name>
      </input_file>
      <input_file id="fl-5">
         <path>.\</path>
         <kind>object</kind>
         <file>send_float.obj</file>
         <name>send_float.obj</name>
      </input_file>
      <input_file id="fl-6">
         <path>.\</path>
         <kind>object</kind>
         <file>timer_init.obj</file>
         <name>timer_init.obj</name>
      </input_file>
      <input_file id="fl-7">
         <path>.\</path>
         <kind>object</kind>
         <file>tm4c123gh6pm_startup_ccs.obj</file>
         <name>tm4c123gh6pm_startup_ccs.obj</name>
      </input_file>
      <input_file id="fl-8">
         <path>.\</path>
         <kind>object</kind>
         <file>uart_init.obj</file>
         <name>uart_init.obj</name>
      </input_file>
      <input_file id="fl-d">
         <kind>object</kind>
         <file>&lt;internal&gt;</file>
         <name>&lt;internal&gt;</name>
      </input_file>
      <input_file id="fl-c3">
         <path>D:\CSS\ccs\tools\compiler\ti-cgt-arm_18.12.1.LTS\lib\</path>
         <kind>archive</kind>
         <file>rtsv7M4_T_le_v4SPD16_eabi.lib</file>
         <name>s_cos.c.obj</name>
      </input_file>
      <input_file id="fl-c4">
         <path>D:\CSS\ccs\tools\compiler\ti-cgt-arm_18.12.1.LTS\lib\</path>
         <kind>archive</kind>
         <file>rtsv7M4_T_le_v4SPD16_eabi.lib</file>
         <name>s_sin.c.obj</name>
      </input_file>
      <input_file id="fl-c5">
         <path>D:\CSS\ccs\tools\compiler\ti-cgt-arm_18.12.1.LTS\lib\</path>
         <kind>archive</kind>
         <file>rtsv7M4_T_le_v4SPD16_eabi.lib</file>
         <name>fd_add_t2.asm.obj</name>
      </input_file>
      <input_file id="fl-c6">
         <path>D:\CSS\ccs\tools\compiler\ti-cgt-arm_18.12.1.LTS\lib\</path>
         <kind>archive</kind>
         <file>rtsv7M4_T_le_v4SPD16_eabi.lib</file>
         <name>fd_cmp_t2.asm.obj</name>
      </input_file>
      <input_file id="fl-c7">
         <path>D:\CSS\ccs\tools\compiler\ti-cgt-arm_18.12.1.LTS\lib\</path>
         <kind>archive</kind>
         <file>rtsv7M4_T_le_v4SPD16_eabi.lib</file>
         <name>fd_div_t2.asm.obj</name>
      </input_file>
      <input_file id="fl-c8">
         <path>D:\CSS\ccs\tools\compiler\ti-cgt-arm_18.12.1.LTS\lib\</path>
         <kind>archive</kind>
         <file>rtsv7M4_T_le_v4SPD16_eabi.lib</file>
         <name>fd_mul_t2.asm.obj</name>
      </input_file>
      <input_file id="fl-c9">
         <path>D:\CSS\ccs\tools\compiler\ti-cgt-arm_18.12.1.LTS\lib\</path>
         <kind>archive</kind>
         <file>rtsv7M4_T_le_v4SPD16_eabi.lib</file>
         <name>fd_toi_t2.asm.obj</name>
      </input_file>
      <input_file id="fl-ca">
         <path>D:\CSS\ccs\tools\compiler\ti-cgt-arm_18.12.1.LTS\lib\</path>
         <kind>archive</kind>
         <file>rtsv7M4_T_le_v4SPD16_eabi.lib</file>
         <name>fd_tos_t2.asm.obj</name>
      </input_file>
      <input_file id="fl-cb">
         <path>D:\CSS\ccs\tools\compiler\ti-cgt-arm_18.12.1.LTS\lib\</path>
         <kind>archive</kind>
         <file>rtsv7M4_T_le_v4SPD16_eabi.lib</file>
         <name>fs_tod_t2.asm.obj</name>
      </input_file>
      <input_file id="fl-cc">
         <path>D:\CSS\ccs\tools\compiler\ti-cgt-arm_18.12.1.LTS\lib\</path>
         <kind>archive</kind>
         <file>rtsv7M4_T_le_v4SPD16_eabi.lib</file>
         <name>i_tofd_t2.asm.obj</name>
      </input_file>
      <input_file id="fl-cd">
         <path>D:\CSS\ccs\tools\compiler\ti-cgt-arm_18.12.1.LTS\lib\</path>
         <kind>archive</kind>
         <file>rtsv7M4_T_le_v4SPD16_eabi.lib</file>
         <name>memset_t2.asm.obj</name>
      </input_file>
      <input_file id="fl-ce">
         <path>D:\CSS\ccs\tools\compiler\ti-cgt-arm_18.12.1.LTS\lib\</path>
         <kind>archive</kind>
         <file>rtsv7M4_T_le_v4SPD16_eabi.lib</file>
         <name>copy_zero_init.c.obj</name>
      </input_file>
      <input_file id="fl-cf">
         <path>D:\CSS\ccs\tools\compiler\ti-cgt-arm_18.12.1.LTS\lib\</path>
         <kind>archive</kind>
         <file>rtsv7M4_T_le_v4SPD16_eabi.lib</file>
         <name>copy_decompress_none.c.obj</name>
      </input_file>
      <input_file id="fl-d0">
         <path>D:\CSS\ccs\tools\compiler\ti-cgt-arm_18.12.1.LTS\lib\</path>
         <kind>archive</kind>
         <file>rtsv7M4_T_le_v4SPD16_eabi.lib</file>
         <name>copy_decompress_lzss.c.obj</name>
      </input_file>
      <input_file id="fl-d1">
         <path>D:\CSS\ccs\tools\compiler\ti-cgt-arm_18.12.1.LTS\lib\</path>
         <kind>archive</kind>
         <file>rtsv7M4_T_le_v4SPD16_eabi.lib</file>
         <name>boot_cortex_m.c.obj</name>
      </input_file>
      <input_file id="fl-d2">
         <path>D:\CSS\ccs\tools\compiler\ti-cgt-arm_18.12.1.LTS\lib\</path>
         <kind>archive</kind>
         <file>rtsv7M4_T_le_v4SPD16_eabi.lib</file>
         <name>k_rem_pio2.c.obj</name>
      </input_file>
      <input_file id="fl-d3">
         <path>D:\CSS\ccs\tools\compiler\ti-cgt-arm_18.12.1.LTS\lib\</path>
         <kind>archive</kind>
         <file>rtsv7M4_T_le_v4SPD16_eabi.lib</file>
         <name>k_cos.c.obj</name>
      </input_file>
      <input_file id="fl-d4">
         <path>D:\CSS\ccs\tools\compiler\ti-cgt-arm_18.12.1.LTS\lib\</path>
         <kind>archive</kind>
         <file>rtsv7M4_T_le_v4SPD16_eabi.lib</file>
         <name>k_sin.c.obj</name>
      </input_file>
      <input_file id="fl-d5">
         <path>D:\CSS\ccs\tools\compiler\ti-cgt-arm_18.12.1.LTS\lib\</path>
         <kind>archive</kind>
         <file>rtsv7M4_T_le_v4SPD16_eabi.lib</file>
         <name>s_floor.c.obj</name>
      </input_file>
      <input_file id="fl-d6">
         <path>D:\CSS\ccs\tools\compiler\ti-cgt-arm_18.12.1.LTS\lib\</path>
         <kind>archive</kind>
         <file>rtsv7M4_T_le_v4SPD16_eabi.lib</file>
         <name>s_scalbn.c.obj</name>
      </input_file>
      <input_file id="fl-d7">
         <path>D:\CSS\ccs\tools\compiler\ti-cgt-arm_18.12.1.LTS\lib\</path>
         <kind>archive</kind>
         <file>rtsv7M4_T_le_v4SPD16_eabi.lib</file>
         <name>s_copysign.c.obj</name>
      </input_file>
      <input_file id="fl-d8">
         <path>D:\CSS\ccs\tools\compiler\ti-cgt-arm_18.12.1.LTS\lib\</path>
         <kind>archive</kind>
         <file>rtsv7M4_T_le_v4SPD16_eabi.lib</file>
         <name>memcpy_t2.asm.obj</name>
      </input_file>
      <input_file id="fl-d9">
         <path>D:\CSS\ccs\tools\compiler\ti-cgt-arm_18.12.1.LTS\lib\</path>
         <kind>archive</kind>
         <file>rtsv7M4_T_le_v4SPD16_eabi.lib</file>
         <name>autoinit.c.obj</name>
      </input_file>
      <input_file id="fl-da">
         <path>D:\CSS\ccs\tools\compiler\ti-cgt-arm_18.12.1.LTS\lib\</path>
         <kind>archive</kind>
         <file>rtsv7M4_T_le_v4SPD16_eabi.lib</file>
         <name>pre_init.c.obj</name>
      </input_file>
      <input_file id="fl-db">
         <path>D:\CSS\ccs\tools\compiler\ti-cgt-arm_18.12.1.LTS\lib\</path>
         <kind>archive</kind>
         <file>rtsv7M4_T_le_v4SPD16_eabi.lib</file>
         <name>cpy_tbl.c.obj</name>
      </input_file>
      <input_file id="fl-dc">
         <path>D:\CSS\ccs\tools\compiler\ti-cgt-arm_18.12.1.LTS\lib\</path>
         <kind>archive</kind>
         <file>rtsv7M4_T_le_v4SPD16_eabi.lib</file>
         <name>exit.c.obj</name>
      </input_file>
      <input_file id="fl-dd">
         <path>D:\CSS\ccs\tools\compiler\ti-cgt-arm_18.12.1.LTS\lib\</path>
         <kind>archive</kind>
         <file>rtsv7M4_T_le_v4SPD16_eabi.lib</file>
         <name>_lock.c.obj</name>
      </input_file>
      <input_file id="fl-de">
         <path>D:\CSS\ccs\tools\compiler\ti-cgt-arm_18.12.1.LTS\lib\</path>
         <kind>archive</kind>
         <file>rtsv7M4_T_le_v4SPD16_eabi.lib</file>
         <name>args_main.c.obj</name>
      </input_file>
      <input_file id="fl-df">
         <path>D:\CSS\ccs\tools\compiler\ti-cgt-arm_18.12.1.LTS\lib\</path>
         <kind>archive</kind>
         <file>rtsv7M4_T_le_v4SPD16_eabi.lib</file>
         <name>errno.c.obj</name>
      </input_file>
      <input_file id="fl-e0">
         <path>D:\TivaWare_C_Series-2.1.4.178\driverlib\ccs\Debug\</path>
         <kind>archive</kind>
         <file>driverlib.lib</file>
         <name>gpio.obj</name>
      </input_file>
      <input_file id="fl-e1">
         <path>D:\TivaWare_C_Series-2.1.4.178\driverlib\ccs\Debug\</path>
         <kind>archive</kind>
         <file>driverlib.lib</file>
         <name>interrupt.obj</name>
      </input_file>
      <input_file id="fl-e2">
         <path>D:\TivaWare_C_Series-2.1.4.178\driverlib\ccs\Debug\</path>
         <kind>archive</kind>
         <file>driverlib.lib</file>
         <name>qei.obj</name>
      </input_file>
      <input_file id="fl-e3">
         <path>D:\TivaWare_C_Series-2.1.4.178\driverlib\ccs\Debug\</path>
         <kind>archive</kind>
         <file>driverlib.lib</file>
         <name>sysctl.obj</name>
      </input_file>
      <input_file id="fl-e4">
         <path>D:\TivaWare_C_Series-2.1.4.178\driverlib\ccs\Debug\</path>
         <kind>archive</kind>
         <file>driverlib.lib</file>
         <name>timer.obj</name>
      </input_file>
      <input_file id="fl-e5">
         <path>D:\TivaWare_C_Series-2.1.4.178\driverlib\ccs\Debug\</path>
         <kind>archive</kind>
         <file>driverlib.lib</file>
         <name>uart.obj</name>
      </input_file>
      <input_file id="fl-e6">
         <path>D:\TivaWare_C_Series-2.1.4.178\driverlib\ccs\Debug\</path>
         <kind>archive</kind>
         <file>driverlib.lib</file>
         <name>cpu.obj</name>
      </input_file>
   </input_file_list>
   <object_component_list>
      <object_component id="oc-f">
         <name>.intvecs</name>
         <load_address>0x0</load_address>
         <run_address>0x0</run_address>
         <size>0x26c</size>
         <input_file_ref idref="fl-7"/>
      </object_component>
      <object_component id="oc-245">
         <name>.text:__kernel_rem_pio2</name>
         <load_address>0x26c</load_address>
         <run_address>0x26c</run_address>
         <size>0x738</size>
         <input_file_ref idref="fl-d2"/>
      </object_component>
      <object_component id="oc-133">
         <name>.text:cos</name>
         <load_address>0x9a4</load_address>
         <run_address>0x9a4</run_address>
         <size>0x5dc</size>
         <input_file_ref idref="fl-c3"/>
      </object_component>
      <object_component id="oc-12d">
         <name>.text:sin</name>
         <load_address>0xf80</load_address>
         <run_address>0xf80</run_address>
         <size>0x5c4</size>
         <input_file_ref idref="fl-c4"/>
      </object_component>
      <object_component id="oc-98">
         <name>.text</name>
         <load_address>0x1544</load_address>
         <run_address>0x1544</run_address>
         <size>0x418</size>
         <input_file_ref idref="fl-4"/>
      </object_component>
      <object_component id="oc-18f">
         <name>.text</name>
         <load_address>0x195c</load_address>
         <run_address>0x195c</run_address>
         <size>0x260</size>
         <input_file_ref idref="fl-3"/>
      </object_component>
      <object_component id="oc-120">
         <name>.text</name>
         <load_address>0x1bbc</load_address>
         <run_address>0x1bbc</run_address>
         <size>0x1b6</size>
         <input_file_ref idref="fl-c5"/>
      </object_component>
      <object_component id="oc-23f">
         <name>.text:__kernel_sin</name>
         <load_address>0x1d74</load_address>
         <run_address>0x1d74</run_address>
         <size>0x174</size>
         <input_file_ref idref="fl-d4"/>
      </object_component>
      <object_component id="oc-24b">
         <name>.text:__kernel_cos</name>
         <load_address>0x1ee8</load_address>
         <run_address>0x1ee8</run_address>
         <size>0x16c</size>
         <input_file_ref idref="fl-d3"/>
      </object_component>
      <object_component id="oc-10c">
         <name>.text</name>
         <load_address>0x2054</load_address>
         <run_address>0x2054</run_address>
         <size>0x136</size>
         <input_file_ref idref="fl-c7"/>
      </object_component>
      <object_component id="oc-299">
         <name>.text:GPIOPadConfigSet</name>
         <load_address>0x218a</load_address>
         <run_address>0x218a</run_address>
         <size>0x132</size>
         <input_file_ref idref="fl-e0"/>
      </object_component>
      <object_component id="oc-e4">
         <name>.text</name>
         <load_address>0x22bc</load_address>
         <run_address>0x22bc</run_address>
         <size>0x120</size>
         <input_file_ref idref="fl-5"/>
      </object_component>
      <object_component id="oc-f0">
         <name>.text</name>
         <load_address>0x23dc</load_address>
         <run_address>0x23dc</run_address>
         <size>0x118</size>
         <input_file_ref idref="fl-2"/>
      </object_component>
      <object_component id="oc-1c7">
         <name>.text:SysCtlClockGet</name>
         <load_address>0x24f4</load_address>
         <run_address>0x24f4</run_address>
         <size>0x110</size>
         <input_file_ref idref="fl-e3"/>
      </object_component>
      <object_component id="oc-2ea">
         <name>.text:scalbn</name>
         <load_address>0x2604</load_address>
         <run_address>0x2604</run_address>
         <size>0x110</size>
         <input_file_ref idref="fl-d6"/>
      </object_component>
      <object_component id="oc-107">
         <name>.text</name>
         <load_address>0x2714</load_address>
         <run_address>0x2714</run_address>
         <size>0xfc</size>
         <input_file_ref idref="fl-c8"/>
      </object_component>
      <object_component id="oc-2f0">
         <name>.text:floor</name>
         <load_address>0x2810</load_address>
         <run_address>0x2810</run_address>
         <size>0xf8</size>
         <input_file_ref idref="fl-d5"/>
      </object_component>
      <object_component id="oc-f6">
         <name>.text</name>
         <load_address>0x2908</load_address>
         <run_address>0x2908</run_address>
         <size>0xb0</size>
         <input_file_ref idref="fl-8"/>
      </object_component>
      <object_component id="oc-38">
         <name>.text</name>
         <load_address>0x29b8</load_address>
         <run_address>0x29b8</run_address>
         <size>0x9c</size>
         <input_file_ref idref="fl-d8"/>
      </object_component>
      <object_component id="oc-128">
         <name>.text:__aeabi_cdcmple</name>
         <load_address>0x2a54</load_address>
         <run_address>0x2a54</run_address>
         <size>0x86</size>
         <input_file_ref idref="fl-c6"/>
      </object_component>
      <object_component id="oc-11b">
         <name>.text:__aeabi_cdrcmple</name>
         <load_address>0x2ada</load_address>
         <run_address>0x2ada</run_address>
         <size>0x86</size>
         <input_file_ref idref="fl-c6"/>
      </object_component>
      <object_component id="oc-8c">
         <name>.text</name>
         <load_address>0x2b60</load_address>
         <run_address>0x2b60</run_address>
         <size>0x7a</size>
         <input_file_ref idref="fl-cd"/>
      </object_component>
      <object_component id="oc-111">
         <name>.text</name>
         <load_address>0x2bda</load_address>
         <run_address>0x2bda</run_address>
         <size>0x6e</size>
         <input_file_ref idref="fl-ca"/>
      </object_component>
      <object_component id="oc-217">
         <name>.text:IntEnable</name>
         <load_address>0x2c48</load_address>
         <run_address>0x2c48</run_address>
         <size>0x68</size>
         <input_file_ref idref="fl-e1"/>
      </object_component>
      <object_component id="oc-12">
         <name>.text:decompress:lzss:__TI_decompress_lzss</name>
         <load_address>0x2cb0</load_address>
         <run_address>0x2cb0</run_address>
         <size>0x68</size>
         <input_file_ref idref="fl-d0"/>
      </object_component>
      <object_component id="oc-20b">
         <name>.text:TimerConfigure</name>
         <load_address>0x2d18</load_address>
         <run_address>0x2d18</run_address>
         <size>0x60</size>
         <input_file_ref idref="fl-e4"/>
      </object_component>
      <object_component id="oc-fc">
         <name>.text</name>
         <load_address>0x2d78</load_address>
         <run_address>0x2d78</run_address>
         <size>0x60</size>
         <input_file_ref idref="fl-6"/>
      </object_component>
      <object_component id="oc-2de">
         <name>.text:_TimerIntNumberGet</name>
         <load_address>0x2dd8</load_address>
         <run_address>0x2dd8</run_address>
         <size>0x4c</size>
         <input_file_ref idref="fl-e4"/>
      </object_component>
      <object_component id="oc-1b5">
         <name>.text:GPIOPinConfigure</name>
         <load_address>0x2e24</load_address>
         <run_address>0x2e24</run_address>
         <size>0x48</size>
         <input_file_ref idref="fl-e0"/>
      </object_component>
      <object_component id="oc-23a">
         <name>.text</name>
         <load_address>0x2e6c</load_address>
         <run_address>0x2e6c</run_address>
         <size>0x48</size>
         <input_file_ref idref="fl-c9"/>
      </object_component>
      <object_component id="oc-1e6">
         <name>.text:UARTConfigSetExpClk</name>
         <load_address>0x2eb4</load_address>
         <run_address>0x2eb4</run_address>
         <size>0x46</size>
         <input_file_ref idref="fl-e5"/>
      </object_component>
      <object_component id="oc-14d">
         <name>.text:__TI_auto_init_nobinit_nopinit:__TI_auto_init_nobinit_nopinit</name>
         <load_address>0x2efc</load_address>
         <run_address>0x2efc</run_address>
         <size>0x44</size>
         <input_file_ref idref="fl-d9"/>
      </object_component>
      <object_component id="oc-2d0">
         <name>.text:_UARTIntNumberGet</name>
         <load_address>0x2f40</load_address>
         <run_address>0x2f40</run_address>
         <size>0x40</size>
         <input_file_ref idref="fl-e5"/>
      </object_component>
      <object_component id="oc-116">
         <name>.text</name>
         <load_address>0x2f80</load_address>
         <run_address>0x2f80</run_address>
         <size>0x38</size>
         <input_file_ref idref="fl-cb"/>
      </object_component>
      <object_component id="oc-1f8">
         <name>.text:IntRegister</name>
         <load_address>0x2fb8</load_address>
         <run_address>0x2fb8</run_address>
         <size>0x34</size>
         <input_file_ref idref="fl-e1"/>
      </object_component>
      <object_component id="oc-1a3">
         <name>.text:SysCtlPeripheralEnable</name>
         <load_address>0x2fec</load_address>
         <run_address>0x2fec</run_address>
         <size>0x34</size>
         <input_file_ref idref="fl-e3"/>
      </object_component>
      <object_component id="oc-56">
         <name>.text:_c_int00_noargs:_c_int00_noargs</name>
         <load_address>0x3020</load_address>
         <run_address>0x3020</run_address>
         <size>0x34</size>
         <input_file_ref idref="fl-d1"/>
      </object_component>
      <object_component id="oc-102">
         <name>.text</name>
         <load_address>0x3054</load_address>
         <run_address>0x3054</run_address>
         <size>0x2e</size>
         <input_file_ref idref="fl-cc"/>
      </object_component>
      <object_component id="oc-29f">
         <name>.text:GPIODirModeSet</name>
         <load_address>0x3082</load_address>
         <run_address>0x3082</run_address>
         <size>0x2a</size>
         <input_file_ref idref="fl-e0"/>
      </object_component>
      <object_component id="oc-2b6">
         <name>.text:UARTDisable</name>
         <load_address>0x30ac</load_address>
         <run_address>0x30ac</run_address>
         <size>0x20</size>
         <input_file_ref idref="fl-e5"/>
      </object_component>
      <object_component id="oc-362">
         <name>.text:copysign</name>
         <load_address>0x30cc</load_address>
         <run_address>0x30cc</run_address>
         <size>0x1a</size>
         <input_file_ref idref="fl-d7"/>
      </object_component>
      <object_component id="oc-1a9">
         <name>.text:GPIOPinTypeGPIOOutput</name>
         <load_address>0x30e6</load_address>
         <run_address>0x30e6</run_address>
         <size>0x18</size>
         <input_file_ref idref="fl-e0"/>
      </object_component>
      <object_component id="oc-205">
         <name>.text:TimerDisable</name>
         <load_address>0x3100</load_address>
         <run_address>0x3100</run_address>
         <size>0x18</size>
         <input_file_ref idref="fl-e4"/>
      </object_component>
      <object_component id="oc-21d">
         <name>.text:TimerIntRegister</name>
         <load_address>0x3118</load_address>
         <run_address>0x3118</run_address>
         <size>0x18</size>
         <input_file_ref idref="fl-e4"/>
      </object_component>
      <object_component id="oc-1fe">
         <name>.text:UARTIntRegister</name>
         <load_address>0x3130</load_address>
         <run_address>0x3130</run_address>
         <size>0x18</size>
         <input_file_ref idref="fl-e5"/>
      </object_component>
      <object_component id="oc-2bc">
         <name>.text:UARTEnable</name>
         <load_address>0x3148</load_address>
         <run_address>0x3148</run_address>
         <size>0x14</size>
         <input_file_ref idref="fl-e5"/>
      </object_component>
      <object_component id="oc-1af">
         <name>.text:GPIOPinTypeQEI</name>
         <load_address>0x315c</load_address>
         <run_address>0x315c</run_address>
         <size>0x12</size>
         <input_file_ref idref="fl-e0"/>
      </object_component>
      <object_component id="oc-1e0">
         <name>.text:GPIOPinTypeUART</name>
         <load_address>0x316e</load_address>
         <run_address>0x316e</run_address>
         <size>0x12</size>
         <input_file_ref idref="fl-e0"/>
      </object_component>
      <object_component id="oc-211">
         <name>.text:TimerLoadSet</name>
         <load_address>0x3180</load_address>
         <run_address>0x3180</run_address>
         <size>0x12</size>
         <input_file_ref idref="fl-e4"/>
      </object_component>
      <object_component id="oc-1ec">
         <name>.text:IntMasterEnable</name>
         <load_address>0x3192</load_address>
         <run_address>0x3192</run_address>
         <size>0x10</size>
         <input_file_ref idref="fl-e1"/>
      </object_component>
      <object_component id="oc-1cd">
         <name>.text:QEIVelocityConfigure</name>
         <load_address>0x31a2</load_address>
         <run_address>0x31a2</run_address>
         <size>0x10</size>
         <input_file_ref idref="fl-e2"/>
      </object_component>
      <object_component id="oc-1c1">
         <name>.text:QEIConfigure</name>
         <load_address>0x31b2</load_address>
         <run_address>0x31b2</run_address>
         <size>0xe</size>
         <input_file_ref idref="fl-e2"/>
      </object_component>
      <object_component id="oc-c6">
         <name>.text:QEIDirectionGet</name>
         <load_address>0x31c0</load_address>
         <run_address>0x31c0</run_address>
         <size>0xe</size>
         <input_file_ref idref="fl-e2"/>
      </object_component>
      <object_component id="oc-229">
         <name>.text:TimerEnable</name>
         <load_address>0x31ce</load_address>
         <run_address>0x31ce</run_address>
         <size>0xe</size>
         <input_file_ref idref="fl-e4"/>
      </object_component>
      <object_component id="oc-de">
         <name>.text:UARTCharGetNonBlocking</name>
         <load_address>0x31dc</load_address>
         <run_address>0x31dc</run_address>
         <size>0xe</size>
         <input_file_ref idref="fl-e5"/>
      </object_component>
      <object_component id="oc-18">
         <name>.text:decompress:none:__TI_decompress_none</name>
         <load_address>0x31ea</load_address>
         <run_address>0x31ea</run_address>
         <size>0xe</size>
         <input_file_ref idref="fl-cf"/>
      </object_component>
      <object_component id="oc-2c3">
         <name>.text:CPUcpsie</name>
         <load_address>0x31f8</load_address>
         <run_address>0x31f8</run_address>
         <size>0xc</size>
         <input_file_ref idref="fl-e6"/>
      </object_component>
      <object_component id="oc-4a">
         <name>.text:decompress:ZI:__TI_zero_init</name>
         <load_address>0x3204</load_address>
         <run_address>0x3204</run_address>
         <size>0xc</size>
         <input_file_ref idref="fl-ce"/>
      </object_component>
      <object_component id="oc-24">
         <name>.text</name>
         <load_address>0x3210</load_address>
         <run_address>0x3210</run_address>
         <size>0xc</size>
         <input_file_ref idref="fl-7"/>
      </object_component>
      <object_component id="oc-1bb">
         <name>.text:QEIDisable</name>
         <load_address>0x321c</load_address>
         <run_address>0x321c</run_address>
         <size>0xa</size>
         <input_file_ref idref="fl-e2"/>
      </object_component>
      <object_component id="oc-1d9">
         <name>.text:QEIEnable</name>
         <load_address>0x3226</load_address>
         <run_address>0x3226</run_address>
         <size>0xa</size>
         <input_file_ref idref="fl-e2"/>
      </object_component>
      <object_component id="oc-1d3">
         <name>.text:QEIVelocityEnable</name>
         <load_address>0x3230</load_address>
         <run_address>0x3230</run_address>
         <size>0xa</size>
         <input_file_ref idref="fl-e2"/>
      </object_component>
      <object_component id="oc-280">
         <name>.text:UARTCharPut</name>
         <load_address>0x323a</load_address>
         <run_address>0x323a</run_address>
         <size>0xa</size>
         <input_file_ref idref="fl-e5"/>
      </object_component>
      <object_component id="oc-223">
         <name>.text:TimerIntEnable</name>
         <load_address>0x3244</load_address>
         <run_address>0x3244</run_address>
         <size>0x8</size>
         <input_file_ref idref="fl-e4"/>
      </object_component>
      <object_component id="oc-1f2">
         <name>.text:UARTIntEnable</name>
         <load_address>0x324c</load_address>
         <run_address>0x324c</run_address>
         <size>0x8</size>
         <input_file_ref idref="fl-e5"/>
      </object_component>
      <object_component id="oc-35c">
         <name>.text:__aeabi_errno_addr</name>
         <load_address>0x3254</load_address>
         <run_address>0x3254</run_address>
         <size>0x8</size>
         <input_file_ref idref="fl-df"/>
      </object_component>
      <object_component id="oc-c0">
         <name>.text:QEIPositionGet</name>
         <load_address>0x325c</load_address>
         <run_address>0x325c</run_address>
         <size>0x4</size>
         <input_file_ref idref="fl-e2"/>
      </object_component>
      <object_component id="oc-d2">
         <name>.text:QEIPositionSet</name>
         <load_address>0x3260</load_address>
         <run_address>0x3260</run_address>
         <size>0x4</size>
         <input_file_ref idref="fl-e2"/>
      </object_component>
      <object_component id="oc-cc">
         <name>.text:QEIVelocityGet</name>
         <load_address>0x3264</load_address>
         <run_address>0x3264</run_address>
         <size>0x4</size>
         <input_file_ref idref="fl-e2"/>
      </object_component>
      <object_component id="oc-d8">
         <name>.text:TimerIntClear</name>
         <load_address>0x3268</load_address>
         <run_address>0x3268</run_address>
         <size>0x4</size>
         <input_file_ref idref="fl-e4"/>
      </object_component>
      <object_component id="oc-92">
         <name>.text:_system_pre_init</name>
         <load_address>0x326c</load_address>
         <run_address>0x326c</run_address>
         <size>0x4</size>
         <input_file_ref idref="fl-da"/>
      </object_component>
      <object_component id="oc-141">
         <name>.text:abort:abort</name>
         <load_address>0x3270</load_address>
         <run_address>0x3270</run_address>
         <size>0x4</size>
         <input_file_ref idref="fl-dc"/>
      </object_component>
      <object_component id="oc-2f6">
         <name>.const:$O1$$</name>
         <load_address>0x3278</load_address>
         <run_address>0x3278</run_address>
         <size>0x158</size>
         <input_file_ref idref="fl-d2"/>
      </object_component>
      <object_component id="oc-2a8">
         <name>.const:g_pui32GPIOBaseAddrs</name>
         <load_address>0x33d0</load_address>
         <run_address>0x33d0</run_address>
         <size>0x90</size>
         <input_file_ref idref="fl-e0"/>
      </object_component>
      <object_component id="oc-2da">
         <name>.const</name>
         <load_address>0x3460</load_address>
         <run_address>0x3460</run_address>
         <size>0x70</size>
         <input_file_ref idref="fl-e1"/>
      </object_component>
      <object_component id="oc-2ae">
         <name>.const:g_pui32Xtals</name>
         <load_address>0x34d0</load_address>
         <run_address>0x34d0</run_address>
         <size>0x6c</size>
         <input_file_ref idref="fl-e3"/>
      </object_component>
      <object_component id="oc-353">
         <name>.const:g_ppui32TimerIntMap</name>
         <load_address>0x353c</load_address>
         <run_address>0x353c</run_address>
         <size>0x60</size>
         <input_file_ref idref="fl-e4"/>
      </object_component>
      <object_component id="oc-356">
         <name>.const:g_ppui32TimerIntMapSnowflake</name>
         <load_address>0x359c</load_address>
         <run_address>0x359c</run_address>
         <size>0x40</size>
         <input_file_ref idref="fl-e4"/>
      </object_component>
      <object_component id="oc-34a">
         <name>.const:g_ppui32UARTIntMap</name>
         <load_address>0x35dc</load_address>
         <run_address>0x35dc</run_address>
         <size>0x40</size>
         <input_file_ref idref="fl-e5"/>
      </object_component>
      <object_component id="oc-34d">
         <name>.const:g_ppui32UARTIntMapSnowflake</name>
         <load_address>0x361c</load_address>
         <run_address>0x361c</run_address>
         <size>0x40</size>
         <input_file_ref idref="fl-e5"/>
      </object_component>
      <object_component id="oc-286">
         <name>.const:.string:$P$T0$1</name>
         <load_address>0x365c</load_address>
         <run_address>0x365c</run_address>
         <size>0x8</size>
         <input_file_ref idref="fl-3"/>
      </object_component>
      <object_component id="oc-3c3">
         <name>__TI_handler_table</name>
         <load_address>0x3668</load_address>
         <run_address>0x3668</run_address>
         <size>0xc</size>
      </object_component>
      <object_component id="oc-3c7">
         <name>.cinit..bss.load</name>
         <load_address>0x3678</load_address>
         <run_address>0x3678</run_address>
         <size>0x8</size>
      </object_component>
      <object_component id="oc-3c6">
         <name>.cinit..data.load</name>
         <load_address>0x3680</load_address>
         <run_address>0x3680</run_address>
         <size>0x8</size>
      </object_component>
      <object_component id="oc-3c5">
         <name>.cinit..vtable.load</name>
         <load_address>0x3688</load_address>
         <run_address>0x3688</run_address>
         <size>0x8</size>
      </object_component>
      <object_component id="oc-3c4">
         <name>__TI_cinit_table</name>
         <load_address>0x3690</load_address>
         <run_address>0x3690</run_address>
         <size>0x18</size>
      </object_component>
      <object_component id="oc-2cb">
         <name>.vtable</name>
         <uninitialized>true</uninitialized>
         <run_address>0x20000000</run_address>
         <size>0x26c</size>
         <input_file_ref idref="fl-e1"/>
      </object_component>
      <object_component id="oc-289">
         <name>.data</name>
         <load_address>0x200055d0</load_address>
         <run_address>0x200055d0</run_address>
         <size>0x8</size>
         <input_file_ref idref="fl-3"/>
      </object_component>
      <object_component id="oc-125">
         <name>.data</name>
         <load_address>0x200055b0</load_address>
         <run_address>0x200055b0</run_address>
         <size>0x20</size>
         <input_file_ref idref="fl-4"/>
      </object_component>
      <object_component id="oc-198">
         <name>.data</name>
         <load_address>0x200055dc</load_address>
         <run_address>0x200055dc</run_address>
         <size>0x4</size>
         <input_file_ref idref="fl-5"/>
      </object_component>
      <object_component id="oc-38e">
         <name>.data</name>
         <load_address>0x200055d8</load_address>
         <run_address>0x200055d8</run_address>
         <size>0x4</size>
         <input_file_ref idref="fl-df"/>
      </object_component>
      <object_component id="oc-139">
         <name>.common:x</name>
         <uninitialized>true</uninitialized>
         <run_address>0x2000472c</run_address>
         <size>0x640</size>
      </object_component>
      <object_component id="oc-13a">
         <name>.common:y</name>
         <uninitialized>true</uninitialized>
         <run_address>0x20004d6c</run_address>
         <size>0x640</size>
      </object_component>
      <object_component id="oc-ef">
         <name>.common:timestamp</name>
         <uninitialized>true</uninitialized>
         <run_address>0x200040ec</run_address>
         <size>0x640</size>
      </object_component>
      <object_component id="oc-ea">
         <name>.common:wh1</name>
         <uninitialized>true</uninitialized>
         <run_address>0x20001b6c</run_address>
         <size>0x12c0</size>
      </object_component>
      <object_component id="oc-ed">
         <name>.common:wh2</name>
         <uninitialized>true</uninitialized>
         <run_address>0x20002e2c</run_address>
         <size>0x12c0</size>
      </object_component>
      <object_component id="oc-ee">
         <name>.common:state1</name>
         <uninitialized>true</uninitialized>
         <run_address>0x200053ac</run_address>
         <size>0x1</size>
      </object_component>
      <object_component id="oc-195">
         <name>.common:store</name>
         <uninitialized>true</uninitialized>
         <run_address>0x2000026c</run_address>
         <size>0x1900</size>
      </object_component>
      <object_component id="oc-21">
         <name>.stack</name>
         <uninitialized>true</uninitialized>
         <run_address>0x200053b0</run_address>
         <size>0x4</size>
         <input_file_ref idref="fl-d1"/>
      </object_component>
      <object_component id="oc-3c8">
         <name>.stack</name>
         <uninitialized>true</uninitialized>
         <run_address>0x200053b0</run_address>
         <size>0x0</size>
      </object_component>
      <object_component id="oc-af">
         <name>.debug_info</name>
         <load_address>0x0</load_address>
         <run_address>0x0</run_address>
         <size>0x4b0</size>
         <input_file_ref idref="fl-2"/>
      </object_component>
      <object_component id="oc-f1">
         <name>.debug_info</name>
         <load_address>0x4b0</load_address>
         <run_address>0x4b0</run_address>
         <size>0x35f</size>
         <input_file_ref idref="fl-2"/>
      </object_component>
      <object_component id="oc-6d">
         <name>.debug_info</name>
         <load_address>0x80f</load_address>
         <run_address>0x80f</run_address>
         <size>0x26b</size>
         <input_file_ref idref="fl-2"/>
      </object_component>
      <object_component id="oc-19e">
         <name>.debug_info</name>
         <load_address>0xa7a</load_address>
         <run_address>0xa7a</run_address>
         <size>0x75</size>
         <input_file_ref idref="fl-2"/>
      </object_component>
      <object_component id="oc-33">
         <name>.debug_info</name>
         <load_address>0xaef</load_address>
         <run_address>0xaef</run_address>
         <size>0x84</size>
         <input_file_ref idref="fl-2"/>
      </object_component>
      <object_component id="oc-aa">
         <name>.debug_info</name>
         <load_address>0xb73</load_address>
         <run_address>0xb73</run_address>
         <size>0x297</size>
         <input_file_ref idref="fl-2"/>
      </object_component>
      <object_component id="oc-72">
         <name>.debug_info</name>
         <load_address>0xe0a</load_address>
         <run_address>0xe0a</run_address>
         <size>0xbb</size>
         <input_file_ref idref="fl-2"/>
      </object_component>
      <object_component id="oc-292">
         <name>.debug_info</name>
         <load_address>0xec5</load_address>
         <run_address>0xec5</run_address>
         <size>0x310</size>
         <input_file_ref idref="fl-3"/>
      </object_component>
      <object_component id="oc-28a">
         <name>.debug_info</name>
         <load_address>0x11d5</load_address>
         <run_address>0x11d5</run_address>
         <size>0xc7</size>
         <input_file_ref idref="fl-3"/>
      </object_component>
      <object_component id="oc-287">
         <name>.debug_info</name>
         <load_address>0x129c</load_address>
         <run_address>0x129c</run_address>
         <size>0xbf</size>
         <input_file_ref idref="fl-3"/>
      </object_component>
      <object_component id="oc-190">
         <name>.debug_info</name>
         <load_address>0x135b</load_address>
         <run_address>0x135b</run_address>
         <size>0x28b</size>
         <input_file_ref idref="fl-3"/>
      </object_component>
      <object_component id="oc-28d">
         <name>.debug_info</name>
         <load_address>0x15e6</load_address>
         <run_address>0x15e6</run_address>
         <size>0x5e</size>
         <input_file_ref idref="fl-3"/>
      </object_component>
      <object_component id="oc-eb">
         <name>.debug_info</name>
         <load_address>0x1644</load_address>
         <run_address>0x1644</run_address>
         <size>0x56c</size>
         <input_file_ref idref="fl-4"/>
      </object_component>
      <object_component id="oc-126">
         <name>.debug_info</name>
         <load_address>0x1bb0</load_address>
         <run_address>0x1bb0</run_address>
         <size>0x17f</size>
         <input_file_ref idref="fl-4"/>
      </object_component>
      <object_component id="oc-99">
         <name>.debug_info</name>
         <load_address>0x1d2f</load_address>
         <run_address>0x1d2f</run_address>
         <size>0x4d8</size>
         <input_file_ref idref="fl-4"/>
      </object_component>
      <object_component id="oc-13c">
         <name>.debug_info</name>
         <load_address>0x2207</load_address>
         <run_address>0x2207</run_address>
         <size>0x8b</size>
         <input_file_ref idref="fl-4"/>
      </object_component>
      <object_component id="oc-196">
         <name>.debug_info</name>
         <load_address>0x2292</load_address>
         <run_address>0x2292</run_address>
         <size>0x2f9</size>
         <input_file_ref idref="fl-5"/>
      </object_component>
      <object_component id="oc-199">
         <name>.debug_info</name>
         <load_address>0x258b</load_address>
         <run_address>0x258b</run_address>
         <size>0xb8</size>
         <input_file_ref idref="fl-5"/>
      </object_component>
      <object_component id="oc-e6">
         <name>.debug_info</name>
         <load_address>0x2643</load_address>
         <run_address>0x2643</run_address>
         <size>0x125</size>
         <input_file_ref idref="fl-5"/>
      </object_component>
      <object_component id="oc-ff">
         <name>.debug_info</name>
         <load_address>0x2768</load_address>
         <run_address>0x2768</run_address>
         <size>0x1bc</size>
         <input_file_ref idref="fl-6"/>
      </object_component>
      <object_component id="oc-2c">
         <name>.debug_info</name>
         <load_address>0x2924</load_address>
         <run_address>0x2924</run_address>
         <size>0x29d</size>
         <input_file_ref idref="fl-7"/>
      </object_component>
      <object_component id="oc-10">
         <name>.debug_info</name>
         <load_address>0x2bc1</load_address>
         <run_address>0x2bc1</run_address>
         <size>0xdc</size>
         <input_file_ref idref="fl-7"/>
      </object_component>
      <object_component id="oc-25">
         <name>.debug_info</name>
         <load_address>0x2c9d</load_address>
         <run_address>0x2c9d</run_address>
         <size>0x258</size>
         <input_file_ref idref="fl-7"/>
      </object_component>
      <object_component id="oc-f7">
         <name>.debug_info</name>
         <load_address>0x2ef5</load_address>
         <run_address>0x2ef5</run_address>
         <size>0x2a7</size>
         <input_file_ref idref="fl-8"/>
      </object_component>
      <object_component id="oc-259">
         <name>.debug_info</name>
         <load_address>0x319c</load_address>
         <run_address>0x319c</run_address>
         <size>0x36a</size>
         <input_file_ref idref="fl-c3"/>
      </object_component>
      <object_component id="oc-134">
         <name>.debug_info</name>
         <load_address>0x3506</load_address>
         <run_address>0x3506</run_address>
         <size>0x79f</size>
         <input_file_ref idref="fl-c3"/>
      </object_component>
      <object_component id="oc-305">
         <name>.debug_info</name>
         <load_address>0x3ca5</load_address>
         <run_address>0x3ca5</run_address>
         <size>0x46</size>
         <input_file_ref idref="fl-c3"/>
      </object_component>
      <object_component id="oc-253">
         <name>.debug_info</name>
         <load_address>0x3ceb</load_address>
         <run_address>0x3ceb</run_address>
         <size>0x39</size>
         <input_file_ref idref="fl-c3"/>
      </object_component>
      <object_component id="oc-252">
         <name>.debug_info</name>
         <load_address>0x3d24</load_address>
         <run_address>0x3d24</run_address>
         <size>0x36a</size>
         <input_file_ref idref="fl-c4"/>
      </object_component>
      <object_component id="oc-12e">
         <name>.debug_info</name>
         <load_address>0x408e</load_address>
         <run_address>0x408e</run_address>
         <size>0x79a</size>
         <input_file_ref idref="fl-c4"/>
      </object_component>
      <object_component id="oc-122">
         <name>.debug_info</name>
         <load_address>0x4828</load_address>
         <run_address>0x4828</run_address>
         <size>0x150</size>
         <input_file_ref idref="fl-c5"/>
      </object_component>
      <object_component id="oc-12b">
         <name>.debug_info</name>
         <load_address>0x4978</load_address>
         <run_address>0x4978</run_address>
         <size>0x12c</size>
         <input_file_ref idref="fl-c6"/>
      </object_component>
      <object_component id="oc-11e">
         <name>.debug_info</name>
         <load_address>0x4aa4</load_address>
         <run_address>0x4aa4</run_address>
         <size>0x12e</size>
         <input_file_ref idref="fl-c6"/>
      </object_component>
      <object_component id="oc-10e">
         <name>.debug_info</name>
         <load_address>0x4bd2</load_address>
         <run_address>0x4bd2</run_address>
         <size>0x13e</size>
         <input_file_ref idref="fl-c7"/>
      </object_component>
      <object_component id="oc-109">
         <name>.debug_info</name>
         <load_address>0x4d10</load_address>
         <run_address>0x4d10</run_address>
         <size>0x13e</size>
         <input_file_ref idref="fl-c8"/>
      </object_component>
      <object_component id="oc-23b">
         <name>.debug_info</name>
         <load_address>0x4e4e</load_address>
         <run_address>0x4e4e</run_address>
         <size>0x132</size>
         <input_file_ref idref="fl-c9"/>
      </object_component>
      <object_component id="oc-113">
         <name>.debug_info</name>
         <load_address>0x4f80</load_address>
         <run_address>0x4f80</run_address>
         <size>0x142</size>
         <input_file_ref idref="fl-ca"/>
      </object_component>
      <object_component id="oc-118">
         <name>.debug_info</name>
         <load_address>0x50c2</load_address>
         <run_address>0x50c2</run_address>
         <size>0x130</size>
         <input_file_ref idref="fl-cb"/>
      </object_component>
      <object_component id="oc-103">
         <name>.debug_info</name>
         <load_address>0x51f2</load_address>
         <run_address>0x51f2</run_address>
         <size>0x130</size>
         <input_file_ref idref="fl-cc"/>
      </object_component>
      <object_component id="oc-8f">
         <name>.debug_info</name>
         <load_address>0x5322</load_address>
         <run_address>0x5322</run_address>
         <size>0x14b</size>
         <input_file_ref idref="fl-cd"/>
      </object_component>
      <object_component id="oc-8b">
         <name>.debug_info</name>
         <load_address>0x546d</load_address>
         <run_address>0x546d</run_address>
         <size>0x2d8</size>
         <input_file_ref idref="fl-ce"/>
      </object_component>
      <object_component id="oc-4b">
         <name>.debug_info</name>
         <load_address>0x5745</load_address>
         <run_address>0x5745</run_address>
         <size>0x1b9</size>
         <input_file_ref idref="fl-ce"/>
      </object_component>
      <object_component id="oc-86">
         <name>.debug_info</name>
         <load_address>0x58fe</load_address>
         <run_address>0x58fe</run_address>
         <size>0x46</size>
         <input_file_ref idref="fl-ce"/>
      </object_component>
      <object_component id="oc-b7">
         <name>.debug_info</name>
         <load_address>0x5944</load_address>
         <run_address>0x5944</run_address>
         <size>0x2c</size>
         <input_file_ref idref="fl-ce"/>
      </object_component>
      <object_component id="oc-43">
         <name>.debug_info</name>
         <load_address>0x5970</load_address>
         <run_address>0x5970</run_address>
         <size>0x2ac</size>
         <input_file_ref idref="fl-cf"/>
      </object_component>
      <object_component id="oc-1c">
         <name>.debug_info</name>
         <load_address>0x5c1c</load_address>
         <run_address>0x5c1c</run_address>
         <size>0x1ee</size>
         <input_file_ref idref="fl-cf"/>
      </object_component>
      <object_component id="oc-3e">
         <name>.debug_info</name>
         <load_address>0x5e0a</load_address>
         <run_address>0x5e0a</run_address>
         <size>0x46</size>
         <input_file_ref idref="fl-cf"/>
      </object_component>
      <object_component id="oc-7e">
         <name>.debug_info</name>
         <load_address>0x5e50</load_address>
         <run_address>0x5e50</run_address>
         <size>0x2c</size>
         <input_file_ref idref="fl-cf"/>
      </object_component>
      <object_component id="oc-7c">
         <name>.debug_info</name>
         <load_address>0x5e7c</load_address>
         <run_address>0x5e7c</run_address>
         <size>0x2a2</size>
         <input_file_ref idref="fl-d0"/>
      </object_component>
      <object_component id="oc-14">
         <name>.debug_info</name>
         <load_address>0x611e</load_address>
         <run_address>0x611e</run_address>
         <size>0x254</size>
         <input_file_ref idref="fl-d0"/>
      </object_component>
      <object_component id="oc-2e">
         <name>.debug_info</name>
         <load_address>0x6372</load_address>
         <run_address>0x6372</run_address>
         <size>0x60</size>
         <input_file_ref idref="fl-d0"/>
      </object_component>
      <object_component id="oc-b0">
         <name>.debug_info</name>
         <load_address>0x63d2</load_address>
         <run_address>0x63d2</run_address>
         <size>0x46</size>
         <input_file_ref idref="fl-d0"/>
      </object_component>
      <object_component id="oc-77">
         <name>.debug_info</name>
         <load_address>0x6418</load_address>
         <run_address>0x6418</run_address>
         <size>0x39</size>
         <input_file_ref idref="fl-d0"/>
      </object_component>
      <object_component id="oc-22">
         <name>.debug_info</name>
         <load_address>0x6451</load_address>
         <run_address>0x6451</run_address>
         <size>0x10f</size>
         <input_file_ref idref="fl-d1"/>
      </object_component>
      <object_component id="oc-5a">
         <name>.debug_info</name>
         <load_address>0x6560</load_address>
         <run_address>0x6560</run_address>
         <size>0x1ad</size>
         <input_file_ref idref="fl-d1"/>
      </object_component>
      <object_component id="oc-2fa">
         <name>.debug_info</name>
         <load_address>0x670d</load_address>
         <run_address>0x670d</run_address>
         <size>0x3ae</size>
         <input_file_ref idref="fl-d2"/>
      </object_component>
      <object_component id="oc-2f7">
         <name>.debug_info</name>
         <load_address>0x6abb</load_address>
         <run_address>0x6abb</run_address>
         <size>0x13e</size>
         <input_file_ref idref="fl-d2"/>
      </object_component>
      <object_component id="oc-249">
         <name>.debug_info</name>
         <load_address>0x6bf9</load_address>
         <run_address>0x6bf9</run_address>
         <size>0x733</size>
         <input_file_ref idref="fl-d2"/>
      </object_component>
      <object_component id="oc-370">
         <name>.debug_info</name>
         <load_address>0x732c</load_address>
         <run_address>0x732c</run_address>
         <size>0x39</size>
         <input_file_ref idref="fl-d2"/>
      </object_component>
      <object_component id="oc-2fc">
         <name>.debug_info</name>
         <load_address>0x7365</load_address>
         <run_address>0x7365</run_address>
         <size>0x2c</size>
         <input_file_ref idref="fl-d2"/>
      </object_component>
      <object_component id="oc-302">
         <name>.debug_info</name>
         <load_address>0x7391</load_address>
         <run_address>0x7391</run_address>
         <size>0x291</size>
         <input_file_ref idref="fl-d3"/>
      </object_component>
      <object_component id="oc-24d">
         <name>.debug_info</name>
         <load_address>0x7622</load_address>
         <run_address>0x7622</run_address>
         <size>0x32b</size>
         <input_file_ref idref="fl-d3"/>
      </object_component>
      <object_component id="oc-2e9">
         <name>.debug_info</name>
         <load_address>0x794d</load_address>
         <run_address>0x794d</run_address>
         <size>0x296</size>
         <input_file_ref idref="fl-d4"/>
      </object_component>
      <object_component id="oc-240">
         <name>.debug_info</name>
         <load_address>0x7be3</load_address>
         <run_address>0x7be3</run_address>
         <size>0x384</size>
         <input_file_ref idref="fl-d4"/>
      </object_component>
      <object_component id="oc-36b">
         <name>.debug_info</name>
         <load_address>0x7f67</load_address>
         <run_address>0x7f67</run_address>
         <size>0x293</size>
         <input_file_ref idref="fl-d5"/>
      </object_component>
      <object_component id="oc-2f1">
         <name>.debug_info</name>
         <load_address>0x81fa</load_address>
         <run_address>0x81fa</run_address>
         <size>0x22e</size>
         <input_file_ref idref="fl-d5"/>
      </object_component>
      <object_component id="oc-369">
         <name>.debug_info</name>
         <load_address>0x8428</load_address>
         <run_address>0x8428</run_address>
         <size>0x301</size>
         <input_file_ref idref="fl-d6"/>
      </object_component>
      <object_component id="oc-2ee">
         <name>.debug_info</name>
         <load_address>0x8729</load_address>
         <run_address>0x8729</run_address>
         <size>0x229</size>
         <input_file_ref idref="fl-d6"/>
      </object_component>
      <object_component id="oc-363">
         <name>.debug_info</name>
         <load_address>0x8952</load_address>
         <run_address>0x8952</run_address>
         <size>0x165</size>
         <input_file_ref idref="fl-d7"/>
      </object_component>
      <object_component id="oc-3a">
         <name>.debug_info</name>
         <load_address>0x8ab7</load_address>
         <run_address>0x8ab7</run_address>
         <size>0x11d</size>
         <input_file_ref idref="fl-d8"/>
      </object_component>
      <object_component id="oc-265">
         <name>.debug_info</name>
         <load_address>0x8bd4</load_address>
         <run_address>0x8bd4</run_address>
         <size>0x4b7</size>
         <input_file_ref idref="fl-d9"/>
      </object_component>
      <object_component id="oc-151">
         <name>.debug_info</name>
         <load_address>0x908b</load_address>
         <run_address>0x908b</run_address>
         <size>0x1aa</size>
         <input_file_ref idref="fl-d9"/>
      </object_component>
      <object_component id="oc-31c">
         <name>.debug_info</name>
         <load_address>0x9235</load_address>
         <run_address>0x9235</run_address>
         <size>0x39</size>
         <input_file_ref idref="fl-d9"/>
      </object_component>
      <object_component id="oc-37a">
         <name>.debug_info</name>
         <load_address>0x926e</load_address>
         <run_address>0x926e</run_address>
         <size>0x39</size>
         <input_file_ref idref="fl-d9"/>
      </object_component>
      <object_component id="oc-321">
         <name>.debug_info</name>
         <load_address>0x92a7</load_address>
         <run_address>0x92a7</run_address>
         <size>0x39</size>
         <input_file_ref idref="fl-d9"/>
      </object_component>
      <object_component id="oc-326">
         <name>.debug_info</name>
         <load_address>0x92e0</load_address>
         <run_address>0x92e0</run_address>
         <size>0xcd</size>
         <input_file_ref idref="fl-d9"/>
      </object_component>
      <object_component id="oc-94">
         <name>.debug_info</name>
         <load_address>0x93ad</load_address>
         <run_address>0x93ad</run_address>
         <size>0x157</size>
         <input_file_ref idref="fl-da"/>
      </object_component>
      <object_component id="oc-142">
         <name>.debug_info</name>
         <load_address>0x9504</load_address>
         <run_address>0x9504</run_address>
         <size>0x126</size>
         <input_file_ref idref="fl-dc"/>
      </object_component>
      <object_component id="oc-392">
         <name>.debug_info</name>
         <load_address>0x962a</load_address>
         <run_address>0x962a</run_address>
         <size>0x28d</size>
         <input_file_ref idref="fl-df"/>
      </object_component>
      <object_component id="oc-38f">
         <name>.debug_info</name>
         <load_address>0x98b7</load_address>
         <run_address>0x98b7</run_address>
         <size>0x112</size>
         <input_file_ref idref="fl-df"/>
      </object_component>
      <object_component id="oc-35f">
         <name>.debug_info</name>
         <load_address>0x99c9</load_address>
         <run_address>0x99c9</run_address>
         <size>0x152</size>
         <input_file_ref idref="fl-df"/>
      </object_component>
      <object_component id="oc-2a6">
         <name>.debug_info</name>
         <load_address>0x9b1b</load_address>
         <run_address>0x9b1b</run_address>
         <size>0x240</size>
         <input_file_ref idref="fl-e0"/>
      </object_component>
      <object_component id="oc-2a9">
         <name>.debug_info</name>
         <load_address>0x9d5b</load_address>
         <run_address>0x9d5b</run_address>
         <size>0x15b</size>
         <input_file_ref idref="fl-e0"/>
      </object_component>
      <object_component id="oc-2a0">
         <name>.debug_info</name>
         <load_address>0x9eb6</load_address>
         <run_address>0x9eb6</run_address>
         <size>0x2b3</size>
         <input_file_ref idref="fl-e0"/>
      </object_component>
      <object_component id="oc-29a">
         <name>.debug_info</name>
         <load_address>0xa169</load_address>
         <run_address>0xa169</run_address>
         <size>0x316</size>
         <input_file_ref idref="fl-e0"/>
      </object_component>
      <object_component id="oc-1e1">
         <name>.debug_info</name>
         <load_address>0xa47f</load_address>
         <run_address>0xa47f</run_address>
         <size>0x27b</size>
         <input_file_ref idref="fl-e0"/>
      </object_component>
      <object_component id="oc-1b0">
         <name>.debug_info</name>
         <load_address>0xa6fa</load_address>
         <run_address>0xa6fa</run_address>
         <size>0x279</size>
         <input_file_ref idref="fl-e0"/>
      </object_component>
      <object_component id="oc-1aa">
         <name>.debug_info</name>
         <load_address>0xa973</load_address>
         <run_address>0xa973</run_address>
         <size>0x2b7</size>
         <input_file_ref idref="fl-e0"/>
      </object_component>
      <object_component id="oc-1b6">
         <name>.debug_info</name>
         <load_address>0xac2a</load_address>
         <run_address>0xac2a</run_address>
         <size>0x280</size>
         <input_file_ref idref="fl-e0"/>
      </object_component>
      <object_component id="oc-182">
         <name>.debug_info</name>
         <load_address>0xaeaa</load_address>
         <run_address>0xaeaa</run_address>
         <size>0x18b</size>
         <input_file_ref idref="fl-e0"/>
      </object_component>
      <object_component id="oc-2cf">
         <name>.debug_info</name>
         <load_address>0xb035</load_address>
         <run_address>0xb035</run_address>
         <size>0x20e</size>
         <input_file_ref idref="fl-e1"/>
      </object_component>
      <object_component id="oc-2db">
         <name>.debug_info</name>
         <load_address>0xb243</load_address>
         <run_address>0xb243</run_address>
         <size>0x210</size>
         <input_file_ref idref="fl-e1"/>
      </object_component>
      <object_component id="oc-2cc">
         <name>.debug_info</name>
         <load_address>0xb453</load_address>
         <run_address>0xb453</run_address>
         <size>0x157</size>
         <input_file_ref idref="fl-e1"/>
      </object_component>
      <object_component id="oc-1fa">
         <name>.debug_info</name>
         <load_address>0xb5aa</load_address>
         <run_address>0xb5aa</run_address>
         <size>0x2c1</size>
         <input_file_ref idref="fl-e1"/>
      </object_component>
      <object_component id="oc-1ee">
         <name>.debug_info</name>
         <load_address>0xb86b</load_address>
         <run_address>0xb86b</run_address>
         <size>0x23e</size>
         <input_file_ref idref="fl-e1"/>
      </object_component>
      <object_component id="oc-219">
         <name>.debug_info</name>
         <load_address>0xbaa9</load_address>
         <run_address>0xbaa9</run_address>
         <size>0x268</size>
         <input_file_ref idref="fl-e1"/>
      </object_component>
      <object_component id="oc-187">
         <name>.debug_info</name>
         <load_address>0xbd11</load_address>
         <run_address>0xbd11</run_address>
         <size>0x1e8</size>
         <input_file_ref idref="fl-e2"/>
      </object_component>
      <object_component id="oc-cd">
         <name>.debug_info</name>
         <load_address>0xbef9</load_address>
         <run_address>0xbef9</run_address>
         <size>0x250</size>
         <input_file_ref idref="fl-e2"/>
      </object_component>
      <object_component id="oc-1d4">
         <name>.debug_info</name>
         <load_address>0xc149</load_address>
         <run_address>0xc149</run_address>
         <size>0x252</size>
         <input_file_ref idref="fl-e2"/>
      </object_component>
      <object_component id="oc-1ce">
         <name>.debug_info</name>
         <load_address>0xc39b</load_address>
         <run_address>0xc39b</run_address>
         <size>0x2cc</size>
         <input_file_ref idref="fl-e2"/>
      </object_component>
      <object_component id="oc-d3">
         <name>.debug_info</name>
         <load_address>0xc667</load_address>
         <run_address>0xc667</run_address>
         <size>0x28b</size>
         <input_file_ref idref="fl-e2"/>
      </object_component>
      <object_component id="oc-c1">
         <name>.debug_info</name>
         <load_address>0xc8f2</load_address>
         <run_address>0xc8f2</run_address>
         <size>0x24d</size>
         <input_file_ref idref="fl-e2"/>
      </object_component>
      <object_component id="oc-1da">
         <name>.debug_info</name>
         <load_address>0xcb3f</load_address>
         <run_address>0xcb3f</run_address>
         <size>0x23f</size>
         <input_file_ref idref="fl-e2"/>
      </object_component>
      <object_component id="oc-1bc">
         <name>.debug_info</name>
         <load_address>0xcd7e</load_address>
         <run_address>0xcd7e</run_address>
         <size>0x241</size>
         <input_file_ref idref="fl-e2"/>
      </object_component>
      <object_component id="oc-c7">
         <name>.debug_info</name>
         <load_address>0xcfbf</load_address>
         <run_address>0xcfbf</run_address>
         <size>0x24f</size>
         <input_file_ref idref="fl-e2"/>
      </object_component>
      <object_component id="oc-1c2">
         <name>.debug_info</name>
         <load_address>0xd20e</load_address>
         <run_address>0xd20e</run_address>
         <size>0x2cd</size>
         <input_file_ref idref="fl-e2"/>
      </object_component>
      <object_component id="oc-298">
         <name>.debug_info</name>
         <load_address>0xd4db</load_address>
         <run_address>0xd4db</run_address>
         <size>0x298</size>
         <input_file_ref idref="fl-e3"/>
      </object_component>
      <object_component id="oc-2af">
         <name>.debug_info</name>
         <load_address>0xd773</load_address>
         <run_address>0xd773</run_address>
         <size>0x14d</size>
         <input_file_ref idref="fl-e3"/>
      </object_component>
      <object_component id="oc-1a4">
         <name>.debug_info</name>
         <load_address>0xd8c0</load_address>
         <run_address>0xd8c0</run_address>
         <size>0x27d</size>
         <input_file_ref idref="fl-e3"/>
      </object_component>
      <object_component id="oc-1c9">
         <name>.debug_info</name>
         <load_address>0xdb3d</load_address>
         <run_address>0xdb3d</run_address>
         <size>0x2b5</size>
         <input_file_ref idref="fl-e3"/>
      </object_component>
      <object_component id="oc-336">
         <name>.debug_info</name>
         <load_address>0xddf2</load_address>
         <run_address>0xddf2</run_address>
         <size>0x5f</size>
         <input_file_ref idref="fl-e3"/>
      </object_component>
      <object_component id="oc-18c">
         <name>.debug_info</name>
         <load_address>0xde51</load_address>
         <run_address>0xde51</run_address>
         <size>0x223</size>
         <input_file_ref idref="fl-e4"/>
      </object_component>
      <object_component id="oc-354">
         <name>.debug_info</name>
         <load_address>0xe074</load_address>
         <run_address>0xe074</run_address>
         <size>0x15a</size>
         <input_file_ref idref="fl-e4"/>
      </object_component>
      <object_component id="oc-357">
         <name>.debug_info</name>
         <load_address>0xe1ce</load_address>
         <run_address>0xe1ce</run_address>
         <size>0x16c</size>
         <input_file_ref idref="fl-e4"/>
      </object_component>
      <object_component id="oc-212">
         <name>.debug_info</name>
         <load_address>0xe33a</load_address>
         <run_address>0xe33a</run_address>
         <size>0x2ba</size>
         <input_file_ref idref="fl-e4"/>
      </object_component>
      <object_component id="oc-2e0">
         <name>.debug_info</name>
         <load_address>0xe5f4</load_address>
         <run_address>0xe5f4</run_address>
         <size>0x2eb</size>
         <input_file_ref idref="fl-e4"/>
      </object_component>
      <object_component id="oc-21e">
         <name>.debug_info</name>
         <load_address>0xe8df</load_address>
         <run_address>0xe8df</run_address>
         <size>0x2e4</size>
         <input_file_ref idref="fl-e4"/>
      </object_component>
      <object_component id="oc-225">
         <name>.debug_info</name>
         <load_address>0xebc3</load_address>
         <run_address>0xebc3</run_address>
         <size>0x294</size>
         <input_file_ref idref="fl-e4"/>
      </object_component>
      <object_component id="oc-d9">
         <name>.debug_info</name>
         <load_address>0xee57</load_address>
         <run_address>0xee57</run_address>
         <size>0x292</size>
         <input_file_ref idref="fl-e4"/>
      </object_component>
      <object_component id="oc-22a">
         <name>.debug_info</name>
         <load_address>0xf0e9</load_address>
         <run_address>0xf0e9</run_address>
         <size>0x27f</size>
         <input_file_ref idref="fl-e4"/>
      </object_component>
      <object_component id="oc-206">
         <name>.debug_info</name>
         <load_address>0xf368</load_address>
         <run_address>0xf368</run_address>
         <size>0x281</size>
         <input_file_ref idref="fl-e4"/>
      </object_component>
      <object_component id="oc-20c">
         <name>.debug_info</name>
         <load_address>0xf5e9</load_address>
         <run_address>0xf5e9</run_address>
         <size>0x28c</size>
         <input_file_ref idref="fl-e4"/>
      </object_component>
      <object_component id="oc-18e">
         <name>.debug_info</name>
         <load_address>0xf875</load_address>
         <run_address>0xf875</run_address>
         <size>0x227</size>
         <input_file_ref idref="fl-e5"/>
      </object_component>
      <object_component id="oc-34b">
         <name>.debug_info</name>
         <load_address>0xfa9c</load_address>
         <run_address>0xfa9c</run_address>
         <size>0x157</size>
         <input_file_ref idref="fl-e5"/>
      </object_component>
      <object_component id="oc-34e">
         <name>.debug_info</name>
         <load_address>0xfbf3</load_address>
         <run_address>0xfbf3</run_address>
         <size>0x169</size>
         <input_file_ref idref="fl-e5"/>
      </object_component>
      <object_component id="oc-2d1">
         <name>.debug_info</name>
         <load_address>0xfd5c</load_address>
         <run_address>0xfd5c</run_address>
         <size>0x27e</size>
         <input_file_ref idref="fl-e5"/>
      </object_component>
      <object_component id="oc-1ff">
         <name>.debug_info</name>
         <load_address>0xffda</load_address>
         <run_address>0xffda</run_address>
         <size>0x2c3</size>
         <input_file_ref idref="fl-e5"/>
      </object_component>
      <object_component id="oc-1f3">
         <name>.debug_info</name>
         <load_address>0x1029d</load_address>
         <run_address>0x1029d</run_address>
         <size>0x28f</size>
         <input_file_ref idref="fl-e5"/>
      </object_component>
      <object_component id="oc-2bd">
         <name>.debug_info</name>
         <load_address>0x1052c</load_address>
         <run_address>0x1052c</run_address>
         <size>0x247</size>
         <input_file_ref idref="fl-e5"/>
      </object_component>
      <object_component id="oc-2b7">
         <name>.debug_info</name>
         <load_address>0x10773</load_address>
         <run_address>0x10773</run_address>
         <size>0x249</size>
         <input_file_ref idref="fl-e5"/>
      </object_component>
      <object_component id="oc-1e7">
         <name>.debug_info</name>
         <load_address>0x109bc</load_address>
         <run_address>0x109bc</run_address>
         <size>0x326</size>
         <input_file_ref idref="fl-e5"/>
      </object_component>
      <object_component id="oc-281">
         <name>.debug_info</name>
         <load_address>0x10ce2</load_address>
         <run_address>0x10ce2</run_address>
         <size>0x273</size>
         <input_file_ref idref="fl-e5"/>
      </object_component>
      <object_component id="oc-df">
         <name>.debug_info</name>
         <load_address>0x10f55</load_address>
         <run_address>0x10f55</run_address>
         <size>0x263</size>
         <input_file_ref idref="fl-e5"/>
      </object_component>
      <object_component id="oc-2c4">
         <name>.debug_info</name>
         <load_address>0x111b8</load_address>
         <run_address>0x111b8</run_address>
         <size>0x212</size>
         <input_file_ref idref="fl-e6"/>
      </object_component>
      <object_component id="oc-3c9">
         <name>.debug_info</name>
         <load_address>0x113ca</load_address>
         <run_address>0x113ca</run_address>
         <size>0x8f</size>
      </object_component>
      <object_component id="oc-180">
         <name>.debug_line</name>
         <load_address>0x0</load_address>
         <run_address>0x0</run_address>
         <size>0xba</size>
         <input_file_ref idref="fl-2"/>
      </object_component>
      <object_component id="oc-f4">
         <name>.debug_line</name>
         <load_address>0xba</load_address>
         <run_address>0xba</run_address>
         <size>0x66</size>
         <input_file_ref idref="fl-2"/>
      </object_component>
      <object_component id="oc-70">
         <name>.debug_line</name>
         <load_address>0x120</load_address>
         <run_address>0x120</run_address>
         <size>0x69</size>
         <input_file_ref idref="fl-2"/>
      </object_component>
      <object_component id="oc-1a1">
         <name>.debug_line</name>
         <load_address>0x189</load_address>
         <run_address>0x189</run_address>
         <size>0x35</size>
         <input_file_ref idref="fl-2"/>
      </object_component>
      <object_component id="oc-36">
         <name>.debug_line</name>
         <load_address>0x1be</load_address>
         <run_address>0x1be</run_address>
         <size>0x20</size>
         <input_file_ref idref="fl-2"/>
      </object_component>
      <object_component id="oc-ad">
         <name>.debug_line</name>
         <load_address>0x1de</load_address>
         <run_address>0x1de</run_address>
         <size>0x6d</size>
         <input_file_ref idref="fl-2"/>
      </object_component>
      <object_component id="oc-75">
         <name>.debug_line</name>
         <load_address>0x24b</load_address>
         <run_address>0x24b</run_address>
         <size>0x6a</size>
         <input_file_ref idref="fl-2"/>
      </object_component>
      <object_component id="oc-333">
         <name>.debug_line</name>
         <load_address>0x2b5</load_address>
         <run_address>0x2b5</run_address>
         <size>0x53</size>
         <input_file_ref idref="fl-3"/>
      </object_component>
      <object_component id="oc-331">
         <name>.debug_line</name>
         <load_address>0x308</load_address>
         <run_address>0x308</run_address>
         <size>0x2f</size>
         <input_file_ref idref="fl-3"/>
      </object_component>
      <object_component id="oc-32f">
         <name>.debug_line</name>
         <load_address>0x337</load_address>
         <run_address>0x337</run_address>
         <size>0x2f</size>
         <input_file_ref idref="fl-3"/>
      </object_component>
      <object_component id="oc-194">
         <name>.debug_line</name>
         <load_address>0x366</load_address>
         <run_address>0x366</run_address>
         <size>0xd1</size>
         <input_file_ref idref="fl-3"/>
      </object_component>
      <object_component id="oc-290">
         <name>.debug_line</name>
         <load_address>0x437</load_address>
         <run_address>0x437</run_address>
         <size>0x33</size>
         <input_file_ref idref="fl-3"/>
      </object_component>
      <object_component id="oc-19d">
         <name>.debug_line</name>
         <load_address>0x46a</load_address>
         <run_address>0x46a</run_address>
         <size>0x156</size>
         <input_file_ref idref="fl-4"/>
      </object_component>
      <object_component id="oc-238">
         <name>.debug_line</name>
         <load_address>0x5c0</load_address>
         <run_address>0x5c0</run_address>
         <size>0x2d</size>
         <input_file_ref idref="fl-4"/>
      </object_component>
      <object_component id="oc-9c">
         <name>.debug_line</name>
         <load_address>0x5ed</load_address>
         <run_address>0x5ed</run_address>
         <size>0xf9</size>
         <input_file_ref idref="fl-4"/>
      </object_component>
      <object_component id="oc-13f">
         <name>.debug_line</name>
         <load_address>0x6e6</load_address>
         <run_address>0x6e6</run_address>
         <size>0x20</size>
         <input_file_ref idref="fl-4"/>
      </object_component>
      <object_component id="oc-294">
         <name>.debug_line</name>
         <load_address>0x706</load_address>
         <run_address>0x706</run_address>
         <size>0x42</size>
         <input_file_ref idref="fl-5"/>
      </object_component>
      <object_component id="oc-296">
         <name>.debug_line</name>
         <load_address>0x748</load_address>
         <run_address>0x748</run_address>
         <size>0x33</size>
         <input_file_ref idref="fl-5"/>
      </object_component>
      <object_component id="oc-e5">
         <name>.debug_line</name>
         <load_address>0x77b</load_address>
         <run_address>0x77b</run_address>
         <size>0x6c</size>
         <input_file_ref idref="fl-5"/>
      </object_component>
      <object_component id="oc-fd">
         <name>.debug_line</name>
         <load_address>0x7e7</load_address>
         <run_address>0x7e7</run_address>
         <size>0x50</size>
         <input_file_ref idref="fl-6"/>
      </object_component>
      <object_component id="oc-6c">
         <name>.debug_line</name>
         <load_address>0x837</load_address>
         <run_address>0x837</run_address>
         <size>0x41</size>
         <input_file_ref idref="fl-7"/>
      </object_component>
      <object_component id="oc-2b">
         <name>.debug_line</name>
         <load_address>0x878</load_address>
         <run_address>0x878</run_address>
         <size>0x41</size>
         <input_file_ref idref="fl-7"/>
      </object_component>
      <object_component id="oc-28">
         <name>.debug_line</name>
         <load_address>0x8b9</load_address>
         <run_address>0x8b9</run_address>
         <size>0xa1</size>
         <input_file_ref idref="fl-7"/>
      </object_component>
      <object_component id="oc-fa">
         <name>.debug_line</name>
         <load_address>0x95a</load_address>
         <run_address>0x95a</run_address>
         <size>0x58</size>
         <input_file_ref idref="fl-8"/>
      </object_component>
      <object_component id="oc-30b">
         <name>.debug_line</name>
         <load_address>0x9b2</load_address>
         <run_address>0x9b2</run_address>
         <size>0x32</size>
         <input_file_ref idref="fl-c3"/>
      </object_component>
      <object_component id="oc-137">
         <name>.debug_line</name>
         <load_address>0x9e4</load_address>
         <run_address>0x9e4</run_address>
         <size>0x215</size>
         <input_file_ref idref="fl-c3"/>
      </object_component>
      <object_component id="oc-308">
         <name>.debug_line</name>
         <load_address>0xbf9</load_address>
         <run_address>0xbf9</run_address>
         <size>0x9d</size>
         <input_file_ref idref="fl-c3"/>
      </object_component>
      <object_component id="oc-256">
         <name>.debug_line</name>
         <load_address>0xc96</load_address>
         <run_address>0xc96</run_address>
         <size>0x9a</size>
         <input_file_ref idref="fl-c3"/>
      </object_component>
      <object_component id="oc-304">
         <name>.debug_line</name>
         <load_address>0xd30</load_address>
         <run_address>0xd30</run_address>
         <size>0x32</size>
         <input_file_ref idref="fl-c4"/>
      </object_component>
      <object_component id="oc-132">
         <name>.debug_line</name>
         <load_address>0xd62</load_address>
         <run_address>0xd62</run_address>
         <size>0x212</size>
         <input_file_ref idref="fl-c4"/>
      </object_component>
      <object_component id="oc-124">
         <name>.debug_line</name>
         <load_address>0xf74</load_address>
         <run_address>0xf74</run_address>
         <size>0xd2</size>
         <input_file_ref idref="fl-c5"/>
      </object_component>
      <object_component id="oc-129">
         <name>.debug_line</name>
         <load_address>0x1046</load_address>
         <run_address>0x1046</run_address>
         <size>0x77</size>
         <input_file_ref idref="fl-c6"/>
      </object_component>
      <object_component id="oc-11c">
         <name>.debug_line</name>
         <load_address>0x10bd</load_address>
         <run_address>0x10bd</run_address>
         <size>0x77</size>
         <input_file_ref idref="fl-c6"/>
      </object_component>
      <object_component id="oc-10d">
         <name>.debug_line</name>
         <load_address>0x1134</load_address>
         <run_address>0x1134</run_address>
         <size>0xa8</size>
         <input_file_ref idref="fl-c7"/>
      </object_component>
      <object_component id="oc-10b">
         <name>.debug_line</name>
         <load_address>0x11dc</load_address>
         <run_address>0x11dc</run_address>
         <size>0x8e</size>
         <input_file_ref idref="fl-c8"/>
      </object_component>
      <object_component id="oc-23e">
         <name>.debug_line</name>
         <load_address>0x126a</load_address>
         <run_address>0x126a</run_address>
         <size>0x5a</size>
         <input_file_ref idref="fl-c9"/>
      </object_component>
      <object_component id="oc-115">
         <name>.debug_line</name>
         <load_address>0x12c4</load_address>
         <run_address>0x12c4</run_address>
         <size>0x67</size>
         <input_file_ref idref="fl-ca"/>
      </object_component>
      <object_component id="oc-11a">
         <name>.debug_line</name>
         <load_address>0x132b</load_address>
         <run_address>0x132b</run_address>
         <size>0x57</size>
         <input_file_ref idref="fl-cb"/>
      </object_component>
      <object_component id="oc-106">
         <name>.debug_line</name>
         <load_address>0x1382</load_address>
         <run_address>0x1382</run_address>
         <size>0x50</size>
         <input_file_ref idref="fl-cc"/>
      </object_component>
      <object_component id="oc-8d">
         <name>.debug_line</name>
         <load_address>0x13d2</load_address>
[...]
            <load_address>0x3680</load_address>
            <load_size>0x8</load_size>
            <run_address>0x200055b0</run_address>
            <run_size>0x30</run_size>
            <compression>lzss</compression>
         </cprec>
         <cprec>
            <name>.vtable</name>
            <load_address>0x3688</load_address>
            <load_size>0x8</load_size>
            <run_address>0x20000000</run_address>
            <run_size>0x26c</run_size>
            <compression>zero_init</compression>
         </cprec>
      </cptbl>
   </cptbl_list>
   <handler_table>
      <handler_table_name>__TI_handler_table</handler_table_name>
      <handler>
         <index>0x0</index>
         <name>__TI_zero_init</name>
      </handler>
      <handler>
         <index>0x1</index>
         <name>__TI_decompress_lzss</name>
      </handler>
      <handler>
         <index>0x2</index>
         <name>__TI_decompress_none</name>
      </handler>
   </handler_table>
   <symbol_table>
      <symbol id="sm-1">
         <name>__STACK_TOP</name>
         <value>0x200055b0</value>
      </symbol>
      <symbol id="sm-2">
         <name>__TI_CINIT_Base</name>
         <value>0x3690</value>
      </symbol>
      <symbol id="sm-3">
         <name>__TI_CINIT_Limit</name>
         <value>0x36a8</value>
      </symbol>
      <symbol id="sm-4">
         <name>__TI_Handler_Table_Base</name>
         <value>0x3668</value>
      </symbol>
      <symbol id="sm-5">
         <name>__TI_Handler_Table_Limit</name>
         <value>0x3674</value>
      </symbol>
      <symbol id="sm-6">
         <name>binit</name>
         <value>0xffffffff</value>
      </symbol>
      <symbol id="sm-7">
         <name>__binit__</name>
         <value>0xffffffff</value>
      </symbol>
      <symbol id="sm-8">
         <name>__STACK_SIZE</name>
         <value>0x200</value>
      </symbol>
      <symbol id="sm-9">
         <name>__STACK_END</name>
         <value>0x200055b0</value>
      </symbol>
      <symbol id="sm-a">
         <name>__c_args__</name>
         <value>0xffffffff</value>
      </symbol>
      <symbol id="sm-b">
         <name>__TI_pprof_out_hndl</name>
         <value>0xffffffff</value>
      </symbol>
      <symbol id="sm-c">
         <name>__TI_prof_data_start</name>
         <value>0xffffffff</value>
      </symbol>
      <symbol id="sm-d">
         <name>__TI_prof_data_size</name>
         <value>0xffffffff</value>
      </symbol>
      <symbol id="sm-5a">
         <name>encoder_init</name>
         <value>0x23dd</value>
         <object_component_ref idref="oc-f0"/>
      </symbol>
      <symbol id="sm-8a">
         <name>s</name>
         <value>0x200055d0</value>
         <object_component_ref idref="oc-289"/>
      </symbol>
      <symbol id="sm-8b">
         <name>r</name>
         <value>0x200055d4</value>
         <object_component_ref idref="oc-289"/>
      </symbol>
      <symbol id="sm-8c">
         <name>fr_api</name>
         <value>0x195d</value>
         <object_component_ref idref="oc-18f"/>
      </symbol>
      <symbol id="sm-dd">
         <name>x</name>
         <value>0x2000472c</value>
      </symbol>
      <symbol id="sm-de">
         <name>y</name>
         <value>0x20004d6c</value>
      </symbol>
      <symbol id="sm-df">
         <name>timestamp</name>
         <value>0x200040ec</value>
      </symbol>
      <symbol id="sm-e0">
         <name>wh1</name>
         <value>0x20001b6c</value>
      </symbol>
      <symbol id="sm-e1">
         <name>wh2</name>
         <value>0x20002e2c</value>
      </symbol>
      <symbol id="sm-e2">
         <name>state1</name>
         <value>0x200053ac</value>
      </symbol>
      <symbol id="sm-e3">
         <name>Uart_ISR</name>
         <value>0x15f9</value>
         <object_component_ref idref="oc-98"/>
      </symbol>
      <symbol id="sm-e4">
         <name>store_ptr</name>
         <value>0x200055c4</value>
         <object_component_ref idref="oc-125"/>
      </symbol>
      <symbol id="sm-e5">
         <name>theta</name>
         <value>0x200055bc</value>
         <object_component_ref idref="oc-125"/>
      </symbol>
      <symbol id="sm-e6">
         <name>dtheta</name>
         <value>0x200055b8</value>
         <object_component_ref idref="oc-125"/>
      </symbol>
      <symbol id="sm-e7">
         <name>send_ptr</name>
         <value>0x200055cc</value>
         <object_component_ref idref="oc-125"/>
      </symbol>
      <symbol id="sm-e8">
         <name>main</name>
         <value>0x1671</value>
         <object_component_ref idref="oc-98"/>
      </symbol>
      <symbol id="sm-e9">
         <name>lR</name>
         <value>0x200055b4</value>
         <object_component_ref idref="oc-125"/>
      </symbol>
      <symbol id="sm-ea">
         <name>lL</name>
         <value>0x200055b0</value>
         <object_component_ref idref="oc-125"/>
      </symbol>
      <symbol id="sm-eb">
         <name>disp</name>
         <value>0x200055c0</value>
         <object_component_ref idref="oc-125"/>
      </symbol>
      <symbol id="sm-ec">
         <name>read_ptr</name>
         <value>0x200055c8</value>
         <object_component_ref idref="oc-125"/>
      </symbol>
      <symbol id="sm-ed">
         <name>Tim_ISR</name>
         <value>0x1545</value>
         <object_component_ref idref="oc-98"/>
      </symbol>
      <symbol id="sm-10f">
         <name>store</name>
         <value>0x2000026c</value>
      </symbol>
      <symbol id="sm-110">
         <name>m</name>
         <value>0x200055dc</value>
         <object_component_ref idref="oc-198"/>
      </symbol>
      <symbol id="sm-111">
         <name>send_float</name>
         <value>0x22bd</value>
         <object_component_ref idref="oc-e4"/>
      </symbol>
      <symbol id="sm-120">
         <name>Timer_init</name>
         <value>0x2d79</value>
         <object_component_ref idref="oc-fc"/>
      </symbol>
      <symbol id="sm-13c">
         <name>ResetISR</name>
         <value>0x3211</value>
         <object_component_ref idref="oc-24"/>
      </symbol>
      <symbol id="sm-13d">
         <name>g_pfnVectors</name>
         <value>0x0</value>
         <object_component_ref idref="oc-f"/>
      </symbol>
      <symbol id="sm-152">
         <name>uart_init</name>
         <value>0x2909</value>
         <object_component_ref idref="oc-f6"/>
      </symbol>
      <symbol id="sm-1ad">
         <name>cosl</name>
         <value>0x9a5</value>
         <object_component_ref idref="oc-133"/>
      </symbol>
      <symbol id="sm-1ae">
         <name>cos</name>
         <value>0x9a5</value>
         <object_component_ref idref="oc-133"/>
      </symbol>
      <symbol id="sm-1fa">
         <name>sin</name>
         <value>0xf81</value>
         <object_component_ref idref="oc-12d"/>
      </symbol>
      <symbol id="sm-1fb">
         <name>sinl</name>
         <value>0xf81</value>
         <object_component_ref idref="oc-12d"/>
      </symbol>
      <symbol id="sm-212">
         <name>__aeabi_dsub</name>
         <value>0x1bbd</value>
         <object_component_ref idref="oc-120"/>
      </symbol>
      <symbol id="sm-213">
         <name>__aeabi_dadd</name>
         <value>0x1bc7</value>
         <object_component_ref idref="oc-120"/>
      </symbol>
      <symbol id="sm-235">
         <name>__aeabi_cdcmpeq</name>
         <value>0x2a55</value>
         <object_component_ref idref="oc-128"/>
      </symbol>
      <symbol id="sm-236">
         <name>__aeabi_cdcmple</name>
         <value>0x2a55</value>
         <object_component_ref idref="oc-128"/>
      </symbol>
      <symbol id="sm-237">
         <name>__aeabi_cdrcmple</name>
         <value>0x2adb</value>
         <object_component_ref idref="oc-11b"/>
      </symbol>
      <symbol id="sm-24b">
         <name>__aeabi_ddiv</name>
         <value>0x2055</value>
         <object_component_ref idref="oc-10c"/>
      </symbol>
      <symbol id="sm-256">
         <name>__aeabi_dmul</name>
         <value>0x2715</value>
         <object_component_ref idref="oc-107"/>
      </symbol>
      <symbol id="sm-260">
         <name>__aeabi_d2iz</name>
         <value>0x2e6d</value>
         <object_component_ref idref="oc-23a"/>
      </symbol>
      <symbol id="sm-26c">
         <name>__aeabi_d2f</name>
         <value>0x2bdb</value>
         <object_component_ref idref="oc-111"/>
      </symbol>
      <symbol id="sm-277">
         <name>__aeabi_f2d</name>
         <value>0x2f81</value>
         <object_component_ref idref="oc-116"/>
      </symbol>
      <symbol id="sm-281">
         <name>__aeabi_i2d</name>
         <value>0x3055</value>
         <object_component_ref idref="oc-102"/>
      </symbol>
      <symbol id="sm-290">
         <name>__aeabi_memset</name>
         <value>0x2b63</value>
         <object_component_ref idref="oc-8c"/>
      </symbol>
      <symbol id="sm-291">
         <name>memset</name>
         <value>0x2b69</value>
         <object_component_ref idref="oc-8c"/>
      </symbol>
      <symbol id="sm-292">
         <name>__aeabi_memset8</name>
         <value>0x2b63</value>
         <object_component_ref idref="oc-8c"/>
      </symbol>
      <symbol id="sm-293">
         <name>__aeabi_memset4</name>
         <value>0x2b63</value>
         <object_component_ref idref="oc-8c"/>
      </symbol>
      <symbol id="sm-294">
         <name>__aeabi_memclr8</name>
         <value>0x2b61</value>
         <object_component_ref idref="oc-8c"/>
      </symbol>
      <symbol id="sm-295">
         <name>__aeabi_memclr4</name>
         <value>0x2b61</value>
         <object_component_ref idref="oc-8c"/>
      </symbol>
      <symbol id="sm-296">
         <name>__aeabi_memclr</name>
         <value>0x2b61</value>
         <object_component_ref idref="oc-8c"/>
      </symbol>
      <symbol id="sm-2ad">
         <name>__TI_zero_init</name>
         <value>0x3205</value>
         <object_component_ref idref="oc-4a"/>
      </symbol>
      <symbol id="sm-2c4">
         <name>__TI_decompress_none</name>
         <value>0x31eb</value>
         <object_component_ref idref="oc-18"/>
      </symbol>
      <symbol id="sm-2e7">
         <name>__TI_decompress_lzss</name>
         <value>0x2cb1</value>
         <object_component_ref idref="oc-12"/>
      </symbol>
      <symbol id="sm-2fa">
         <name>__stack</name>
         <value>0x200053b0</value>
         <object_component_ref idref="oc-21"/>
      </symbol>
      <symbol id="sm-2fb">
         <name>_c_int00_noargs</name>
         <value>0x3021</value>
         <object_component_ref idref="oc-56"/>
      </symbol>
      <symbol id="sm-36b">
         <name>__kernel_rem_pio2</name>
         <value>0x26d</value>
         <object_component_ref idref="oc-245"/>
      </symbol>
      <symbol id="sm-381">
         <name>__kernel_cos</name>
         <value>0x1ee9</value>
         <object_component_ref idref="oc-24b"/>
      </symbol>
      <symbol id="sm-398">
         <name>__kernel_sin</name>
         <value>0x1d75</value>
         <object_component_ref idref="oc-23f"/>
      </symbol>
      <symbol id="sm-3b5">
         <name>floorl</name>
         <value>0x2811</value>
         <object_component_ref idref="oc-2f0"/>
      </symbol>
      <symbol id="sm-3b6">
         <name>floor</name>
         <value>0x2811</value>
         <object_component_ref idref="oc-2f0"/>
      </symbol>
      <symbol id="sm-3d3">
         <name>scalbn</name>
         <value>0x2605</value>
         <object_component_ref idref="oc-2ea"/>
      </symbol>
      <symbol id="sm-3d4">
         <name>scalbnl</name>
         <value>0x2605</value>
         <object_component_ref idref="oc-2ea"/>
      </symbol>
      <symbol id="sm-3d5">
         <name>ldexpl</name>
         <value>0x2605</value>
         <object_component_ref idref="oc-2ea"/>
      </symbol>
      <symbol id="sm-3d6">
         <name>ldexp</name>
         <value>0x2605</value>
         <object_component_ref idref="oc-2ea"/>
      </symbol>
      <symbol id="sm-3e0">
         <name>copysign</name>
         <value>0x30cd</value>
         <object_component_ref idref="oc-362"/>
      </symbol>
      <symbol id="sm-3e1">
         <name>copysignl</name>
         <value>0x30cd</value>
         <object_component_ref idref="oc-362"/>
      </symbol>
      <symbol id="sm-3fc">
         <name>memcpy</name>
         <value>0x29b9</value>
         <object_component_ref idref="oc-38"/>
      </symbol>
      <symbol id="sm-3fd">
         <name>__aeabi_memcpy</name>
         <value>0x29b9</value>
         <object_component_ref idref="oc-38"/>
      </symbol>
      <symbol id="sm-3fe">
         <name>__aeabi_memcpy8</name>
         <value>0x29b9</value>
         <object_component_ref idref="oc-38"/>
      </symbol>
      <symbol id="sm-3ff">
         <name>__aeabi_memcpy4</name>
         <value>0x29b9</value>
         <object_component_ref idref="oc-38"/>
      </symbol>
      <symbol id="sm-427">
         <name>__TI_auto_init_nobinit_nopinit</name>
         <value>0x2efd</value>
         <object_component_ref idref="oc-14d"/>
      </symbol>
      <symbol id="sm-431">
         <name>_system_pre_init</name>
         <value>0x326d</value>
         <object_component_ref idref="oc-92"/>
      </symbol>
      <symbol id="sm-43d">
         <name>C$$EXIT</name>
         <value>0x3271</value>
         <object_component_ref idref="oc-141"/>
      </symbol>
      <symbol id="sm-43e">
         <name>abort</name>
         <value>0x3271</value>
         <object_component_ref idref="oc-141"/>
      </symbol>
      <symbol id="sm-456">
         <name>__aeabi_errno_addr</name>
         <value>0x3255</value>
         <object_component_ref idref="oc-35c"/>
      </symbol>
      <symbol id="sm-457">
         <name>errno</name>
         <value>0x200055d8</value>
         <object_component_ref idref="oc-38e"/>
      </symbol>
      <symbol id="sm-49e">
         <name>GPIOPinConfigure</name>
         <value>0x2e25</value>
         <object_component_ref idref="oc-1b5"/>
      </symbol>
      <symbol id="sm-49f">
         <name>GPIOPinTypeUART</name>
         <value>0x316f</value>
         <object_component_ref idref="oc-1e0"/>
      </symbol>
      <symbol id="sm-4a0">
         <name>GPIOPinTypeGPIOOutput</name>
         <value>0x30e7</value>
         <object_component_ref idref="oc-1a9"/>
      </symbol>
      <symbol id="sm-4a1">
         <name>GPIODirModeSet</name>
         <value>0x3083</value>
         <object_component_ref idref="oc-29f"/>
      </symbol>
      <symbol id="sm-4a2">
         <name>GPIOPinTypeQEI</name>
         <value>0x315d</value>
         <object_component_ref idref="oc-1af"/>
      </symbol>
      <symbol id="sm-4a3">
         <name>GPIOPadConfigSet</name>
         <value>0x218b</value>
         <object_component_ref idref="oc-299"/>
      </symbol>
      <symbol id="sm-4e5">
         <name>IntEnable</name>
         <value>0x2c49</value>
         <object_component_ref idref="oc-217"/>
      </symbol>
      <symbol id="sm-4e6">
         <name>IntRegister</name>
         <value>0x2fb9</value>
         <object_component_ref idref="oc-1f8"/>
      </symbol>
      <symbol id="sm-4e7">
         <name>g_pfnRAMVectors</name>
         <value>0x20000000</value>
         <object_component_ref idref="oc-2cb"/>
      </symbol>
      <symbol id="sm-4e8">
         <name>IntMasterEnable</name>
         <value>0x3193</value>
         <object_component_ref idref="oc-1ec"/>
      </symbol>
      <symbol id="sm-535">
         <name>QEIDirectionGet</name>
         <value>0x31c1</value>
         <object_component_ref idref="oc-c6"/>
      </symbol>
      <symbol id="sm-536">
         <name>QEIPositionGet</name>
         <value>0x325d</value>
         <object_component_ref idref="oc-c0"/>
      </symbol>
      <symbol id="sm-537">
         <name>QEIVelocityGet</name>
         <value>0x3265</value>
         <object_component_ref idref="oc-cc"/>
      </symbol>
      <symbol id="sm-538">
         <name>QEIVelocityConfigure</name>
         <value>0x31a3</value>
         <object_component_ref idref="oc-1cd"/>
      </symbol>
      <symbol id="sm-539">
         <name>QEIDisable</name>
         <value>0x321d</value>
         <object_component_ref idref="oc-1bb"/>
      </symbol>
      <symbol id="sm-53a">
         <name>QEIEnable</name>
         <value>0x3227</value>
         <object_component_ref idref="oc-1d9"/>
      </symbol>
      <symbol id="sm-53b">
         <name>QEIPositionSet</name>
         <value>0x3261</value>
         <object_component_ref idref="oc-d2"/>
      </symbol>
      <symbol id="sm-53c">
         <name>QEIVelocityEnable</name>
         <value>0x3231</value>
         <object_component_ref idref="oc-1d3"/>
      </symbol>
      <symbol id="sm-53d">
         <name>QEIConfigure</name>
         <value>0x31b3</value>
         <object_component_ref idref="oc-1c1"/>
      </symbol>
      <symbol id="sm-577">
         <name>SysCtlPeripheralEnable</name>
         <value>0x2fed</value>
         <object_component_ref idref="oc-1a3"/>
      </symbol>
      <symbol id="sm-578">
         <name>SysCtlClockGet</name>
         <value>0x24f5</value>
         <object_component_ref idref="oc-1c7"/>
      </symbol>
      <symbol id="sm-5dd">
         <name>TimerLoadSet</name>
         <value>0x3181</value>
         <object_component_ref idref="oc-211"/>
      </symbol>
      <symbol id="sm-5de">
         <name>TimerDisable</name>
         <value>0x3101</value>
         <object_component_ref idref="oc-205"/>
      </symbol>
      <symbol id="sm-5df">
         <name>TimerIntRegister</name>
         <value>0x3119</value>
         <object_component_ref idref="oc-21d"/>
      </symbol>
      <symbol id="sm-5e0">
         <name>TimerEnable</name>
         <value>0x31cf</value>
         <object_component_ref idref="oc-229"/>
      </symbol>
      <symbol id="sm-5e1">
         <name>TimerIntEnable</name>
         <value>0x3245</value>
         <object_component_ref idref="oc-223"/>
      </symbol>
      <symbol id="sm-5e2">
         <name>TimerConfigure</name>
         <value>0x2d19</value>
         <object_component_ref idref="oc-20b"/>
      </symbol>
      <symbol id="sm-5e3">
         <name>TimerIntClear</name>
         <value>0x3269</value>
         <object_component_ref idref="oc-d8"/>
      </symbol>
      <symbol id="sm-644">
         <name>UARTConfigSetExpClk</name>
         <value>0x2eb5</value>
         <object_component_ref idref="oc-1e6"/>
      </symbol>
      <symbol id="sm-645">
         <name>UARTDisable</name>
         <value>0x30ad</value>
         <object_component_ref idref="oc-2b6"/>
      </symbol>
      <symbol id="sm-646">
         <name>UARTIntEnable</name>
         <value>0x324d</value>
         <object_component_ref idref="oc-1f2"/>
      </symbol>
      <symbol id="sm-647">
         <name>UARTCharGetNonBlocking</name>
         <value>0x31dd</value>
         <object_component_ref idref="oc-de"/>
      </symbol>
      <symbol id="sm-648">
         <name>UARTCharPut</name>
         <value>0x323b</value>
         <object_component_ref idref="oc-280"/>
      </symbol>
      <symbol id="sm-649">
         <name>UARTEnable</name>
         <value>0x3149</value>
         <object_component_ref idref="oc-2bc"/>
      </symbol>
      <symbol id="sm-64a">
         <name>UARTIntRegister</name>
         <value>0x3131</value>
         <object_component_ref idref="oc-1fe"/>
      </symbol>
      <symbol id="sm-654">
         <name>CPUcpsie</name>
         <value>0x31f9</value>
         <object_component_ref idref="oc-2c3"/>
      </symbol>
      <symbol id="sm-655">
         <name>__TI_static_base__</name>
         <value>0x0</value>
      </symbol>
      <symbol id="sm-658">
         <name>__mpu_init</name>
         <value>0x0</value>
      </symbol>
      <symbol id="sm-659">
         <name>_system_post_cinit</name>
         <value>0x0</value>
      </symbol>
   </symbol_table>
   <title>Link successful</title>
</link_info>
