******************************************************************************
                  TI ARM Linker PC v18.12.1                    
******************************************************************************
>> Linked Mon Jun 17 17:58:42 2019

OUTPUT FILE NAME:   <Final_v1.out>
ENTRY POINT SYMBOL: "_c_int00_noargs"  address: 00003021


MEMORY CONFIGURATION

         name            origin    length      used     unused   attr    fill
----------------------  --------  ---------  --------  --------  ----  --------
  FLASH                 00000000   00040000  000036a0  0003c960  R  X
  SRAM                  20000000   00008000  000055dd  00002a23  RW X


SEGMENT ALLOCATION MAP

run origin  load origin   length   init length attrs members
----------  ----------- ---------- ----------- ----- -------
00000000    00000000    000036a8   000036a8    r-x
  00000000    00000000    0000026c   0000026c    r-- .intvecs
  0000026c    0000026c    00003008   00003008    r-x .text
  00003278    00003278    000003ec   000003ec    r-- .const
  00003668    00003668    00000040   00000040    r-- .cinit
20000000    20000000    000055e0   00000000    rw-
  20000000    20000000    0000026c   00000000    rw- .vtable
  2000026c    2000026c    00005141   00000000    rw- .bss
  200053b0    200053b0    00000200   00000000    rw- .stack
  200055b0    200055b0    00000030   00000000    rw- .data


SECTION ALLOCATION MAP

 output                                  attributes/
section   page    origin      length       input sections
--------  ----  ----------  ----------   ----------------
.intvecs   0    00000000    0000026c     
                  00000000    0000026c     tm4c123gh6pm_startup_ccs.obj (.intvecs)

.text      0    0000026c    00003008     
                  0000026c    00000738     rtsv7M4_T_le_v4SPD16_eabi.lib : k_rem_pio2.c.obj (.text:__kernel_rem_pio2)
                  000009a4    000005dc                                   : s_cos.c.obj (.text:cos)
                  00000f80    000005c4                                   : s_sin.c.obj (.text:sin)
                  00001544    00000418     main.obj (.text)
                  0000195c    00000260     fr_api.obj (.text)
                  00001bbc    000001b6     rtsv7M4_T_le_v4SPD16_eabi.lib : fd_add_t2.asm.obj (.text)
                  00001d72    00000002     --HOLE-- [fill = 0]
                  00001d74    00000174                                   : k_sin.c.obj (.text:__kernel_sin)
                  00001ee8    0000016c                                   : k_cos.c.obj (.text:__kernel_cos)
                  00002054    00000136                                   : fd_div_t2.asm.obj (.text)
                  0000218a    00000132     driverlib.lib : gpio.obj (.text:GPIOPadConfigSet)
                  000022bc    00000120     send_float.obj (.text)
                  000023dc    00000118     encoder_init.obj (.text)
                  000024f4    00000110     driverlib.lib : sysctl.obj (.text:SysCtlClockGet)
                  00002604    00000110     rtsv7M4_T_le_v4SPD16_eabi.lib : s_scalbn.c.obj (.text:scalbn)
                  00002714    000000fc                                   : fd_mul_t2.asm.obj (.text)
                  00002810    000000f8                                   : s_floor.c.obj (.text:floor)
                  00002908    000000b0     uart_init.obj (.text)
                  000029b8    0000009c     rtsv7M4_T_le_v4SPD16_eabi.lib : memcpy_t2.asm.obj (.text)
                  00002a54    00000086                                   : fd_cmp_t2.asm.obj (.text:__aeabi_cdcmple)
                  00002ada    00000086                                   : fd_cmp_t2.asm.obj (.text:__aeabi_cdrcmple)
                  00002b60    0000007a                                   : memset_t2.asm.obj (.text)
                  00002bda    0000006e                                   : fd_tos_t2.asm.obj (.text)
                  00002c48    00000068     driverlib.lib : interrupt.obj (.text:IntEnable)
                  00002cb0    00000068     rtsv7M4_T_le_v4SPD16_eabi.lib : copy_decompress_lzss.c.obj (.text:decompress:lzss:__TI_decompress_lzss)
                  00002d18    00000060     driverlib.lib : timer.obj (.text:TimerConfigure)
                  00002d78    00000060     timer_init.obj (.text)
                  00002dd8    0000004c     driverlib.lib : timer.obj (.text:_TimerIntNumberGet)
                  00002e24    00000048                   : gpio.obj (.text:GPIOPinConfigure)
                  00002e6c    00000048     rtsv7M4_T_le_v4SPD16_eabi.lib : fd_toi_t2.asm.obj (.text)
                  00002eb4    00000046     driverlib.lib : uart.obj (.text:UARTConfigSetExpClk)
                  00002efa    00000002     --HOLE-- [fill = 0]
                  00002efc    00000044     rtsv7M4_T_le_v4SPD16_eabi.lib : autoinit.c.obj (.text:__TI_auto_init_nobinit_nopinit:__TI_auto_init_nobinit_nopinit)
                  00002f40    00000040     driverlib.lib : uart.obj (.text:_UARTIntNumberGet)
                  00002f80    00000038     rtsv7M4_T_le_v4SPD16_eabi.lib : fs_tod_t2.asm.obj (.text)
                  00002fb8    00000034     driverlib.lib : interrupt.obj (.text:IntRegister)
                  00002fec    00000034                   : sysctl.obj (.text:SysCtlPeripheralEnable)
                  00003020    00000034     rtsv7M4_T_le_v4SPD16_eabi.lib : boot_cortex_m.c.obj (.text:_c_int00_noargs:_c_int00_noargs)
                  00003054    0000002e                                   : i_tofd_t2.asm.obj (.text)
                  00003082    0000002a     driverlib.lib : gpio.obj (.text:GPIODirModeSet)
                  000030ac    00000020                   : uart.obj (.text:UARTDisable)
                  000030cc    0000001a     rtsv7M4_T_le_v4SPD16_eabi.lib : s_copysign.c.obj (.text:copysign)
                  000030e6    00000018     driverlib.lib : gpio.obj (.text:GPIOPinTypeGPIOOutput)
                  000030fe    00000002     --HOLE-- [fill = 0]
                  00003100    00000018                   : timer.obj (.text:TimerDisable)
                  00003118    00000018                   : timer.obj (.text:TimerIntRegister)
                  00003130    00000018                   : uart.obj (.text:UARTIntRegister)
                  00003148    00000014                   : uart.obj (.text:UARTEnable)
                  0000315c    00000012                   : gpio.obj (.text:GPIOPinTypeQEI)
                  0000316e    00000012                   : gpio.obj (.text:GPIOPinTypeUART)
                  00003180    00000012                   : timer.obj (.text:TimerLoadSet)
                  00003192    00000010                   : interrupt.obj (.text:IntMasterEnable)
                  000031a2    00000010                   : qei.obj (.text:QEIVelocityConfigure)
                  000031b2    0000000e                   : qei.obj (.text:QEIConfigure)
                  000031c0    0000000e                   : qei.obj (.text:QEIDirectionGet)
                  000031ce    0000000e                   : timer.obj (.text:TimerEnable)
                  000031dc    0000000e                   : uart.obj (.text:UARTCharGetNonBlocking)
                  000031ea    0000000e     rtsv7M4_T_le_v4SPD16_eabi.lib : copy_decompress_none.c.obj (.text:decompress:none:__TI_decompress_none)
                  000031f8    0000000c     driverlib.lib : cpu.obj (.text:CPUcpsie)
                  00003204    0000000c     rtsv7M4_T_le_v4SPD16_eabi.lib : copy_zero_init.c.obj (.text:decompress:ZI:__TI_zero_init)
                  00003210    0000000c     tm4c123gh6pm_startup_ccs.obj (.text)
                  0000321c    0000000a     driverlib.lib : qei.obj (.text:QEIDisable)
                  00003226    0000000a                   : qei.obj (.text:QEIEnable)
                  00003230    0000000a                   : qei.obj (.text:QEIVelocityEnable)
                  0000323a    0000000a                   : uart.obj (.text:UARTCharPut)
                  00003244    00000008                   : timer.obj (.text:TimerIntEnable)
                  0000324c    00000008                   : uart.obj (.text:UARTIntEnable)
                  00003254    00000008     rtsv7M4_T_le_v4SPD16_eabi.lib : errno.c.obj (.text:__aeabi_errno_addr)
                  0000325c    00000004     driverlib.lib : qei.obj (.text:QEIPositionGet)
                  00003260    00000004                   : qei.obj (.text:QEIPositionSet)
                  00003264    00000004                   : qei.obj (.text:QEIVelocityGet)
                  00003268    00000004                   : timer.obj (.text:TimerIntClear)
                  0000326c    00000004     rtsv7M4_T_le_v4SPD16_eabi.lib : pre_init.c.obj (.text:_system_pre_init)
                  00003270    00000004                                   : exit.c.obj (.text:abort:abort)

.const     0    00003278    000003ec     
                  00003278    00000158     rtsv7M4_T_le_v4SPD16_eabi.lib : k_rem_pio2.c.obj (.const:$O1$$)
                  000033d0    00000090     driverlib.lib : gpio.obj (.const:g_pui32GPIOBaseAddrs)
                  00003460    00000070                   : interrupt.obj (.const)
                  000034d0    0000006c                   : sysctl.obj (.const:g_pui32Xtals)
                  0000353c    00000060                   : timer.obj (.const:g_ppui32TimerIntMap)
                  0000359c    00000040                   : timer.obj (.const:g_ppui32TimerIntMapSnowflake)
                  000035dc    00000040                   : uart.obj (.const:g_ppui32UARTIntMap)
                  0000361c    00000040                   : uart.obj (.const:g_ppui32UARTIntMapSnowflake)
                  0000365c    00000008     fr_api.obj (.const:.string:$P$T0$1)

.cinit     0    00003668    00000040     
                  00003668    0000000c     (__TI_handler_table)
                  00003674    00000004     --HOLE-- [fill = 0]
                  00003678    00000008     (.cinit..bss.load) [load image, compression = zero_init]
                  00003680    00000008     (.cinit..data.load) [load image, compression = lzss]
                  00003688    00000008     (.cinit..vtable.load) [load image, compression = zero_init]
                  00003690    00000018     (__TI_cinit_table)

.init_array 
*          0    00000000    00000000     UNINITIALIZED

.vtable    0    20000000    0000026c     UNINITIALIZED
                  20000000    0000026c     driverlib.lib : interrupt.obj (.vtable)

.bss       0    2000026c    00005141     UNINITIALIZED
                  2000026c    00001900     (.common:store)
                  20001b6c    000012c0     (.common:wh1)
                  20002e2c    000012c0     (.common:wh2)
                  200040ec    00000640     (.common:timestamp)
                  2000472c    00000640     (.common:x)
                  20004d6c    00000640     (.common:y)
                  200053ac    00000001     (.common:state1)

.data      0    200055b0    00000030     UNINITIALIZED
                  200055b0    00000020     main.obj (.data)
                  200055d0    00000008     fr_api.obj (.data)
                  200055d8    00000004     rtsv7M4_T_le_v4SPD16_eabi.lib : errno.c.obj (.data)
                  200055dc    00000004     send_float.obj (.data)

.stack     0    200053b0    00000200     UNINITIALIZED
                  200053b0    00000004     rtsv7M4_T_le_v4SPD16_eabi.lib : boot_cortex_m.c.obj (.stack)
                  200053b4    000001fc     --HOLE--

MODULE SUMMARY

       Module                         code    ro data   rw data
       ------                         ----    -------   -------
    .\
       main.obj                       1048    0         14433  
       send_float.obj                 288     0         6404   
       tm4c123gh6pm_startup_ccs.obj   12      620       0      
       fr_api.obj                     608     8         8      
       encoder_init.obj               280     0         0      
       uart_init.obj                  176     0         0      
       timer_init.obj                 96      0         0      
    +--+------------------------------+-------+---------+---------+
       Total:                         2508    628       20845  
                                                               
    D:/TivaWare_C_Series-2.1.4.178/driverlib/ccs/Debug/driverlib.lib
       interrupt.obj                  172     112       620    
       gpio.obj                       480     144       0      
       sysctl.obj                     324     108       0      
       timer.obj                      264     160       0      
       uart.obj                       242     128       0      
       qei.obj                        86      0         0      
       cpu.obj                        12      0         0      
    +--+------------------------------+-------+---------+---------+
       Total:                         1580    652       620    
                                                               
    D:\CSS\ccs\tools\compiler\ti-cgt-arm_18.12.1.LTS\lib\rtsv7M4_T_le_v4SPD16_eabi.lib
       k_rem_pio2.c.obj               1848    344       0      
       s_cos.c.obj                    1500    0         0      
       s_sin.c.obj                    1476    0         0      
       fd_add_t2.asm.obj              438     0         0      
       k_sin.c.obj                    372     0         0      
       k_cos.c.obj                    364     0         0      
       fd_div_t2.asm.obj              310     0         0      
       s_scalbn.c.obj                 272     0         0      
       fd_cmp_t2.asm.obj              268     0         0      
       fd_mul_t2.asm.obj              252     0         0      
       s_floor.c.obj                  248     0         0      
       memcpy_t2.asm.obj              156     0         0      
       memset_t2.asm.obj              122     0         0      
       fd_tos_t2.asm.obj              110     0         0      
       copy_decompress_lzss.c.obj     104     0         0      
       fd_toi_t2.asm.obj              72      0         0      
       autoinit.c.obj                 68      0         0      
       fs_tod_t2.asm.obj              56      0         0      
       boot_cortex_m.c.obj            52      0         0      
       i_tofd_t2.asm.obj              46      0         0      
       s_copysign.c.obj               26      0         0      
       copy_decompress_none.c.obj     14      0         0      
       copy_zero_init.c.obj           12      0         0      
       errno.c.obj                    8       0         4      
       exit.c.obj                     4       0         0      
       pre_init.c.obj                 4       0         0      
    +--+------------------------------+-------+---------+---------+
       Total:                         8202    344       4      
                                                               
       Stack:                         0       0         512    
       Linker Generated:              0       60        0      
    +--+------------------------------+-------+---------+---------+
       Grand Total:                   12290   1684      21981  


LINKER GENERATED COPY TABLES

__TI_cinit_table @ 00003690 records: 3, size/record: 8, table size: 24
	.bss: load addr=00003678, load size=00000008 bytes, run addr=2000026c, run size=00005141 bytes, compression=zero_init
	.data: load addr=00003680, load size=00000008 bytes, run addr=200055b0, run size=00000030 bytes, compression=lzss
	.vtable: load addr=00003688, load size=00000008 bytes, run addr=20000000, run size=0000026c bytes, compression=zero_init


LINKER GENERATED HANDLER TABLE

__TI_handler_table @ 00003668 records: 3, size/record: 4, table size: 12
	index: 0, handler: __TI_zero_init
	index: 1, handler: __TI_decompress_lzss
	index: 2, handler: __TI_decompress_none


GLOBAL SYMBOLS: SORTED ALPHABETICALLY BY Name 

address   name                          
-------   ----                          
00003271  C$$EXIT                       
000031f9  CPUcpsie                      
00003083  GPIODirModeSet                
0000218b  GPIOPadConfigSet              
00002e25  GPIOPinConfigure              
000030e7  GPIOPinTypeGPIOOutput         
0000315d  GPIOPinTypeQEI                
0000316f  GPIOPinTypeUART               
00002c49  IntEnable                     
00003193  IntMasterEnable               
00002fb9  IntRegister                   
000031b3  QEIConfigure                  
000031c1  QEIDirectionGet               
0000321d  QEIDisable                    
00003227  QEIEnable                     
0000325d  QEIPositionGet                
00003261  QEIPositionSet                
000031a3  QEIVelocityConfigure          
00003231  QEIVelocityEnable             
00003265  QEIVelocityGet                
00003211  ResetISR                      
000024f5  SysCtlClockGet                
00002fed  SysCtlPeripheralEnable        
00001545  Tim_ISR                       
00002d19  TimerConfigure                
00003101  TimerDisable                  
000031cf  TimerEnable                   
00003269  TimerIntClear                 
00003245  TimerIntEnable                
00003119  TimerIntRegister              
00003181  TimerLoadSet                  
00002d79  Timer_init                    
000031dd  UARTCharGetNonBlocking        
0000323b  UARTCharPut                   
00002eb5  UARTConfigSetExpClk           
000030ad  UARTDisable                   
00003149  UARTEnable                    
0000324d  UARTIntEnable                 
00003131  UARTIntRegister               
000015f9  Uart_ISR                      
200055b0  __STACK_END                   
00000200  __STACK_SIZE                  
200055b0  __STACK_TOP                   
00003690  __TI_CINIT_Base               
000036a8  __TI_CINIT_Limit              
00003668  __TI_Handler_Table_Base       
00003674  __TI_Handler_Table_Limit      
00002efd  __TI_auto_init_nobinit_nopinit
00002cb1  __TI_decompress_lzss          
000031eb  __TI_decompress_none          
ffffffff  __TI_pprof_out_hndl           
ffffffff  __TI_prof_data_size           
ffffffff  __TI_prof_data_start          
00000000  __TI_static_base__            
00003205  __TI_zero_init                
00002a55  __aeabi_cdcmpeq               
00002a55  __aeabi_cdcmple               
00002adb  __aeabi_cdrcmple              
00002bdb  __aeabi_d2f                   
00002e6d  __aeabi_d2iz                  
00001bc7  __aeabi_dadd                  
00002055  __aeabi_ddiv                  
00002715  __aeabi_dmul                  
00001bbd  __aeabi_dsub                  
00003255  __aeabi_errno_addr            
00002f81  __aeabi_f2d                   
00003055  __aeabi_i2d                   
00002b61  __aeabi_memclr                
00002b61  __aeabi_memclr4               
00002b61  __aeabi_memclr8               
000029b9  __aeabi_memcpy                
000029b9  __aeabi_memcpy4               
000029b9  __aeabi_memcpy8               
00002b63  __aeabi_memset                
00002b63  __aeabi_memset4               
00002b63  __aeabi_memset8               
ffffffff  __binit__                     
ffffffff  __c_args__                    
00001ee9  __kernel_cos                  
0000026d  __kernel_rem_pio2             
00001d75  __kernel_sin                  
UNDEFED   __mpu_init                    
200053b0  __stack                       
00003021  _c_int00_noargs               
UNDEFED   _system_post_cinit            
0000326d  _system_pre_init              
00003271  abort                         
ffffffff  binit                         
000030cd  copysign                      
000030cd  copysignl                     
000009a5  cos                           
000009a5  cosl                          
200055c0  disp                          
200055b8  dtheta                        
000023dd  encoder_init                  
200055d8  errno                         
00002811  floor                         
00002811  floorl                        
0000195d  fr_api                        
20000000  g_pfnRAMVectors               
00000000  g_pfnVectors                  
200055b0  lL                            
200055b4  lR                            
00002605  ldexp                         
00002605  ldexpl                        
200055dc  m                             
00001671  main                          
000029b9  memcpy                        
00002b69  memset                        
200055d4  r                             
200055c8  read_ptr                      
200055d0  s                             
00002605  scalbn                        
00002605  scalbnl                       
000022bd  send_float                    
200055cc  send_ptr                      
00000f81  sin                           
00000f81  sinl                          
200053ac  state1                        
2000026c  store                         
200055c4  store_ptr                     
200055bc  theta                         
200040ec  timestamp                     
00002909  uart_init                     
20001b6c  wh1                           
20002e2c  wh2                           
2000472c  x                             
20004d6c  y                             


GLOBAL SYMBOLS: SORTED BY Symbol Address 

address   name                          
-------   ----                          
00000000  __TI_static_base__            
00000000  g_pfnVectors                  
00000200  __STACK_SIZE                  
0000026d  __kernel_rem_pio2             
000009a5  cos                           
000009a5  cosl                          
00000f81  sin                           
00000f81  sinl                          
00001545  Tim_ISR                       
000015f9  Uart_ISR                      
00001671  main                          
0000195d  fr_api                        
00001bbd  __aeabi_dsub                  
00001bc7  __aeabi_dadd                  
00001d75  __kernel_sin                  
00001ee9  __kernel_cos                  
00002055  __aeabi_ddiv                  
0000218b  GPIOPadConfigSet              
000022bd  send_float                    
000023dd  encoder_init                  
000024f5  SysCtlClockGet                
00002605  ldexp                         
00002605  ldexpl                        
00002605  scalbn                        
00002605  scalbnl                       
00002715  __aeabi_dmul                  
00002811  floor                         
00002811  floorl                        
00002909  uart_init                     
000029b9  __aeabi_memcpy                
000029b9  __aeabi_memcpy4               
000029b9  __aeabi_memcpy8               
000029b9  memcpy                        
00002a55  __aeabi_cdcmpeq               
00002a55  __aeabi_cdcmple               
00002adb  __aeabi_cdrcmple              
00002b61  __aeabi_memclr                
00002b61  __aeabi_memclr4               
00002b61  __aeabi_memclr8               
00002b63  __aeabi_memset                
00002b63  __aeabi_memset4               
00002b63  __aeabi_memset8               
00002b69  memset                        
00002bdb  __aeabi_d2f                   
00002c49  IntEnable                     
00002cb1  __TI_decompress_lzss          
00002d19  TimerConfigure                
00002d79  Timer_init                    
00002e25  GPIOPinConfigure              
00002e6d  __aeabi_d2iz                  
00002eb5  UARTConfigSetExpClk           
00002efd  __TI_auto_init_nobinit_nopinit
00002f81  __aeabi_f2d                   
00002fb9  IntRegister                   
00002fed  SysCtlPeripheralEnable        
00003021  _c_int00_noargs               
00003055  __aeabi_i2d                   
00003083  GPIODirModeSet                
000030ad  UARTDisable                   
000030cd  copysign                      
000030cd  copysignl                     
000030e7  GPIOPinTypeGPIOOutput         
00003101  TimerDisable                  
00003119  TimerIntRegister              
00003131  UARTIntRegister               
00003149  UARTEnable                    
0000315d  GPIOPinTypeQEI                
0000316f  GPIOPinTypeUART               
00003181  TimerLoadSet                  
00003193  IntMasterEnable               
000031a3  QEIVelocityConfigure          
000031b3  QEIConfigure                  
000031c1  QEIDirectionGet               
000031cf  TimerEnable                   
000031dd  UARTCharGetNonBlocking        
000031eb  __TI_decompress_none          
000031f9  CPUcpsie                      
00003205  __TI_zero_init                
00003211  ResetISR                      
0000321d  QEIDisable                    
00003227  QEIEnable                     
00003231  QEIVelocityEnable             
0000323b  UARTCharPut                   
00003245  TimerIntEnable                
0000324d  UARTIntEnable                 
00003255  __aeabi_errno_addr            
0000325d  QEIPositionGet                
00003261  QEIPositionSet                
00003265  QEIVelocityGet                
00003269  TimerIntClear                 
0000326d  _system_pre_init              
00003271  C$$EXIT                       
00003271  abort                         
00003668  __TI_Handler_Table_Base       
00003674  __TI_Handler_Table_Limit      
00003690  __TI_CINIT_Base               
000036a8  __TI_CINIT_Limit              
20000000  g_pfnRAMVectors               
2000026c  store                         
20001b6c  wh1                           
20002e2c  wh2                           
200040ec  timestamp                     
2000472c  x                             
20004d6c  y                             
200053ac  state1                        
200053b0  __stack                       
200055b0  __STACK_END                   
200055b0  __STACK_TOP                   
200055b0  lL                            
200055b4  lR                            
200055b8  dtheta                        
200055bc  theta                         
200055c0  disp                          
200055c4  store_ptr                     
200055c8  read_ptr                      
200055cc  send_ptr                      
200055d0  s                             
200055d4  r                             
200055d8  errno                         
200055dc  m                             
ffffffff  __TI_pprof_out_hndl           
ffffffff  __TI_prof_data_size           
ffffffff  __TI_prof_data_start          
ffffffff  __binit__                     
ffffffff  __c_args__                    
ffffffff  binit                         
UNDEFED   __mpu_init                    
UNDEFED   _system_post_cinit            

[128 symbols]
